../Middlewares/Third_Party/AL94_USB_Composite/COMPOSITE/App/usbd_cdc_acm_if.c:307:15:CDC_DeInit	0	static
../Middlewares/Third_Party/AL94_USB_Composite/COMPOSITE/App/usbd_cdc_acm_if.c:452:15:CDC_TransmitCplt	0	static
../Middlewares/Third_Party/AL94_USB_Composite/COMPOSITE/App/usbd_cdc_acm_if.c:284:15:CDC_Init	8	static
../Middlewares/Third_Party/AL94_USB_Composite/COMPOSITE/App/usbd_cdc_acm_if.c:420:15:CDC_Receive	16	static
../Middlewares/Third_Party/AL94_USB_Composite/COMPOSITE/App/usbd_cdc_acm_if.c:327:15:CDC_Control	4	static
../Middlewares/Third_Party/AL94_USB_Composite/COMPOSITE/App/usbd_cdc_acm_if.c:468:9:CDC_Transmit	16	static
