Archive member included to satisfy reference by file (symbol)

c:/st/stm32cubeide_1.12.1/stm32cubeide/plugins/com.st.stm32cube.ide.mcu.externaltools.gnu-tools-for-stm32.10.3-2021.10.win32_1.0.200.202301161003/tools/bin/../lib/gcc/arm-none-eabi/10.3.1/../../../../arm-none-eabi/lib/thumb/v7e-m+fp/hard\libc_nano.a(lib_a-errno.o)
                              ./Core/Src/syscalls.o (__errno)
c:/st/stm32cubeide_1.12.1/stm32cubeide/plugins/com.st.stm32cube.ide.mcu.externaltools.gnu-tools-for-stm32.10.3-2021.10.win32_1.0.200.202301161003/tools/bin/../lib/gcc/arm-none-eabi/10.3.1/../../../../arm-none-eabi/lib/thumb/v7e-m+fp/hard\libc_nano.a(lib_a-exit.o)
                              c:/st/stm32cubeide_1.12.1/stm32cubeide/plugins/com.st.stm32cube.ide.mcu.externaltools.gnu-tools-for-stm32.10.3-2021.10.win32_1.0.200.202301161003/tools/bin/../lib/gcc/arm-none-eabi/10.3.1/../../../../arm-none-eabi/lib/thumb/v7e-m+fp/hard/crt0.o (exit)
c:/st/stm32cubeide_1.12.1/stm32cubeide/plugins/com.st.stm32cube.ide.mcu.externaltools.gnu-tools-for-stm32.10.3-2021.10.win32_1.0.200.202301161003/tools/bin/../lib/gcc/arm-none-eabi/10.3.1/../../../../arm-none-eabi/lib/thumb/v7e-m+fp/hard\libc_nano.a(lib_a-impure.o)
                              c:/st/stm32cubeide_1.12.1/stm32cubeide/plugins/com.st.stm32cube.ide.mcu.externaltools.gnu-tools-for-stm32.10.3-2021.10.win32_1.0.200.202301161003/tools/bin/../lib/gcc/arm-none-eabi/10.3.1/../../../../arm-none-eabi/lib/thumb/v7e-m+fp/hard\libc_nano.a(lib_a-exit.o) (_global_impure_ptr)
c:/st/stm32cubeide_1.12.1/stm32cubeide/plugins/com.st.stm32cube.ide.mcu.externaltools.gnu-tools-for-stm32.10.3-2021.10.win32_1.0.200.202301161003/tools/bin/../lib/gcc/arm-none-eabi/10.3.1/../../../../arm-none-eabi/lib/thumb/v7e-m+fp/hard\libc_nano.a(lib_a-init.o)
                              c:/st/stm32cubeide_1.12.1/stm32cubeide/plugins/com.st.stm32cube.ide.mcu.externaltools.gnu-tools-for-stm32.10.3-2021.10.win32_1.0.200.202301161003/tools/bin/../lib/gcc/arm-none-eabi/10.3.1/../../../../arm-none-eabi/lib/thumb/v7e-m+fp/hard/crt0.o (__libc_init_array)
c:/st/stm32cubeide_1.12.1/stm32cubeide/plugins/com.st.stm32cube.ide.mcu.externaltools.gnu-tools-for-stm32.10.3-2021.10.win32_1.0.200.202301161003/tools/bin/../lib/gcc/arm-none-eabi/10.3.1/../../../../arm-none-eabi/lib/thumb/v7e-m+fp/hard\libc_nano.a(lib_a-memcpy-stub.o)
                              ./Middlewares/Third_Party/AL94_USB_Composite/COMPOSITE/App/usbd_cdc_acm_if.o (memcpy)
c:/st/stm32cubeide_1.12.1/stm32cubeide/plugins/com.st.stm32cube.ide.mcu.externaltools.gnu-tools-for-stm32.10.3-2021.10.win32_1.0.200.202301161003/tools/bin/../lib/gcc/arm-none-eabi/10.3.1/../../../../arm-none-eabi/lib/thumb/v7e-m+fp/hard\libc_nano.a(lib_a-memset.o)
                              c:/st/stm32cubeide_1.12.1/stm32cubeide/plugins/com.st.stm32cube.ide.mcu.externaltools.gnu-tools-for-stm32.10.3-2021.10.win32_1.0.200.202301161003/tools/bin/../lib/gcc/arm-none-eabi/10.3.1/../../../../arm-none-eabi/lib/thumb/v7e-m+fp/hard/crt0.o (memset)
c:/st/stm32cubeide_1.12.1/stm32cubeide/plugins/com.st.stm32cube.ide.mcu.externaltools.gnu-tools-for-stm32.10.3-2021.10.win32_1.0.200.202301161003/tools/bin/../lib/gcc/arm-none-eabi/10.3.1/../../../../arm-none-eabi/lib/thumb/v7e-m+fp/hard\libc_nano.a(lib_a-snprintf.o)
                              ./Middlewares/Third_Party/AL94_USB_Composite/COMPOSITE/Class/COMPOSITE/Src/usbd_composite.o (snprintf)
c:/st/stm32cubeide_1.12.1/stm32cubeide/plugins/com.st.stm32cube.ide.mcu.externaltools.gnu-tools-for-stm32.10.3-2021.10.win32_1.0.200.202301161003/tools/bin/../lib/gcc/arm-none-eabi/10.3.1/../../../../arm-none-eabi/lib/thumb/v7e-m+fp/hard\libc_nano.a(lib_a-nano-svfprintf.o)
                              c:/st/stm32cubeide_1.12.1/stm32cubeide/plugins/com.st.stm32cube.ide.mcu.externaltools.gnu-tools-for-stm32.10.3-2021.10.win32_1.0.200.202301161003/tools/bin/../lib/gcc/arm-none-eabi/10.3.1/../../../../arm-none-eabi/lib/thumb/v7e-m+fp/hard\libc_nano.a(lib_a-snprintf.o) (_svfprintf_r)
c:/st/stm32cubeide_1.12.1/stm32cubeide/plugins/com.st.stm32cube.ide.mcu.externaltools.gnu-tools-for-stm32.10.3-2021.10.win32_1.0.200.202301161003/tools/bin/../lib/gcc/arm-none-eabi/10.3.1/../../../../arm-none-eabi/lib/thumb/v7e-m+fp/hard\libc_nano.a(lib_a-nano-vfprintf_i.o)
                              c:/st/stm32cubeide_1.12.1/stm32cubeide/plugins/com.st.stm32cube.ide.mcu.externaltools.gnu-tools-for-stm32.10.3-2021.10.win32_1.0.200.202301161003/tools/bin/../lib/gcc/arm-none-eabi/10.3.1/../../../../arm-none-eabi/lib/thumb/v7e-m+fp/hard\libc_nano.a(lib_a-nano-svfprintf.o) (_printf_i)
c:/st/stm32cubeide_1.12.1/stm32cubeide/plugins/com.st.stm32cube.ide.mcu.externaltools.gnu-tools-for-stm32.10.3-2021.10.win32_1.0.200.202301161003/tools/bin/../lib/gcc/arm-none-eabi/10.3.1/../../../../arm-none-eabi/lib/thumb/v7e-m+fp/hard\libc_nano.a(lib_a-memchr.o)
[...]
Memory Configuration

Name             Origin             Length             Attributes
RAM              0x0000000020000000 0x0000000000010000 xrw
FLASH            0x0000000008000000 0x0000000000040000 xr
*default*        0x0000000000000000 0xffffffffffffffff

Linker script and memory map

LOAD c:/st/stm32cubeide_1.12.1/stm32cubeide/plugins/com.st.stm32cube.ide.mcu.externaltools.gnu-tools-for-stm32.10.3-2021.10.win32_1.0.200.202301161003/tools/bin/../lib/gcc/arm-none-eabi/10.3.1/thumb/v7e-m+fp/hard/crti.o
LOAD c:/st/stm32cubeide_1.12.1/stm32cubeide/plugins/com.st.stm32cube.ide.mcu.externaltools.gnu-tools-for-stm32.10.3-2021.10.win32_1.0.200.202301161003/tools/bin/../lib/gcc/arm-none-eabi/10.3.1/thumb/v7e-m+fp/hard/crtbegin.o
LOAD c:/st/stm32cubeide_1.12.1/stm32cubeide/plugins/com.st.stm32cube.ide.mcu.externaltools.gnu-tools-for-stm32.10.3-2021.10.win32_1.0.200.202301161003/tools/bin/../lib/gcc/arm-none-eabi/10.3.1/../../../../arm-none-eabi/lib/thumb/v7e-m+fp/hard/crt0.o
LOAD ./Core/Src/LED.o
LOAD ./Core/Src/button.o
LOAD ./Core/Src/cy8cmbr3116.o
LOAD ./Core/Src/dma.o
LOAD ./Core/Src/freertos.o
LOAD ./Core/Src/gpio.o
LOAD ./Core/Src/i2c.o
LOAD ./Core/Src/main.o
LOAD ./Core/Src/serial.o
LOAD ./Core/Src/slider.o
LOAD ./Core/Src/stm32f4xx_hal_msp.o
LOAD ./Core/Src/stm32f4xx_hal_timebase_tim.o
LOAD ./Core/Src/stm32f4xx_it.o
LOAD ./Core/Src/syscalls.o
LOAD ./Core/Src/sysmem.o
LOAD ./Core/Src/system_stm32f4xx.o
LOAD ./Core/Src/tim.o
LOAD ./Core/Src/usb_otg.o
LOAD ./Core/Startup/startup_stm32f401ccux.o
LOAD ./Drivers/STM32F4xx_HAL_Driver/Src/stm32f4xx_hal.o
LOAD ./Drivers/STM32F4xx_HAL_Driver/Src/stm32f4xx_hal_cortex.o
LOAD ./Drivers/STM32F4xx_HAL_Driver/Src/stm32f4xx_hal_dma.o
LOAD ./Drivers/STM32F4xx_HAL_Driver/Src/stm32f4xx_hal_dma_ex.o
LOAD ./Drivers/STM32F4xx_HAL_Driver/Src/stm32f4xx_hal_exti.o
LOAD ./Drivers/STM32F4xx_HAL_Driver/Src/stm32f4xx_hal_flash.o
LOAD ./Drivers/STM32F4xx_HAL_Driver/Src/stm32f4xx_hal_flash_ex.o
LOAD ./Drivers/STM32F4xx_HAL_Driver/Src/stm32f4xx_hal_flash_ramfunc.o
LOAD ./Drivers/STM32F4xx_HAL_Driver/Src/stm32f4xx_hal_gpio.o
LOAD ./Drivers/STM32F4xx_HAL_Driver/Src/stm32f4xx_hal_i2c.o
LOAD ./Drivers/STM32F4xx_HAL_Driver/Src/stm32f4xx_hal_i2c_ex.o
LOAD ./Drivers/STM32F4xx_HAL_Driver/Src/stm32f4xx_hal_pcd.o
LOAD ./Drivers/STM32F4xx_HAL_Driver/Src/stm32f4xx_hal_pcd_ex.o
LOAD ./Drivers/STM32F4xx_HAL_Driver/Src/stm32f4xx_hal_pwr.o
LOAD ./Drivers/STM32F4xx_HAL_Driver/Src/stm32f4xx_hal_pwr_ex.o
LOAD ./Drivers/STM32F4xx_HAL_Driver/Src/stm32f4xx_hal_rcc.o
LOAD ./Drivers/STM32F4xx_HAL_Driver/Src/stm32f4xx_hal_rcc_ex.o
LOAD ./Drivers/STM32F4xx_HAL_Driver/Src/stm32f4xx_hal_tim.o
LOAD ./Drivers/STM32F4xx_HAL_Driver/Src/stm32f4xx_hal_tim_ex.o
LOAD ./Drivers/STM32F4xx_HAL_Driver/Src/stm32f4xx_ll_usb.o
LOAD ./Middlewares/Third_Party/AL94_USB_Composite/COMPOSITE/App/usb_device.o
LOAD ./Middlewares/Third_Party/AL94_USB_Composite/COMPOSITE/App/usbd_cdc_acm_if.o
LOAD ./Middlewares/Third_Party/AL94_USB_Composite/COMPOSITE/App/usbd_desc.o
LOAD ./Middlewares/Third_Party/AL94_USB_Composite/COMPOSITE/Class/CDC_ACM/Src/usbd_cdc_acm.o
LOAD ./Middlewares/Third_Party/AL94_USB_Composite/COMPOSITE/Class/COMPOSITE/Src/usbd_composite.o
LOAD ./Middlewares/Third_Party/AL94_USB_Composite/COMPOSITE/Core/Src/usbd_core.o
LOAD ./Middlewares/Third_Party/AL94_USB_Composite/COMPOSITE/Core/Src/usbd_ctlreq.o
LOAD ./Middlewares/Third_Party/AL94_USB_Composite/COMPOSITE/Core/Src/usbd_ioreq.o
LOAD ./Middlewares/Third_Party/AL94_USB_Composite/COMPOSITE/Target/usbd_conf.o
LOAD ./Middlewares/Third_Party/FreeRTOS/Source/CMSIS_RTOS_V2/cmsis_os2.o
LOAD ./Middlewares/Third_Party/FreeRTOS/Source/croutine.o
LOAD ./Middlewares/Third_Party/FreeRTOS/Source/event_groups.o
LOAD ./Middlewares/Third_Party/FreeRTOS/Source/list.o
LOAD ./Middlewares/Third_Party/FreeRTOS/Source/queue.o
LOAD ./Middlewares/Third_Party/FreeRTOS/Source/stream_buffer.o
LOAD ./Middlewares/Third_Party/FreeRTOS/Source/tasks.o
LOAD ./Middlewares/Third_Party/FreeRTOS/Source/timers.o
LOAD ./Middlewares/Third_Party/FreeRTOS/Source/portable/GCC/ARM_CM4F/port.o
LOAD ./Middlewares/Third_Party/FreeRTOS/Source/portable/MemMang/heap_4.o
START GROUP
LOAD c:/st/stm32cubeide_1.12.1/stm32cubeide/plugins/com.st.stm32cube.ide.mcu.externaltools.gnu-tools-for-stm32.10.3-2021.10.win32_1.0.200.202301161003/tools/bin/../lib/gcc/arm-none-eabi/10.3.1/../../../../arm-none-eabi/lib/thumb/v7e-m+fp/hard\libc_nano.a
LOAD c:/st/stm32cubeide_1.12.1/stm32cubeide/plugins/com.st.stm32cube.ide.mcu.externaltools.gnu-tools-for-stm32.10.3-2021.10.win32_1.0.200.202301161003/tools/bin/../lib/gcc/arm-none-eabi/10.3.1/../../../../arm-none-eabi/lib/thumb/v7e-m+fp/hard\libm.a
END GROUP
START GROUP
LOAD c:/st/stm32cubeide_1.12.1/stm32cubeide/plugins/com.st.stm32cube.ide.mcu.externaltools.gnu-tools-for-stm32.10.3-2021.10.win32_1.0.200.202301161003/tools/bin/../lib/gcc/arm-none-eabi/10.3.1/thumb/v7e-m+fp/hard\libgcc.a
LOAD c:/st/stm32cubeide_1.12.1/stm32cubeide/plugins/com.st.stm32cube.ide.mcu.externaltools.gnu-tools-for-stm32.10.3-2021.10.win32_1.0.200.202301161003/tools/bin/../lib/gcc/arm-none-eabi/10.3.1/../../../../arm-none-eabi/lib/thumb/v7e-m+fp/hard\libc_nano.a
END GROUP
START GROUP
LOAD c:/st/stm32cubeide_1.12.1/stm32cubeide/plugins/com.st.stm32cube.ide.mcu.externaltools.gnu-tools-for-stm32.10.3-2021.10.win32_1.0.200.202301161003/tools/bin/../lib/gcc/arm-none-eabi/10.3.1/thumb/v7e-m+fp/hard\libgcc.a
LOAD c:/st/stm32cubeide_1.12.1/stm32cubeide/plugins/com.st.stm32cube.ide.mcu.externaltools.gnu-tools-for-stm32.10.3-2021.10.win32_1.0.200.202301161003/tools/bin/../lib/gcc/arm-none-eabi/10.3.1/../../../../arm-none-eabi/lib/thumb/v7e-m+fp/hard\libc_nano.a
LOAD c:/st/stm32cubeide_1.12.1/stm32cubeide/plugins/com.st.stm32cube.ide.mcu.externaltools.gnu-tools-for-stm32.10.3-2021.10.win32_1.0.200.202301161003/tools/bin/../lib/gcc/arm-none-eabi/10.3.1/../../../../arm-none-eabi/lib/thumb/v7e-m+fp/hard\libnosys.a
END GROUP
START GROUP
LOAD c:/st/stm32cubeide_1.12.1/stm32cubeide/plugins/com.st.stm32cube.ide.mcu.externaltools.gnu-tools-for-stm32.10.3-2021.10.win32_1.0.200.202301161003/tools/bin/../lib/gcc/arm-none-eabi/10.3.1/thumb/v7e-m+fp/hard\libgcc.a
LOAD c:/st/stm32cubeide_1.12.1/stm32cubeide/plugins/com.st.stm32cube.ide.mcu.externaltools.gnu-tools-for-stm32.10.3-2021.10.win32_1.0.200.202301161003/tools/bin/../lib/gcc/arm-none-eabi/10.3.1/../../../../arm-none-eabi/lib/thumb/v7e-m+fp/hard\libc_nano.a
LOAD c:/st/stm32cubeide_1.12.1/stm32cubeide/plugins/com.st.stm32cube.ide.mcu.externaltools.gnu-tools-for-stm32.10.3-2021.10.win32_1.0.200.202301161003/tools/bin/../lib/gcc/arm-none-eabi/10.3.1/../../../../arm-none-eabi/lib/thumb/v7e-m+fp/hard\libnosys.a
END GROUP
LOAD c:/st/stm32cubeide_1.12.1/stm32cubeide/plugins/com.st.stm32cube.ide.mcu.externaltools.gnu-tools-for-stm32.10.3-2021.10.win32_1.0.200.202301161003/tools/bin/../lib/gcc/arm-none-eabi/10.3.1/thumb/v7e-m+fp/hard/crtend.o
LOAD c:/st/stm32cubeide_1.12.1/stm32cubeide/plugins/com.st.stm32cube.ide.mcu.externaltools.gnu-tools-for-stm32.10.3-2021.10.win32_1.0.200.202301161003/tools/bin/../lib/gcc/arm-none-eabi/10.3.1/thumb/v7e-m+fp/hard/crtn.o
                0x0000000020010000                _estack = (ORIGIN (RAM) + LENGTH (RAM))
                0x0000000000000200                _Min_Heap_Size = 0x200
                0x0000000000000400                _Min_Stack_Size = 0x400

.isr_vector     0x0000000008000000      0x194
                0x0000000008000000                . = ALIGN (0x4)
 *(.isr_vector)
 .isr_vector    0x0000000008000000      0x194 ./Core/Startup/startup_stm32f401ccux.o
                0x0000000008000000                g_pfnVectors
                0x0000000008000194                . = ALIGN (0x4)

.text           0x00000000080001a0     0x70f0
                0x00000000080001a0                . = ALIGN (0x4)
 *(.text)
 .text          0x00000000080001a0       0x40 c:/st/stm32cubeide_1.12.1/stm32cubeide/plugins/com.st.stm32cube.ide.mcu.externaltools.gnu-tools-for-stm32.10.3-2021.10.win32_1.0.200.202301161003/tools/bin/../lib/gcc/arm-none-eabi/10.3.1/thumb/v7e-m+fp/hard/crtbegin.o
 .text          0x00000000080001e0       0xa0 c:/st/stm32cubeide_1.12.1/stm32cubeide/plugins/com.st.stm32cube.ide.mcu.externaltools.gnu-tools-for-stm32.10.3-2021.10.win32_1.0.200.202301161003/tools/bin/../lib/gcc/arm-none-eabi/10.3.1/../../../../arm-none-eabi/lib/thumb/v7e-m+fp/hard\libc_nano.a(lib_a-memchr.o)
                0x00000000080001e0                memchr
 .text          0x0000000008000280       0x30 c:/st/stm32cubeide_1.12.1/stm32cubeide/plugins/com.st.stm32cube.ide.mcu.externaltools.gnu-tools-for-stm32.10.3-2021.10.win32_1.0.200.202301161003/tools/bin/../lib/gcc/arm-none-eabi/10.3.1/thumb/v7e-m+fp/hard\libgcc.a(_aeabi_uldivmod.o)
                0x0000000008000280                __aeabi_uldivmod
 .text          0x00000000080002b0      0x2d0 c:/st/stm32cubeide_1.12.1/stm32cubeide/plugins/com.st.stm32cube.ide.mcu.externaltools.gnu-tools-for-stm32.10.3-2021.10.win32_1.0.200.202301161003/tools/bin/../lib/gcc/arm-none-eabi/10.3.1/thumb/v7e-m+fp/hard\libgcc.a(_udivmoddi4.o)
                0x00000000080002b0                __udivmoddi4
 .text          0x0000000008000580        0x4 c:/st/stm32cubeide_1.12.1/stm32cubeide/plugins/com.st.stm32cube.ide.mcu.externaltools.gnu-tools-for-stm32.10.3-2021.10.win32_1.0.200.202301161003/tools/bin/../lib/gcc/arm-none-eabi/10.3.1/thumb/v7e-m+fp/hard\libgcc.a(_dvmd_tls.o)
                0x0000000008000580                __aeabi_idiv0
                0x0000000008000580                __aeabi_ldiv0
 *(.text*)
 .text.LED_set  0x0000000008000584       0x1c ./Core/Src/LED.o
                0x0000000008000584                LED_set
 .text.LED_refresh
                0x00000000080005a0       0xa8 ./Core/Src/LED.o
                0x00000000080005a0                LED_refresh
 .text.button_scan
                0x0000000008000648       0xec ./Core/Src/button.o
                0x0000000008000648                button_scan
 .text.key_scan
                0x0000000008000734       0xc8 ./Core/Src/cy8cmbr3116.o
                0x0000000008000734                key_scan
 .text.Sensor_softRST
                0x00000000080007fc       0x24 ./Core/Src/cy8cmbr3116.o
                0x00000000080007fc                Sensor_softRST
 .text.Sensor_Cfg
                0x0000000008000820       0xcc ./Core/Src/cy8cmbr3116.o
                0x0000000008000820                Sensor_Cfg
 .text.MX_DMA_Init
                0x00000000080008ec       0x34 ./Core/Src/dma.o
                0x00000000080008ec                MX_DMA_Init
 .text.StartDefaultTask
                0x0000000008000920       0xf8 ./Core/Src/freertos.o
                0x0000000008000920                StartDefaultTask
 .text.StartTask02
                0x0000000008000a18       0x3c ./Core/Src/freertos.o
                0x0000000008000a18                StartTask02
 .text.StartTask03
                0x0000000008000a54      0x354 ./Core/Src/freertos.o
                0x0000000008000a54                StartTask03
 .text.StartTask04
                0x0000000008000da8      0x128 ./Core/Src/freertos.o
                0x0000000008000da8                StartTask04
 .text.MX_FREERTOS_Init
                0x0000000008000ed0       0x6c ./Core/Src/freertos.o
                0x0000000008000ed0                MX_FREERTOS_Init
 .text.MX_GPIO_Init
                0x0000000008000f3c       0xc0 ./Core/Src/gpio.o
                0x0000000008000f3c                MX_GPIO_Init
 .text.MX_I2C1_Init
                0x0000000008000ffc       0x3c ./Core/Src/i2c.o
                0x0000000008000ffc                MX_I2C1_Init
 .text.MX_I2C2_Init
                0x0000000008001038       0x3c ./Core/Src/i2c.o
                0x0000000008001038                MX_I2C2_Init
 .text.MX_I2C3_Init
                0x0000000008001074       0x3c ./Core/Src/i2c.o
                0x0000000008001074                MX_I2C3_Init
 .text.HAL_I2C_MspInit
                0x00000000080010b0      0x158 ./Core/Src/i2c.o
                0x00000000080010b0                HAL_I2C_MspInit
 .text.SystemClock_Config
                0x0000000008001208       0xac ./Core/Src/main.o
                0x0000000008001208                SystemClock_Config
 .text.startup.main
                0x00000000080012b4       0x5c ./Core/Src/main.o
                0x00000000080012b4                main
 .text.HAL_TIM_PeriodElapsedCallback
                0x0000000008001310       0x14 ./Core/Src/main.o
                0x0000000008001310                HAL_TIM_PeriodElapsedCallback
 .text.Error_Handler
                0x0000000008001324        0x4 ./Core/Src/main.o
                0x0000000008001324                Error_Handler
 .text.HAL_MspInit
                0x0000000008001328       0x40 ./Core/Src/stm32f4xx_hal_msp.o
                0x0000000008001328                HAL_MspInit
 .text.HAL_InitTick
                0x0000000008001368       0x90 ./Core/Src/stm32f4xx_hal_timebase_tim.o
                0x0000000008001368                HAL_InitTick
 .text.NMI_Handler
                0x00000000080013f8        0x8 ./Core/Src/stm32f4xx_it.o
                0x00000000080013f8                NMI_Handler
 .text.HardFault_Handler
                0x0000000008001400        0x2 ./Core/Src/stm32f4xx_it.o
                0x0000000008001400                HardFault_Handler
 .text.MemManage_Handler
                0x0000000008001402        0x2 ./Core/Src/stm32f4xx_it.o
                0x0000000008001402                MemManage_Handler
 .text.BusFault_Handler
                0x0000000008001404        0x2 ./Core/Src/stm32f4xx_it.o
                0x0000000008001404                BusFault_Handler
 .text.UsageFault_Handler
                0x0000000008001406        0x2 ./Core/Src/stm32f4xx_it.o
                0x0000000008001406                UsageFault_Handler
 .text.DebugMon_Handler
                0x0000000008001408        0x2 ./Core/Src/stm32f4xx_it.o
                0x0000000008001408                DebugMon_Handler
 *fill*         0x000000000800140a        0x2 
 .text.DMA1_Stream5_IRQHandler
                0x000000000800140c        0xc ./Core/Src/stm32f4xx_it.o
                0x000000000800140c                DMA1_Stream5_IRQHandler
 .text.TIM1_UP_TIM10_IRQHandler
                0x0000000008001418        0xc ./Core/Src/stm32f4xx_it.o
                0x0000000008001418                TIM1_UP_TIM10_IRQHandler
 .text._sbrk    0x0000000008001424       0x40 ./Core/Src/sysmem.o
                0x0000000008001424                _sbrk
 .text.SystemInit
                0x0000000008001464       0x14 ./Core/Src/system_stm32f4xx.o
                0x0000000008001464                SystemInit
 .text.MX_TIM5_Init
                0x0000000008001478       0x68 ./Core/Src/tim.o
                0x0000000008001478                MX_TIM5_Init
 .text.HAL_TIM_PWM_MspInit
                0x00000000080014e0       0xb8 ./Core/Src/tim.o
                0x00000000080014e0                HAL_TIM_PWM_MspInit
 .text.HAL_TIM_Base_MspInit
                0x0000000008001598       0x30 ./Core/Src/tim.o
                0x0000000008001598                HAL_TIM_Base_MspInit
 .text.HAL_TIM_MspPostInit
                0x00000000080015c8       0xac ./Core/Src/tim.o
                0x00000000080015c8                HAL_TIM_MspPostInit
 .text.MX_TIM2_Init
                0x0000000008001674       0x6c ./Core/Src/tim.o
                0x0000000008001674                MX_TIM2_Init
 .text.MX_TIM3_Init
                0x00000000080016e0       0x70 ./Core/Src/tim.o
                0x00000000080016e0                MX_TIM3_Init
 .text.MX_TIM4_Init
                0x0000000008001750       0x80 ./Core/Src/tim.o
                0x0000000008001750                MX_TIM4_Init
 .text.MX_USB_OTG_FS_PCD_Init
                0x00000000080017d0       0x38 ./Core/Src/usb_otg.o
                0x00000000080017d0                MX_USB_OTG_FS_PCD_Init
 .text.HAL_PCD_MspInit
                0x0000000008001808       0x74 ./Core/Src/usb_otg.o
                0x0000000008001808                HAL_PCD_MspInit
 .text.Reset_Handler
                0x000000000800187c       0x50 ./Core/Startup/startup_stm32f401ccux.o
                0x000000000800187c                Reset_Handler
 .text.Default_Handler
                0x00000000080018cc        0x2 ./Core/Startup/startup_stm32f401ccux.o
                0x00000000080018cc                RTC_Alarm_IRQHandler
                0x00000000080018cc                EXTI2_IRQHandler
                0x00000000080018cc                SPI4_IRQHandler
                0x00000000080018cc                TIM1_CC_IRQHandler
                0x00000000080018cc                DMA2_Stream5_IRQHandler
                0x00000000080018cc                PVD_IRQHandler
                0x00000000080018cc                SDIO_IRQHandler
                0x00000000080018cc                TAMP_STAMP_IRQHandler
                0x00000000080018cc                EXTI3_IRQHandler
                0x00000000080018cc                I2C3_ER_IRQHandler
                0x00000000080018cc                EXTI0_IRQHandler
                0x00000000080018cc                I2C2_EV_IRQHandler
                0x00000000080018cc                DMA1_Stream2_IRQHandler
                0x00000000080018cc                FPU_IRQHandler
                0x00000000080018cc                DMA2_Stream2_IRQHandler
                0x00000000080018cc                SPI1_IRQHandler
                0x00000000080018cc                TIM1_BRK_TIM9_IRQHandler
                0x00000000080018cc                DMA2_Stream3_IRQHandler
                0x00000000080018cc                USART6_IRQHandler
                0x00000000080018cc                DMA2_Stream0_IRQHandler
                0x00000000080018cc                TIM4_IRQHandler
                0x00000000080018cc                I2C1_EV_IRQHandler
                0x00000000080018cc                DMA1_Stream6_IRQHandler
                0x00000000080018cc                DMA1_Stream1_IRQHandler
                0x00000000080018cc                TIM3_IRQHandler
                0x00000000080018cc                RCC_IRQHandler
                0x00000000080018cc                Default_Handler
                0x00000000080018cc                EXTI15_10_IRQHandler
                0x00000000080018cc                ADC_IRQHandler
                0x00000000080018cc                DMA1_Stream7_IRQHandler
                0x00000000080018cc                TIM5_IRQHandler
                0x00000000080018cc                DMA2_Stream7_IRQHandler
                0x00000000080018cc                I2C3_EV_IRQHandler
                0x00000000080018cc                EXTI9_5_IRQHandler
                0x00000000080018cc                RTC_WKUP_IRQHandler
                0x00000000080018cc                SPI2_IRQHandler
                0x00000000080018cc                DMA1_Stream0_IRQHandler
                0x00000000080018cc                EXTI4_IRQHandler
                0x00000000080018cc                WWDG_IRQHandler
                0x00000000080018cc                TIM2_IRQHandler
                0x00000000080018cc                OTG_FS_WKUP_IRQHandler
                0x00000000080018cc                TIM1_TRG_COM_TIM11_IRQHandler
                0x00000000080018cc                EXTI1_IRQHandler
                0x00000000080018cc                USART2_IRQHandler
                0x00000000080018cc                I2C2_ER_IRQHandler
                0x00000000080018cc                DMA2_Stream1_IRQHandler
                0x00000000080018cc                FLASH_IRQHandler
                0x00000000080018cc                DMA2_Stream4_IRQHandler
                0x00000000080018cc                USART1_IRQHandler
                0x00000000080018cc                OTG_FS_IRQHandler
                0x00000000080018cc                SPI3_IRQHandler
                0x00000000080018cc                DMA1_Stream4_IRQHandler
                0x00000000080018cc                I2C1_ER_IRQHandler
                0x00000000080018cc                DMA2_Stream6_IRQHandler
                0x00000000080018cc                DMA1_Stream3_IRQHandler
 *fill*         0x00000000080018ce        0x2 
 .text.HAL_Init
                0x00000000080018d0       0x34 ./Drivers/STM32F4xx_HAL_Driver/Src/stm32f4xx_hal.o
                0x00000000080018d0                HAL_Init
 .text.HAL_IncTick
                0x0000000008001904       0x18 ./Drivers/STM32F4xx_HAL_Driver/Src/stm32f4xx_hal.o
                0x0000000008001904                HAL_IncTick
 .text.HAL_GetTick
                0x000000000800191c        0xc ./Drivers/STM32F4xx_HAL_Driver/Src/stm32f4xx_hal.o
                0x000000000800191c                HAL_GetTick
 .text.HAL_Delay
                0x0000000008001928       0x28 ./Drivers/STM32F4xx_HAL_Driver/Src/stm32f4xx_hal.o
                0x0000000008001928                HAL_Delay
 .text.HAL_NVIC_SetPriorityGrouping
                0x0000000008001950       0x24 ./Drivers/STM32F4xx_HAL_Driver/Src/stm32f4xx_hal_cortex.o
                0x0000000008001950                HAL_NVIC_SetPriorityGrouping
 .text.HAL_NVIC_SetPriority
                0x0000000008001974       0x64 ./Drivers/STM32F4xx_HAL_Driver/Src/stm32f4xx_hal_cortex.o
                0x0000000008001974                HAL_NVIC_SetPriority
 .text.HAL_NVIC_EnableIRQ
                0x00000000080019d8       0x1c ./Drivers/STM32F4xx_HAL_Driver/Src/stm32f4xx_hal_cortex.o
                0x00000000080019d8                HAL_NVIC_EnableIRQ
 .text.DMA_CalcBaseAndBitshift
                0x00000000080019f4       0x2c ./Drivers/STM32F4xx_HAL_Driver/Src/stm32f4xx_hal_dma.o
 .text.HAL_DMA_Init
                0x0000000008001a20      0x100 ./Drivers/STM32F4xx_HAL_Driver/Src/stm32f4xx_hal_dma.o
                0x0000000008001a20                HAL_DMA_Init
 .text.HAL_DMA_Start_IT
                0x0000000008001b20       0x74 ./Drivers/STM32F4xx_HAL_Driver/Src/stm32f4xx_hal_dma.o
                0x0000000008001b20                HAL_DMA_Start_IT
 .text.HAL_DMA_IRQHandler
                0x0000000008001b94      0x17c ./Drivers/STM32F4xx_HAL_Driver/Src/stm32f4xx_hal_dma.o
                0x0000000008001b94                HAL_DMA_IRQHandler
 .text.HAL_GPIO_Init
                0x0000000008001d10      0x190 ./Drivers/STM32F4xx_HAL_Driver/Src/stm32f4xx_hal_gpio.o
                0x0000000008001d10                HAL_GPIO_Init
 .text.HAL_GPIO_ReadPin
                0x0000000008001ea0        0xc ./Drivers/STM32F4xx_HAL_Driver/Src/stm32f4xx_hal_gpio.o
                0x0000000008001ea0                HAL_GPIO_ReadPin
 .text.HAL_GPIO_WritePin
                0x0000000008001eac        0xa ./Drivers/STM32F4xx_HAL_Driver/Src/stm32f4xx_hal_gpio.o
                0x0000000008001eac                HAL_GPIO_WritePin
 .text.I2C_IsAcknowledgeFailed
                0x0000000008001eb6       0x34 ./Drivers/STM32F4xx_HAL_Driver/Src/stm32f4xx_hal_i2c.o
 .text.I2C_WaitOnFlagUntilTimeout
                0x0000000008001eea       0x64 ./Drivers/STM32F4xx_HAL_Driver/Src/stm32f4xx_hal_i2c.o
 .text.I2C_WaitOnMasterAddressFlagUntilTimeout
                0x0000000008001f4e       0x76 ./Drivers/STM32F4xx_HAL_Driver/Src/stm32f4xx_hal_i2c.o
 .text.I2C_WaitOnRXNEFlagUntilTimeout
                0x0000000008001fc4       0x5e ./Drivers/STM32F4xx_HAL_Driver/Src/stm32f4xx_hal_i2c.o
 .text.I2C_WaitOnBTFFlagUntilTimeout
                0x0000000008002022       0x4c ./Drivers/STM32F4xx_HAL_Driver/Src/stm32f4xx_hal_i2c.o
 .text.I2C_WaitOnTXEFlagUntilTimeout
                0x000000000800206e       0x4c ./Drivers/STM32F4xx_HAL_Driver/Src/stm32f4xx_hal_i2c.o
 *fill*         0x00000000080020ba        0x2 
 .text.I2C_RequestMemoryWrite
                0x00000000080020bc       0xb0 ./Drivers/STM32F4xx_HAL_Driver/Src/stm32f4xx_hal_i2c.o
 .text.I2C_RequestMemoryRead
                0x000000000800216c      0x104 ./Drivers/STM32F4xx_HAL_Driver/Src/stm32f4xx_hal_i2c.o
 .text.HAL_I2C_Init
                0x0000000008002270      0x150 ./Drivers/STM32F4xx_HAL_Driver/Src/stm32f4xx_hal_i2c.o
                0x0000000008002270                HAL_I2C_Init
 .text.HAL_I2C_Mem_Write
                0x00000000080023c0      0x120 ./Drivers/STM32F4xx_HAL_Driver/Src/stm32f4xx_hal_i2c.o
                0x00000000080023c0                HAL_I2C_Mem_Write
 .text.HAL_I2C_Mem_Read
                0x00000000080024e0      0x210 ./Drivers/STM32F4xx_HAL_Driver/Src/stm32f4xx_hal_i2c.o
                0x00000000080024e0                HAL_I2C_Mem_Read
 .text.HAL_PCD_Init
                0x00000000080026f0      0x10a ./Drivers/STM32F4xx_HAL_Driver/Src/stm32f4xx_hal_pcd.o
                0x00000000080026f0                HAL_PCD_Init
 .text.HAL_PCD_Start
                0x00000000080027fa       0x3e ./Drivers/STM32F4xx_HAL_Driver/Src/stm32f4xx_hal_pcd.o
                0x00000000080027fa                HAL_PCD_Start
 .text.HAL_PCD_EP_Open
                0x0000000008002838       0x70 ./Drivers/STM32F4xx_HAL_Driver/Src/stm32f4xx_hal_pcd.o
                0x0000000008002838                HAL_PCD_EP_Open
 .text.HAL_PCD_EP_Close
                0x00000000080028a8       0x5e ./Drivers/STM32F4xx_HAL_Driver/Src/stm32f4xx_hal_pcd.o
                0x00000000080028a8                HAL_PCD_EP_Close
 .text.HAL_PCD_EP_Receive
                0x0000000008002906       0x48 ./Drivers/STM32F4xx_HAL_Driver/Src/stm32f4xx_hal_pcd.o
                0x0000000008002906                HAL_PCD_EP_Receive
 .text.HAL_PCD_EP_GetRxCount
                0x000000000800294e       0x10 ./Drivers/STM32F4xx_HAL_Driver/Src/stm32f4xx_hal_pcd.o
                0x000000000800294e                HAL_PCD_EP_GetRxCount
 .text.HAL_PCD_EP_Transmit
                0x000000000800295e       0x40 ./Drivers/STM32F4xx_HAL_Driver/Src/stm32f4xx_hal_pcd.o
                0x000000000800295e                HAL_PCD_EP_Transmit
 .text.HAL_PCD_EP_SetStall
                0x000000000800299e       0x70 ./Drivers/STM32F4xx_HAL_Driver/Src/stm32f4xx_hal_pcd.o
                0x000000000800299e                HAL_PCD_EP_SetStall
 .text.HAL_PCDEx_SetTxFiFo
                0x0000000008002a0e       0x40 ./Drivers/STM32F4xx_HAL_Driver/Src/stm32f4xx_hal_pcd_ex.o
                0x0000000008002a0e                HAL_PCDEx_SetTxFiFo
 .text.HAL_PCDEx_SetRxFiFo
                0x0000000008002a4e        0x8 ./Drivers/STM32F4xx_HAL_Driver/Src/stm32f4xx_hal_pcd_ex.o
                0x0000000008002a4e                HAL_PCDEx_SetRxFiFo
 *fill*         0x0000000008002a56        0x2 
 .text.HAL_RCC_OscConfig
                0x0000000008002a58      0x360 ./Drivers/STM32F4xx_HAL_Driver/Src/stm32f4xx_hal_rcc.o
                0x0000000008002a58                HAL_RCC_OscConfig
 .text.HAL_RCC_EnableCSS
                0x0000000008002db8        0xc ./Drivers/STM32F4xx_HAL_Driver/Src/stm32f4xx_hal_rcc.o
                0x0000000008002db8                HAL_RCC_EnableCSS
 .text.HAL_RCC_GetSysClockFreq
                0x0000000008002dc4       0x5c ./Drivers/STM32F4xx_HAL_Driver/Src/stm32f4xx_hal_rcc.o
                0x0000000008002dc4                HAL_RCC_GetSysClockFreq
 .text.HAL_RCC_ClockConfig
                0x0000000008002e20      0x138 ./Drivers/STM32F4xx_HAL_Driver/Src/stm32f4xx_hal_rcc.o
                0x0000000008002e20                HAL_RCC_ClockConfig
 .text.HAL_RCC_GetPCLK1Freq
                0x0000000008002f58       0x20 ./Drivers/STM32F4xx_HAL_Driver/Src/stm32f4xx_hal_rcc.o
                0x0000000008002f58                HAL_RCC_GetPCLK1Freq
 .text.HAL_RCC_GetPCLK2Freq
                0x0000000008002f78       0x20 ./Drivers/STM32F4xx_HAL_Driver/Src/stm32f4xx_hal_rcc.o
                0x0000000008002f78                HAL_RCC_GetPCLK2Freq
 .text.HAL_RCC_GetClockConfig
                0x0000000008002f98       0x3c ./Drivers/STM32F4xx_HAL_Driver/Src/stm32f4xx_hal_rcc.o
                0x0000000008002f98                HAL_RCC_GetClockConfig
 .text.HAL_RCC_CSSCallback
                0x0000000008002fd4        0x2 ./Drivers/STM32F4xx_HAL_Driver/Src/stm32f4xx_hal_rcc.o
                0x0000000008002fd4                HAL_RCC_CSSCallback
 *fill*         0x0000000008002fd6        0x2 
 .text.HAL_RCC_NMI_IRQHandler
                0x0000000008002fd8       0x18 ./Drivers/STM32F4xx_HAL_Driver/Src/stm32f4xx_hal_rcc.o
                0x0000000008002fd8                HAL_RCC_NMI_IRQHandler
 .text.TIM_OC1_SetConfig
                0x0000000008002ff0       0x50 ./Drivers/STM32F4xx_HAL_Driver/Src/stm32f4xx_hal_tim.o
 .text.TIM_OC3_SetConfig
                0x0000000008003040       0x54 ./Drivers/STM32F4xx_HAL_Driver/Src/stm32f4xx_hal_tim.o
 .text.TIM_OC4_SetConfig
                0x0000000008003094       0x44 ./Drivers/STM32F4xx_HAL_Driver/Src/stm32f4xx_hal_tim.o
 .text.HAL_TIM_Base_Start_IT
                0x00000000080030d8       0x64 ./Drivers/STM32F4xx_HAL_Driver/Src/stm32f4xx_hal_tim.o
                0x00000000080030d8                HAL_TIM_Base_Start_IT
 .text.HAL_TIM_OC_DelayElapsedCallback
                0x000000000800313c        0x2 ./Drivers/STM32F4xx_HAL_Driver/Src/stm32f4xx_hal_tim.o
                0x000000000800313c                HAL_TIM_OC_DelayElapsedCallback
 .text.HAL_TIM_IC_CaptureCallback
                0x000000000800313e        0x2 ./Drivers/STM32F4xx_HAL_Driver/Src/stm32f4xx_hal_tim.o
                0x000000000800313e                HAL_TIM_IC_CaptureCallback
 .text.HAL_TIM_PWM_PulseFinishedCallback
                0x0000000008003140        0x2 ./Drivers/STM32F4xx_HAL_Driver/Src/stm32f4xx_hal_tim.o
                0x0000000008003140                HAL_TIM_PWM_PulseFinishedCallback
 .text.TIM_DMADelayPulseCplt
                0x0000000008003142       0x6a ./Drivers/STM32F4xx_HAL_Driver/Src/stm32f4xx_hal_tim.o
 .text.HAL_TIM_PWM_PulseFinishedHalfCpltCallback
                0x00000000080031ac        0x2 ./Drivers/STM32F4xx_HAL_Driver/Src/stm32f4xx_hal_tim.o
                0x00000000080031ac                HAL_TIM_PWM_PulseFinishedHalfCpltCallback
 .text.TIM_DMADelayPulseHalfCplt
                0x00000000080031ae       0x38 ./Drivers/STM32F4xx_HAL_Driver/Src/stm32f4xx_hal_tim.o
                0x00000000080031ae                TIM_DMADelayPulseHalfCplt
 .text.HAL_TIM_TriggerCallback
                0x00000000080031e6        0x2 ./Drivers/STM32F4xx_HAL_Driver/Src/stm32f4xx_hal_tim.o
                0x00000000080031e6                HAL_TIM_TriggerCallback
 .text.HAL_TIM_IRQHandler
                0x00000000080031e8      0x144 ./Drivers/STM32F4xx_HAL_Driver/Src/stm32f4xx_hal_tim.o
                0x00000000080031e8                HAL_TIM_IRQHandler
 .text.HAL_TIM_ErrorCallback
                0x000000000800332c        0x2 ./Drivers/STM32F4xx_HAL_Driver/Src/stm32f4xx_hal_tim.o
                0x000000000800332c                HAL_TIM_ErrorCallback
 .text.TIM_DMAError
                0x000000000800332e       0x58 ./Drivers/STM32F4xx_HAL_Driver/Src/stm32f4xx_hal_tim.o
                0x000000000800332e                TIM_DMAError
 *fill*         0x0000000008003386        0x2 
 .text.TIM_Base_SetConfig
                0x0000000008003388       0x9c ./Drivers/STM32F4xx_HAL_Driver/Src/stm32f4xx_hal_tim.o
                0x0000000008003388                TIM_Base_SetConfig
 .text.HAL_TIM_Base_Init
                0x0000000008003424       0x58 ./Drivers/STM32F4xx_HAL_Driver/Src/stm32f4xx_hal_tim.o
                0x0000000008003424                HAL_TIM_Base_Init
 .text.HAL_TIM_PWM_Init
                0x000000000800347c       0x58 ./Drivers/STM32F4xx_HAL_Driver/Src/stm32f4xx_hal_tim.o
                0x000000000800347c                HAL_TIM_PWM_Init
 .text.TIM_OC2_SetConfig
                0x00000000080034d4       0x58 ./Drivers/STM32F4xx_HAL_Driver/Src/stm32f4xx_hal_tim.o
                0x00000000080034d4                TIM_OC2_SetConfig
 .text.HAL_TIM_PWM_ConfigChannel
                0x000000000800352c       0xb8 ./Drivers/STM32F4xx_HAL_Driver/Src/stm32f4xx_hal_tim.o
                0x000000000800352c                HAL_TIM_PWM_ConfigChannel
 .text.TIM_ETR_SetConfig
                0x00000000080035e4       0x14 ./Drivers/STM32F4xx_HAL_Driver/Src/stm32f4xx_hal_tim.o
                0x00000000080035e4                TIM_ETR_SetConfig
 .text.HAL_TIM_ConfigClockSource
                0x00000000080035f8      0x138 ./Drivers/STM32F4xx_HAL_Driver/Src/stm32f4xx_hal_tim.o
                0x00000000080035f8                HAL_TIM_ConfigClockSource
 .text.TIM_CCxChannelCmd
                0x0000000008003730       0x1c ./Drivers/STM32F4xx_HAL_Driver/Src/stm32f4xx_hal_tim.o
                0x0000000008003730                TIM_CCxChannelCmd
 .text.HAL_TIM_OC_Start
                0x000000000800374c       0xb4 ./Drivers/STM32F4xx_HAL_Driver/Src/stm32f4xx_hal_tim.o
                0x000000000800374c                HAL_TIM_OC_Start
 .text.HAL_TIM_PWM_Start
                0x0000000008003800        0x4 ./Drivers/STM32F4xx_HAL_Driver/Src/stm32f4xx_hal_tim.o
                0x0000000008003800                HAL_TIM_PWM_Start
 .text.HAL_TIM_OC_Start_DMA
                0x0000000008003804      0x1a8 ./Drivers/STM32F4xx_HAL_Driver/Src/stm32f4xx_hal_tim.o
                0x0000000008003804                HAL_TIM_OC_Start_DMA
 .text.HAL_TIM_PWM_Start_DMA
                0x00000000080039ac        0x4 ./Drivers/STM32F4xx_HAL_Driver/Src/stm32f4xx_hal_tim.o
                0x00000000080039ac                HAL_TIM_PWM_Start_DMA
 .text.HAL_TIMEx_MasterConfigSynchronization
                0x00000000080039b0       0x6c ./Drivers/STM32F4xx_HAL_Driver/Src/stm32f4xx_hal_tim_ex.o
                0x00000000080039b0                HAL_TIMEx_MasterConfigSynchronization
 .text.HAL_TIMEx_CommutCallback
                0x0000000008003a1c        0x2 ./Drivers/STM32F4xx_HAL_Driver/Src/stm32f4xx_hal_tim_ex.o
                0x0000000008003a1c                HAL_TIMEx_CommutCallback
 .text.HAL_TIMEx_BreakCallback
                0x0000000008003a1e        0x2 ./Drivers/STM32F4xx_HAL_Driver/Src/stm32f4xx_hal_tim_ex.o
                0x0000000008003a1e                HAL_TIMEx_BreakCallback
 .text.USB_CoreReset
                0x0000000008003a20       0x4c ./Drivers/STM32F4xx_HAL_Driver/Src/stm32f4xx_ll_usb.o
 .text.USB_CoreInit
                0x0000000008003a6c       0x80 ./Drivers/STM32F4xx_HAL_Driver/Src/stm32f4xx_ll_usb.o
                0x0000000008003a6c                USB_CoreInit
 .text.USB_EnableGlobalInt
                0x0000000008003aec        0xc ./Drivers/STM32F4xx_HAL_Driver/Src/stm32f4xx_ll_usb.o
                0x0000000008003aec                USB_EnableGlobalInt
 .text.USB_DisableGlobalInt
                0x0000000008003af8        0xc ./Drivers/STM32F4xx_HAL_Driver/Src/stm32f4xx_ll_usb.o
                0x0000000008003af8                USB_DisableGlobalInt
 .text.USB_SetCurrentMode
                0x0000000008003b04       0x60 ./Drivers/STM32F4xx_HAL_Driver/Src/stm32f4xx_ll_usb.o
                0x0000000008003b04                USB_SetCurrentMode
 .text.USB_FlushTxFifo
                0x0000000008003b64       0x4c ./Drivers/STM32F4xx_HAL_Driver/Src/stm32f4xx_ll_usb.o
                0x0000000008003b64                USB_FlushTxFifo
 .text.USB_FlushRxFifo
                0x0000000008003bb0       0x48 ./Drivers/STM32F4xx_HAL_Driver/Src/stm32f4xx_ll_usb.o
                0x0000000008003bb0                USB_FlushRxFifo
 .text.USB_SetDevSpeed
                0x0000000008003bf8        0xe ./Drivers/STM32F4xx_HAL_Driver/Src/stm32f4xx_ll_usb.o
                0x0000000008003bf8                USB_SetDevSpeed
 *fill*         0x0000000008003c06        0x2 
 .text.USB_DevInit
                0x0000000008003c08      0x170 ./Drivers/STM32F4xx_HAL_Driver/Src/stm32f4xx_ll_usb.o
                0x0000000008003c08                USB_DevInit
 .text.USB_ActivateEndpoint
                0x0000000008003d78       0x7c ./Drivers/STM32F4xx_HAL_Driver/Src/stm32f4xx_ll_usb.o
                0x0000000008003d78                USB_ActivateEndpoint
 .text.USB_DeactivateEndpoint
                0x0000000008003df4       0xac ./Drivers/STM32F4xx_HAL_Driver/Src/stm32f4xx_ll_usb.o
                0x0000000008003df4                USB_DeactivateEndpoint
 .text.USB_EP0StartXfer
                0x0000000008003ea0       0xf8 ./Drivers/STM32F4xx_HAL_Driver/Src/stm32f4xx_ll_usb.o
                0x0000000008003ea0                USB_EP0StartXfer
 .text.USB_WritePacket
                0x0000000008003f98       0x26 ./Drivers/STM32F4xx_HAL_Driver/Src/stm32f4xx_ll_usb.o
                0x0000000008003f98                USB_WritePacket
 *fill*         0x0000000008003fbe        0x2 
 .text.USB_EPStartXfer
                0x0000000008003fc0      0x1d8 ./Drivers/STM32F4xx_HAL_Driver/Src/stm32f4xx_ll_usb.o
                0x0000000008003fc0                USB_EPStartXfer
 .text.USB_EPSetStall
                0x0000000008004198       0x56 ./Drivers/STM32F4xx_HAL_Driver/Src/stm32f4xx_ll_usb.o
                0x0000000008004198                USB_EPSetStall
 .text.USB_DevConnect
                0x00000000080041ee       0x1c ./Drivers/STM32F4xx_HAL_Driver/Src/stm32f4xx_ll_usb.o
                0x00000000080041ee                USB_DevConnect
 .text.USB_DevDisconnect
                0x000000000800420a       0x1c ./Drivers/STM32F4xx_HAL_Driver/Src/stm32f4xx_ll_usb.o
                0x000000000800420a                USB_DevDisconnect
 *fill*         0x0000000008004226        0x2 
 .text.USB_EP0_OutStart
                0x0000000008004228       0x4c ./Drivers/STM32F4xx_HAL_Driver/Src/stm32f4xx_ll_usb.o
                0x0000000008004228                USB_EP0_OutStart
 .text.MX_USB_DEVICE_Init
                0x0000000008004274       0x54 ./Middlewares/Third_Party/AL94_USB_Composite/COMPOSITE/App/usb_device.o
                0x0000000008004274                MX_USB_DEVICE_Init
 .text.CDC_DeInit
                0x00000000080042c8        0x4 ./Middlewares/Third_Party/AL94_USB_Composite/COMPOSITE/App/usbd_cdc_acm_if.o
 .text.CDC_Control
                0x00000000080042cc       0x5c ./Middlewares/Third_Party/AL94_USB_Composite/COMPOSITE/App/usbd_cdc_acm_if.o
 .text.CDC_TransmitCplt
                0x0000000008004328        0x4 ./Middlewares/Third_Party/AL94_USB_Composite/COMPOSITE/App/usbd_cdc_acm_if.o
 .text.CDC_Init
                0x000000000800432c       0x1c ./Middlewares/Third_Party/AL94_USB_Composite/COMPOSITE/App/usbd_cdc_acm_if.o
 .text.CDC_Receive
                0x0000000008004348       0x74 ./Middlewares/Third_Party/AL94_USB_Composite/COMPOSITE/App/usbd_cdc_acm_if.o
 .text.CDC_Transmit
                0x00000000080043bc       0x38 ./Middlewares/Third_Party/AL94_USB_Composite/COMPOSITE/App/usbd_cdc_acm_if.o
                0x00000000080043bc                CDC_Transmit
 .text.USBD_DeviceDescriptor
                0x00000000080043f4        0xc ./Middlewares/Third_Party/AL94_USB_Composite/COMPOSITE/App/usbd_desc.o
                0x00000000080043f4                USBD_DeviceDescriptor
 .text.USBD_LangIDStrDescriptor
                0x0000000008004400        0xc ./Middlewares/Third_Party/AL94_USB_Composite/COMPOSITE/App/usbd_desc.o
                0x0000000008004400                USBD_LangIDStrDescriptor
 .text.IntToUnicode
                0x000000000800440c       0x2a ./Middlewares/Third_Party/AL94_USB_Composite/COMPOSITE/App/usbd_desc.o
 *fill*         0x0000000008004436        0x2 
 .text.USBD_SerialStrDescriptor
                0x0000000008004438       0x3c ./Middlewares/Third_Party/AL94_USB_Composite/COMPOSITE/App/usbd_desc.o
                0x0000000008004438                USBD_SerialStrDescriptor
 .text.USBD_ManufacturerStrDescriptor
                0x0000000008004474       0x1c ./Middlewares/Third_Party/AL94_USB_Composite/COMPOSITE/App/usbd_desc.o
                0x0000000008004474                USBD_ManufacturerStrDescriptor
 .text.USBD_ProductStrDescriptor
                0x0000000008004490       0x1c ./Middlewares/Third_Party/AL94_USB_Composite/COMPOSITE/App/usbd_desc.o
                0x0000000008004490                USBD_ProductStrDescriptor
 .text.USBD_ConfigStrDescriptor
                0x00000000080044ac       0x1c ./Middlewares/Third_Party/AL94_USB_Composite/COMPOSITE/App/usbd_desc.o
                0x00000000080044ac                USBD_ConfigStrDescriptor
 .text.USBD_InterfaceStrDescriptor
                0x00000000080044c8       0x1c ./Middlewares/Third_Party/AL94_USB_Composite/COMPOSITE/App/usbd_desc.o
                0x00000000080044c8                USBD_InterfaceStrDescriptor
 .text.USBD_CDC_EP0_RxReady
                0x00000000080044e4       0x48 ./Middlewares/Third_Party/AL94_USB_Composite/COMPOSITE/Class/CDC_ACM/Src/usbd_cdc_acm.o
 .text.USBD_CDC_GetFSCfgDesc
                0x000000000800452c        0xc ./Middlewares/Third_Party/AL94_USB_Composite/COMPOSITE/Class/CDC_ACM/Src/usbd_cdc_acm.o
 .text.USBD_CDC_GetHSCfgDesc
                0x0000000008004538        0xc ./Middlewares/Third_Party/AL94_USB_Composite/COMPOSITE/Class/CDC_ACM/Src/usbd_cdc_acm.o
 .text.USBD_CDC_GetDeviceQualifierDescriptor
                0x0000000008004544        0xc ./Middlewares/Third_Party/AL94_USB_Composite/COMPOSITE/Class/CDC_ACM/Src/usbd_cdc_acm.o
 .text.USBD_CDC_DataOut
                0x0000000008004550       0x58 ./Middlewares/Third_Party/AL94_USB_Composite/COMPOSITE/Class/CDC_ACM/Src/usbd_cdc_acm.o
 .text.USBD_CDC_DataIn
                0x00000000080045a8       0x90 ./Middlewares/Third_Party/AL94_USB_Composite/COMPOSITE/Class/CDC_ACM/Src/usbd_cdc_acm.o
 .text.USBD_CDC_Setup
                0x0000000008004638      0x130 ./Middlewares/Third_Party/AL94_USB_Composite/COMPOSITE/Class/CDC_ACM/Src/usbd_cdc_acm.o
 .text.USBD_CDC_DeInit
                0x0000000008004768       0x88 ./Middlewares/Third_Party/AL94_USB_Composite/COMPOSITE/Class/CDC_ACM/Src/usbd_cdc_acm.o
 .text.USBD_CDC_Init
                0x00000000080047f0      0x114 ./Middlewares/Third_Party/AL94_USB_Composite/COMPOSITE/Class/CDC_ACM/Src/usbd_cdc_acm.o
 .text.USBD_CDC_GetOtherSpeedCfgDesc
                0x0000000008004904        0xc ./Middlewares/Third_Party/AL94_USB_Composite/COMPOSITE/Class/CDC_ACM/Src/usbd_cdc_acm.o
 .text.USBD_CDC_ACM_RegisterInterface
                0x0000000008004910        0xe ./Middlewares/Third_Party/AL94_USB_Composite/COMPOSITE/Class/CDC_ACM/Src/usbd_cdc_acm.o
                0x0000000008004910                USBD_CDC_ACM_RegisterInterface
 *fill*         0x000000000800491e        0x2 
 .text.USBD_CDC_SetTxBuffer
                0x0000000008004920       0x1c ./Middlewares/Third_Party/AL94_USB_Composite/COMPOSITE/Class/CDC_ACM/Src/usbd_cdc_acm.o
                0x0000000008004920                USBD_CDC_SetTxBuffer
 .text.USBD_CDC_SetRxBuffer
                0x000000000800493c       0x18 ./Middlewares/Third_Party/AL94_USB_Composite/COMPOSITE/Class/CDC_ACM/Src/usbd_cdc_acm.o
                0x000000000800493c                USBD_CDC_SetRxBuffer
 .text.USBD_CDC_TransmitPacket
                0x0000000008004954       0x48 ./Middlewares/Third_Party/AL94_USB_Composite/COMPOSITE/Class/CDC_ACM/Src/usbd_cdc_acm.o
                0x0000000008004954                USBD_CDC_TransmitPacket
 .text.USBD_CDC_ReceivePacket
                0x000000000800499c       0x34 ./Middlewares/Third_Party/AL94_USB_Composite/COMPOSITE/Class/CDC_ACM/Src/usbd_cdc_acm.o
                0x000000000800499c                USBD_CDC_ReceivePacket
 .text.USBD_Update_CDC_ACM_DESC
                0x00000000080049d0       0xb8 ./Middlewares/Third_Party/AL94_USB_Composite/COMPOSITE/Class/CDC_ACM/Src/usbd_cdc_acm.o
                0x00000000080049d0                USBD_Update_CDC_ACM_DESC
 .text.USBD_COMPOSITE_Init
                0x0000000008004a88       0x10 ./Middlewares/Third_Party/AL94_USB_Composite/COMPOSITE/Class/COMPOSITE/Src/usbd_composite.o
 .text.USBD_COMPOSITE_DeInit
                0x0000000008004a98       0x10 ./Middlewares/Third_Party/AL94_USB_Composite/COMPOSITE/Class/COMPOSITE/Src/usbd_composite.o
 .text.USBD_COMPOSITE_EP0_RxReady
                0x0000000008004aa8       0x10 ./Middlewares/Third_Party/AL94_USB_Composite/COMPOSITE/Class/COMPOSITE/Src/usbd_composite.o
 .text.USBD_COMPOSITE_EP0_TxReady
                0x0000000008004ab8        0x4 ./Middlewares/Third_Party/AL94_USB_Composite/COMPOSITE/Class/COMPOSITE/Src/usbd_composite.o
 .text.USBD_COMPOSITE_IsoINIncomplete
                0x0000000008004abc        0x4 ./Middlewares/Third_Party/AL94_USB_Composite/COMPOSITE/Class/COMPOSITE/Src/usbd_composite.o
 .text.USBD_COMPOSITE_GetHSCfgDesc
                0x0000000008004ac0        0xc ./Middlewares/Third_Party/AL94_USB_Composite/COMPOSITE/Class/COMPOSITE/Src/usbd_composite.o
 .text.USBD_COMPOSITE_GetFSCfgDesc
                0x0000000008004acc        0xc ./Middlewares/Third_Party/AL94_USB_Composite/COMPOSITE/Class/COMPOSITE/Src/usbd_composite.o
 .text.USBD_COMPOSITE_GetDeviceQualifierDesc
                0x0000000008004ad8        0xc ./Middlewares/Third_Party/AL94_USB_Composite/COMPOSITE/Class/COMPOSITE/Src/usbd_composite.o
 .text.USBD_COMPOSITE_GetUsrStringDesc
                0x0000000008004ae4       0x68 ./Middlewares/Third_Party/AL94_USB_Composite/COMPOSITE/Class/COMPOSITE/Src/usbd_composite.o
 .text.USBD_COMPOSITE_Setup
                0x0000000008004b4c       0x3c ./Middlewares/Third_Party/AL94_USB_Composite/COMPOSITE/Class/COMPOSITE/Src/usbd_composite.o
 .text.USBD_COMPOSITE_DataIn
                0x0000000008004b88       0x44 ./Middlewares/Third_Party/AL94_USB_Composite/COMPOSITE/Class/COMPOSITE/Src/usbd_composite.o
 .text.USBD_COMPOSITE_DataOut
                0x0000000008004bcc       0x28 ./Middlewares/Third_Party/AL94_USB_Composite/COMPOSITE/Class/COMPOSITE/Src/usbd_composite.o
 .text.USBD_COMPOSITE_IsoOutIncomplete
                0x0000000008004bf4        0x4 ./Middlewares/Third_Party/AL94_USB_Composite/COMPOSITE/Class/COMPOSITE/Src/usbd_composite.o
 .text.USBD_COMPOSITE_SOF
                0x0000000008004bf8        0x4 ./Middlewares/Third_Party/AL94_USB_Composite/COMPOSITE/Class/COMPOSITE/Src/usbd_composite.o
 .text.USBD_COMPOSITE_GetOtherSpeedCfgDesc
                0x0000000008004bfc        0xc ./Middlewares/Third_Party/AL94_USB_Composite/COMPOSITE/Class/COMPOSITE/Src/usbd_composite.o
 .text.USBD_COMPOSITE_Mount_Class
                0x0000000008004c08       0xd4 ./Middlewares/Third_Party/AL94_USB_Composite/COMPOSITE/Class/COMPOSITE/Src/usbd_composite.o
                0x0000000008004c08                USBD_COMPOSITE_Mount_Class
 .text.USBD_Init
                0x0000000008004cdc       0x22 ./Middlewares/Third_Party/AL94_USB_Composite/COMPOSITE/Core/Src/usbd_core.o
                0x0000000008004cdc                USBD_Init
 .text.USBD_RegisterClass
                0x0000000008004cfe       0x40 ./Middlewares/Third_Party/AL94_USB_Composite/COMPOSITE/Core/Src/usbd_core.o
                0x0000000008004cfe                USBD_RegisterClass
 .text.USBD_Start
                0x0000000008004d3e        0x4 ./Middlewares/Third_Party/AL94_USB_Composite/COMPOSITE/Core/Src/usbd_core.o
                0x0000000008004d3e                USBD_Start
 .text.USBD_CtlError
                0x0000000008004d42       0x16 ./Middlewares/Third_Party/AL94_USB_Composite/COMPOSITE/Core/Src/usbd_ctlreq.o
                0x0000000008004d42                USBD_CtlError
 .text.USBD_GetString
                0x0000000008004d58       0x38 ./Middlewares/Third_Party/AL94_USB_Composite/COMPOSITE/Core/Src/usbd_ctlreq.o
                0x0000000008004d58                USBD_GetString
 .text.USBD_CtlSendData
                0x0000000008004d90       0x1a ./Middlewares/Third_Party/AL94_USB_Composite/COMPOSITE/Core/Src/usbd_ioreq.o
                0x0000000008004d90                USBD_CtlSendData
 .text.USBD_CtlPrepareRx
                0x0000000008004daa       0x1a ./Middlewares/Third_Party/AL94_USB_Composite/COMPOSITE/Core/Src/usbd_ioreq.o
                0x0000000008004daa                USBD_CtlPrepareRx
 .text.HAL_PCDEx_SetTxFiFoInBytes
                0x0000000008004dc4        0x6 ./Middlewares/Third_Party/AL94_USB_Composite/COMPOSITE/Target/usbd_conf.o
                0x0000000008004dc4                HAL_PCDEx_SetTxFiFoInBytes
 .text.HAL_PCDEx_SetRxFiFoInBytes
                0x0000000008004dca        0x6 ./Middlewares/Third_Party/AL94_USB_Composite/COMPOSITE/Target/usbd_conf.o
                0x0000000008004dca                HAL_PCDEx_SetRxFiFoInBytes
 .text.USBD_LL_Init
                0x0000000008004dd0       0x6c ./Middlewares/Third_Party/AL94_USB_Composite/COMPOSITE/Target/usbd_conf.o
                0x0000000008004dd0                USBD_LL_Init
 .text.USBD_LL_GetRxDataSize
                0x0000000008004e3c        0x8 ./Middlewares/Third_Party/AL94_USB_Composite/COMPOSITE/Target/usbd_conf.o
                0x0000000008004e3c                USBD_LL_GetRxDataSize
 .text.USBD_Get_USB_Status
                0x0000000008004e44       0x10 ./Middlewares/Third_Party/AL94_USB_Composite/COMPOSITE/Target/usbd_conf.o
                0x0000000008004e44                USBD_Get_USB_Status
 .text.USBD_LL_Start
                0x0000000008004e54       0x12 ./Middlewares/Third_Party/AL94_USB_Composite/COMPOSITE/Target/usbd_conf.o
                0x0000000008004e54                USBD_LL_Start
 .text.USBD_LL_OpenEP
                0x0000000008004e66       0x18 ./Middlewares/Third_Party/AL94_USB_Composite/COMPOSITE/Target/usbd_conf.o
                0x0000000008004e66                USBD_LL_OpenEP
 .text.USBD_LL_CloseEP
                0x0000000008004e7e       0x12 ./Middlewares/Third_Party/AL94_USB_Composite/COMPOSITE/Target/usbd_conf.o
                0x0000000008004e7e                USBD_LL_CloseEP
 .text.USBD_LL_StallEP
                0x0000000008004e90       0x12 ./Middlewares/Third_Party/AL94_USB_Composite/COMPOSITE/Target/usbd_conf.o
                0x0000000008004e90                USBD_LL_StallEP
 .text.USBD_LL_Transmit
                0x0000000008004ea2       0x12 ./Middlewares/Third_Party/AL94_USB_Composite/COMPOSITE/Target/usbd_conf.o
                0x0000000008004ea2                USBD_LL_Transmit
 .text.USBD_LL_PrepareReceive
                0x0000000008004eb4       0x12 ./Middlewares/Third_Party/AL94_USB_Composite/COMPOSITE/Target/usbd_conf.o
                0x0000000008004eb4                USBD_LL_PrepareReceive
 .text.SysTick_Handler
                0x0000000008004ec6       0x1a ./Middlewares/Third_Party/FreeRTOS/Source/CMSIS_RTOS_V2/cmsis_os2.o
                0x0000000008004ec6                SysTick_Handler
 .text.osKernelInitialize
                0x0000000008004ee0       0x24 ./Middlewares/Third_Party/FreeRTOS/Source/CMSIS_RTOS_V2/cmsis_os2.o
                0x0000000008004ee0                osKernelInitialize
 .text.osKernelStart
                0x0000000008004f04       0x34 ./Middlewares/Third_Party/FreeRTOS/Source/CMSIS_RTOS_V2/cmsis_os2.o
                0x0000000008004f04                osKernelStart
 .text.osThreadNew
                0x0000000008004f38       0x92 ./Middlewares/Third_Party/FreeRTOS/Source/CMSIS_RTOS_V2/cmsis_os2.o
                0x0000000008004f38                osThreadNew
 .text.osDelay  0x0000000008004fca       0x18 ./Middlewares/Third_Party/FreeRTOS/Source/CMSIS_RTOS_V2/cmsis_os2.o
                0x0000000008004fca                osDelay
 *fill*         0x0000000008004fe2        0x2 
 .text.vApplicationGetIdleTaskMemory
                0x0000000008004fe4       0x18 ./Middlewares/Third_Party/FreeRTOS/Source/CMSIS_RTOS_V2/cmsis_os2.o
                0x0000000008004fe4                vApplicationGetIdleTaskMemory
 .text.vApplicationGetTimerTaskMemory
                0x0000000008004ffc       0x18 ./Middlewares/Third_Party/FreeRTOS/Source/CMSIS_RTOS_V2/cmsis_os2.o
                0x0000000008004ffc                vApplicationGetTimerTaskMemory
 .text.vListInitialise
                0x0000000008005014       0x16 ./Middlewares/Third_Party/FreeRTOS/Source/list.o
                0x0000000008005014                vListInitialise
 .text.vListInitialiseItem
                0x000000000800502a        0x6 ./Middlewares/Third_Party/FreeRTOS/Source/list.o
                0x000000000800502a                vListInitialiseItem
 .text.vListInsertEnd
                0x0000000008005030       0x18 ./Middlewares/Third_Party/FreeRTOS/Source/list.o
                0x0000000008005030                vListInsertEnd
 .text.vListInsert
                0x0000000008005048       0x2e ./Middlewares/Third_Party/FreeRTOS/Source/list.o
                0x0000000008005048                vListInsert
 .text.uxListRemove
                0x0000000008005076       0x20 ./Middlewares/Third_Party/FreeRTOS/Source/list.o
                0x0000000008005076                uxListRemove
 .text.prvIsQueueEmpty
                0x0000000008005096       0x16 ./Middlewares/Third_Party/FreeRTOS/Source/queue.o
 .text.prvCopyDataToQueue
                0x00000000080050ac       0x6a ./Middlewares/Third_Party/FreeRTOS/Source/queue.o
 .text.prvCopyDataFromQueue
                0x0000000008005116       0x2c ./Middlewares/Third_Party/FreeRTOS/Source/queue.o
 .text.prvUnlockQueue
                0x0000000008005142       0x70 ./Middlewares/Third_Party/FreeRTOS/Source/queue.o
 .text.xQueueGenericReset
                0x00000000080051b2       0x7e ./Middlewares/Third_Party/FreeRTOS/Source/queue.o
                0x00000000080051b2                xQueueGenericReset
 .text.xQueueGenericCreateStatic
                0x0000000008005230       0x9c ./Middlewares/Third_Party/FreeRTOS/Source/queue.o
                0x0000000008005230                xQueueGenericCreateStatic
 .text.xQueueGenericSend
                0x00000000080052cc      0x166 ./Middlewares/Third_Party/FreeRTOS/Source/queue.o
                0x00000000080052cc                xQueueGenericSend
 .text.xQueueGenericSendFromISR
                0x0000000008005432       0xc4 ./Middlewares/Third_Party/FreeRTOS/Source/queue.o
                0x0000000008005432                xQueueGenericSendFromISR
 .text.xQueueReceive
                0x00000000080054f6      0x13e ./Middlewares/Third_Party/FreeRTOS/Source/queue.o
                0x00000000080054f6                xQueueReceive
 .text.vQueueAddToRegistry
                0x0000000008005634       0x24 ./Middlewares/Third_Party/FreeRTOS/Source/queue.o
                0x0000000008005634                vQueueAddToRegistry
 .text.vQueueWaitForMessageRestricted
                0x0000000008005658       0x46 ./Middlewares/Third_Party/FreeRTOS/Source/queue.o
                0x0000000008005658                vQueueWaitForMessageRestricted
 *fill*         0x000000000800569e        0x2 
 .text.prvAddNewTaskToReadyList
                0x00000000080056a0      0x100 ./Middlewares/Third_Party/FreeRTOS/Source/tasks.o
 .text.prvAddCurrentTaskToDelayedList
                0x00000000080057a0       0x70 ./Middlewares/Third_Party/FreeRTOS/Source/tasks.o
 .text.prvResetNextTaskUnblockTime
                0x0000000008005810       0x24 ./Middlewares/Third_Party/FreeRTOS/Source/tasks.o
 .text.prvDeleteTCB
                0x0000000008005834       0x36 ./Middlewares/Third_Party/FreeRTOS/Source/tasks.o
 *fill*         0x000000000800586a        0x2 
 .text.prvIdleTask
                0x000000000800586c       0x60 ./Middlewares/Third_Party/FreeRTOS/Source/tasks.o
 .text.prvInitialiseNewTask.constprop.0
                0x00000000080058cc       0x9a ./Middlewares/Third_Party/FreeRTOS/Source/tasks.o
 .text.xTaskCreateStatic
                0x0000000008005966       0x70 ./Middlewares/Third_Party/FreeRTOS/Source/tasks.o
                0x0000000008005966                xTaskCreateStatic
 .text.xTaskCreate
                0x00000000080059d6       0x5a ./Middlewares/Third_Party/FreeRTOS/Source/tasks.o
                0x00000000080059d6                xTaskCreate
 .text.vTaskStartScheduler
                0x0000000008005a30       0x8c ./Middlewares/Third_Party/FreeRTOS/Source/tasks.o
                0x0000000008005a30                vTaskStartScheduler
 .text.vTaskSuspendAll
                0x0000000008005abc       0x10 ./Middlewares/Third_Party/FreeRTOS/Source/tasks.o
                0x0000000008005abc                vTaskSuspendAll
 .text.xTaskGetTickCount
                0x0000000008005acc        0xc ./Middlewares/Third_Party/FreeRTOS/Source/tasks.o
                0x0000000008005acc                xTaskGetTickCount
 .text.xTaskIncrementTick
                0x0000000008005ad8      0x12c ./Middlewares/Third_Party/FreeRTOS/Source/tasks.o
                0x0000000008005ad8                xTaskIncrementTick
 .text.xTaskResumeAll
                0x0000000008005c04       0xe8 ./Middlewares/Third_Party/FreeRTOS/Source/tasks.o
                0x0000000008005c04                xTaskResumeAll
 .text.vTaskDelay
                0x0000000008005cec       0x48 ./Middlewares/Third_Party/FreeRTOS/Source/tasks.o
                0x0000000008005cec                vTaskDelay
 .text.vTaskSwitchContext
                0x0000000008005d34       0x74 ./Middlewares/Third_Party/FreeRTOS/Source/tasks.o
                0x0000000008005d34                vTaskSwitchContext
 .text.vTaskPlaceOnEventList
                0x0000000008005da8       0x34 ./Middlewares/Third_Party/FreeRTOS/Source/tasks.o
                0x0000000008005da8                vTaskPlaceOnEventList
 .text.vTaskPlaceOnEventListRestricted
                0x0000000008005ddc       0x3c ./Middlewares/Third_Party/FreeRTOS/Source/tasks.o
                0x0000000008005ddc                vTaskPlaceOnEventListRestricted
 .text.xTaskRemoveFromEventList
                0x0000000008005e18       0x88 ./Middlewares/Third_Party/FreeRTOS/Source/tasks.o
                0x0000000008005e18                xTaskRemoveFromEventList
 .text.vTaskInternalSetTimeOutState
                0x0000000008005ea0       0x18 ./Middlewares/Third_Party/FreeRTOS/Source/tasks.o
                0x0000000008005ea0                vTaskInternalSetTimeOutState
 .text.xTaskCheckForTimeOut
                0x0000000008005eb8       0x78 ./Middlewares/Third_Party/FreeRTOS/Source/tasks.o
                0x0000000008005eb8                xTaskCheckForTimeOut
 .text.vTaskMissedYield
                0x0000000008005f30        0xc ./Middlewares/Third_Party/FreeRTOS/Source/tasks.o
                0x0000000008005f30                vTaskMissedYield
 .text.xTaskGetSchedulerState
                0x0000000008005f3c       0x20 ./Middlewares/Third_Party/FreeRTOS/Source/tasks.o
                0x0000000008005f3c                xTaskGetSchedulerState
 .text.xTaskPriorityDisinherit
                0x0000000008005f5c       0x88 ./Middlewares/Third_Party/FreeRTOS/Source/tasks.o
                0x0000000008005f5c                xTaskPriorityDisinherit
 .text.prvCheckForValidListAndQueue
                0x0000000008005fe4       0x68 ./Middlewares/Third_Party/FreeRTOS/Source/timers.o
 .text.prvInsertTimerInActiveList
                0x000000000800604c       0x3c ./Middlewares/Third_Party/FreeRTOS/Source/timers.o
 .text.xTimerCreateTimerTask
                0x0000000008006088       0x64 ./Middlewares/Third_Party/FreeRTOS/Source/timers.o
                0x0000000008006088                xTimerCreateTimerTask
 .text.xTimerGenericCommand
                0x00000000080060ec       0x58 ./Middlewares/Third_Party/FreeRTOS/Source/timers.o
                0x00000000080060ec                xTimerGenericCommand
 .text.prvSampleTimeNow
                0x0000000008006144       0xac ./Middlewares/Third_Party/FreeRTOS/Source/timers.o
 .text.prvTimerTask
                0x00000000080061f0      0x1cc ./Middlewares/Third_Party/FreeRTOS/Source/timers.o
 .text.prvPortStartFirstTask
                0x00000000080063bc       0x28 ./Middlewares/Third_Party/FreeRTOS/Source/portable/GCC/ARM_CM4F/port.o
 .text.vPortEnableVFP
                0x00000000080063e4       0x14 ./Middlewares/Third_Party/FreeRTOS/Source/portable/GCC/ARM_CM4F/port.o
 .text.prvTaskExitError
                0x00000000080063f8       0x40 ./Middlewares/Third_Party/FreeRTOS/Source/portable/GCC/ARM_CM4F/port.o
 .text.pxPortInitialiseStack
                0x0000000008006438       0x2c ./Middlewares/Third_Party/FreeRTOS/Source/portable/GCC/ARM_CM4F/port.o
                0x0000000008006438                pxPortInitialiseStack
 *fill*         0x0000000008006464        0xc 
 .text.SVC_Handler
                0x0000000008006470       0x24 ./Middlewares/Third_Party/FreeRTOS/Source/portable/GCC/ARM_CM4F/port.o
                0x0000000008006470                SVC_Handler
 .text.vPortEnterCritical
                0x0000000008006494       0x40 ./Middlewares/Third_Party/FreeRTOS/Source/portable/GCC/ARM_CM4F/port.o
                0x0000000008006494                vPortEnterCritical
 .text.vPortExitCritical
                0x00000000080064d4       0x28 ./Middlewares/Third_Party/FreeRTOS/Source/portable/GCC/ARM_CM4F/port.o
                0x00000000080064d4                vPortExitCritical
 *fill*         0x00000000080064fc        0x4 
 .text.PendSV_Handler
                0x0000000008006500       0x64 ./Middlewares/Third_Party/FreeRTOS/Source/portable/GCC/ARM_CM4F/port.o
                0x0000000008006500                PendSV_Handler
 .text.xPortSysTickHandler
                0x0000000008006564       0x2c ./Middlewares/Third_Party/FreeRTOS/Source/portable/GCC/ARM_CM4F/port.o
                0x0000000008006564                xPortSysTickHandler
 .text.vPortSetupTimerInterrupt
                0x0000000008006590       0x24 ./Middlewares/Third_Party/FreeRTOS/Source/portable/GCC/ARM_CM4F/port.o
                0x0000000008006590                vPortSetupTimerInterrupt
 .text.xPortStartScheduler
                0x00000000080065b4      0x10c ./Middlewares/Third_Party/FreeRTOS/Source/portable/GCC/ARM_CM4F/port.o
                0x00000000080065b4                xPortStartScheduler
 .text.vPortValidateInterruptPriority
                0x00000000080066c0       0x5c ./Middlewares/Third_Party/FreeRTOS/Source/portable/GCC/ARM_CM4F/port.o
                0x00000000080066c0                vPortValidateInterruptPriority
 .text.prvInsertBlockIntoFreeList
                0x000000000800671c       0x48 ./Middlewares/Third_Party/FreeRTOS/Source/portable/MemMang/heap_4.o
 .text.pvPortMalloc
                0x0000000008006764      0x130 ./Middlewares/Third_Party/FreeRTOS/Source/portable/MemMang/heap_4.o
                0x0000000008006764                pvPortMalloc
 .text.vPortFree
                0x0000000008006894       0x7c ./Middlewares/Third_Party/FreeRTOS/Source/portable/MemMang/heap_4.o
                0x0000000008006894                vPortFree
 .text.__errno  0x0000000008006910        0xc c:/st/stm32cubeide_1.12.1/stm32cubeide/plugins/com.st.stm32cube.ide.mcu.externaltools.gnu-tools-for-stm32.10.3-2021.10.win32_1.0.200.202301161003/tools/bin/../lib/gcc/arm-none-eabi/10.3.1/../../../../arm-none-eabi/lib/thumb/v7e-m+fp/hard\libc_nano.a(lib_a-errno.o)
                0x0000000008006910                __errno
 .text.__libc_init_array
                0x000000000800691c       0x48 c:/st/stm32cubeide_1.12.1/stm32cubeide/plugins/com.st.stm32cube.ide.mcu.externaltools.gnu-tools-for-stm32.10.3-2021.10.win32_1.0.200.202301161003/tools/bin/../lib/gcc/arm-none-eabi/10.3.1/../../../../arm-none-eabi/lib/thumb/v7e-m+fp/hard\libc_nano.a(lib_a-init.o)
                0x000000000800691c                __libc_init_array
 .text.memcpy   0x0000000008006964       0x1c c:/st/stm32cubeide_1.12.1/stm32cubeide/plugins/com.st.stm32cube.ide.mcu.externaltools.gnu-tools-for-stm32.10.3-2021.10.win32_1.0.200.202301161003/tools/bin/../lib/gcc/arm-none-eabi/10.3.1/../../../../arm-none-eabi/lib/thumb/v7e-m+fp/hard\libc_nano.a(lib_a-memcpy-stub.o)
                0x0000000008006964                memcpy
 .text.memset   0x0000000008006980       0x10 c:/st/stm32cubeide_1.12.1/stm32cubeide/plugins/com.st.stm32cube.ide.mcu.externaltools.gnu-tools-for-stm32.10.3-2021.10.win32_1.0.200.202301161003/tools/bin/../lib/gcc/arm-none-eabi/10.3.1/../../../../arm-none-eabi/lib/thumb/v7e-m+fp/hard\libc_nano.a(lib_a-memset.o)
                0x0000000008006980                memset
 .text.snprintf
                0x0000000008006990       0x68 c:/st/stm32cubeide_1.12.1/stm32cubeide/plugins/com.st.stm32cube.ide.mcu.externaltools.gnu-tools-for-stm32.10.3-2021.10.win32_1.0.200.202301161003/tools/bin/../lib/gcc/arm-none-eabi/10.3.1/../../../../arm-none-eabi/lib/thumb/v7e-m+fp/hard\libc_nano.a(lib_a-snprintf.o)
                0x0000000008006990                sniprintf
                0x0000000008006990                snprintf
 .text.__ssputs_r
                0x00000000080069f8       0xb6 c:/st/stm32cubeide_1.12.1/stm32cubeide/plugins/com.st.stm32cube.ide.mcu.externaltools.gnu-tools-for-stm32.10.3-2021.10.win32_1.0.200.202301161003/tools/bin/../lib/gcc/arm-none-eabi/10.3.1/../../../../arm-none-eabi/lib/thumb/v7e-m+fp/hard\libc_nano.a(lib_a-nano-svfprintf.o)
                0x00000000080069f8                __ssputs_r
 *fill*         0x0000000008006aae        0x2 
 .text._svfprintf_r
                0x0000000008006ab0      0x200 c:/st/stm32cubeide_1.12.1/stm32cubeide/plugins/com.st.stm32cube.ide.mcu.externaltools.gnu-tools-for-stm32.10.3-2021.10.win32_1.0.200.202301161003/tools/bin/../lib/gcc/arm-none-eabi/10.3.1/../../../../arm-none-eabi/lib/thumb/v7e-m+fp/hard\libc_nano.a(lib_a-nano-svfprintf.o)
                0x0000000008006ab0                _svfiprintf_r
                0x0000000008006ab0                _svfprintf_r
 .text._printf_common
                0x0000000008006cb0       0xda c:/st/stm32cubeide_1.12.1/stm32cubeide/plugins/com.st.stm32cube.ide.mcu.externaltools.gnu-tools-for-stm32.10.3-2021.10.win32_1.0.200.202301161003/tools/bin/../lib/gcc/arm-none-eabi/10.3.1/../../../../arm-none-eabi/lib/thumb/v7e-m+fp/hard\libc_nano.a(lib_a-nano-vfprintf_i.o)
                0x0000000008006cb0                _printf_common
 *fill*         0x0000000008006d8a        0x2 
 .text._printf_i
                0x0000000008006d8c      0x24c c:/st/stm32cubeide_1.12.1/stm32cubeide/plugins/com.st.stm32cube.ide.mcu.externaltools.gnu-tools-for-stm32.10.3-2021.10.win32_1.0.200.202301161003/tools/bin/../lib/gcc/arm-none-eabi/10.3.1/../../../../arm-none-eabi/lib/thumb/v7e-m+fp/hard\libc_nano.a(lib_a-nano-vfprintf_i.o)
                0x0000000008006d8c                _printf_i
 .text.memmove  0x0000000008006fd8       0x34 c:/st/stm32cubeide_1.12.1/stm32cubeide/plugins/com.st.stm32cube.ide.mcu.externaltools.gnu-tools-for-stm32.10.3-2021.10.win32_1.0.200.202301161003/tools/bin/../lib/gcc/arm-none-eabi/10.3.1/../../../../arm-none-eabi/lib/thumb/v7e-m+fp/hard\libc_nano.a(lib_a-memmove.o)
                0x0000000008006fd8                memmove
 .text._free_r  0x000000000800700c       0x98 c:/st/stm32cubeide_1.12.1/stm32cubeide/plugins/com.st.stm32cube.ide.mcu.externaltools.gnu-tools-for-stm32.10.3-2021.10.win32_1.0.200.202301161003/tools/bin/../lib/gcc/arm-none-eabi/10.3.1/../../../../arm-none-eabi/lib/thumb/v7e-m+fp/hard\libc_nano.a(lib_a-nano-freer.o)
                0x000000000800700c                _free_r
 .text.sbrk_aligned
                0x00000000080070a4       0x40 c:/st/stm32cubeide_1.12.1/stm32cubeide/plugins/com.st.stm32cube.ide.mcu.externaltools.gnu-tools-for-stm32.10.3-2021.10.win32_1.0.200.202301161003/tools/bin/../lib/gcc/arm-none-eabi/10.3.1/../../../../arm-none-eabi/lib/thumb/v7e-m+fp/hard\libc_nano.a(lib_a-nano-mallocr.o)
 .text._malloc_r
                0x00000000080070e4       0xe8 c:/st/stm32cubeide_1.12.1/stm32cubeide/plugins/com.st.stm32cube.ide.mcu.externaltools.gnu-tools-for-stm32.10.3-2021.10.win32_1.0.200.202301161003/tools/bin/../lib/gcc/arm-none-eabi/10.3.1/../../../../arm-none-eabi/lib/thumb/v7e-m+fp/hard\libc_nano.a(lib_a-nano-mallocr.o)
                0x00000000080070e4                _malloc_r
 .text._realloc_r
                0x00000000080071cc       0x5e c:/st/stm32cubeide_1.12.1/stm32cubeide/plugins/com.st.stm32cube.ide.mcu.externaltools.gnu-tools-for-stm32.10.3-2021.10.win32_1.0.200.202301161003/tools/bin/../lib/gcc/arm-none-eabi/10.3.1/../../../../arm-none-eabi/lib/thumb/v7e-m+fp/hard\libc_nano.a(lib_a-nano-reallocr.o)
                0x00000000080071cc                _realloc_r
 *fill*         0x000000000800722a        0x2 
 .text._sbrk_r  0x000000000800722c       0x20 c:/st/stm32cubeide_1.12.1/stm32cubeide/plugins/com.st.stm32cube.ide.mcu.externaltools.gnu-tools-for-stm32.10.3-2021.10.win32_1.0.200.202301161003/tools/bin/../lib/gcc/arm-none-eabi/10.3.1/../../../../arm-none-eabi/lib/thumb/v7e-m+fp/hard\libc_nano.a(lib_a-sbrkr.o)
                0x000000000800722c                _sbrk_r
 .text.__malloc_lock
                0x000000000800724c        0xc c:/st/stm32cubeide_1.12.1/stm32cubeide/plugins/com.st.stm32cube.ide.mcu.externaltools.gnu-tools-for-stm32.10.3-2021.10.win32_1.0.200.202301161003/tools/bin/../lib/gcc/arm-none-eabi/10.3.1/../../../../arm-none-eabi/lib/thumb/v7e-m+fp/hard\libc_nano.a(lib_a-mlock.o)
                0x000000000800724c                __malloc_lock
 .text.__malloc_unlock
                0x0000000008007258        0xc c:/st/stm32cubeide_1.12.1/stm32cubeide/plugins/com.st.stm32cube.ide.mcu.externaltools.gnu-tools-for-stm32.10.3-2021.10.win32_1.0.200.202301161003/tools/bin/../lib/gcc/arm-none-eabi/10.3.1/../../../../arm-none-eabi/lib/thumb/v7e-m+fp/hard\libc_nano.a(lib_a-mlock.o)
                0x0000000008007258                __malloc_unlock
 .text._malloc_usable_size_r
                0x0000000008007264       0x10 c:/st/stm32cubeide_1.12.1/stm32cubeide/plugins/com.st.stm32cube.ide.mcu.externaltools.gnu-tools-for-stm32.10.3-2021.10.win32_1.0.200.202301161003/tools/bin/../lib/gcc/arm-none-eabi/10.3.1/../../../../arm-none-eabi/lib/thumb/v7e-m+fp/hard\libc_nano.a(lib_a-nano-msizer.o)
                0x0000000008007264                _malloc_usable_size_r
 .text.__retarget_lock_acquire_recursive
                0x0000000008007274        0x2 c:/st/stm32cubeide_1.12.1/stm32cubeide/plugins/com.st.stm32cube.ide.mcu.externaltools.gnu-tools-for-stm32.10.3-2021.10.win32_1.0.200.202301161003/tools/bin/../lib/gcc/arm-none-eabi/10.3.1/../../../../arm-none-eabi/lib/thumb/v7e-m+fp/hard\libc_nano.a(lib_a-lock.o)
                0x0000000008007274                __retarget_lock_acquire_recursive
 .text.__retarget_lock_release_recursive
                0x0000000008007276        0x2 c:/st/stm32cubeide_1.12.1/stm32cubeide/plugins/com.st.stm32cube.ide.mcu.externaltools.gnu-tools-for-stm32.10.3-2021.10.win32_1.0.200.202301161003/tools/bin/../lib/gcc/arm-none-eabi/10.3.1/../../../../arm-none-eabi/lib/thumb/v7e-m+fp/hard\libc_nano.a(lib_a-lock.o)
                0x0000000008007276                __retarget_lock_release_recursive
 *(.glue_7)
 .glue_7        0x0000000008007278        0x0 linker stubs
 *(.glue_7t)
 .glue_7t       0x0000000008007278        0x0 linker stubs
 *(.eh_frame)
 .eh_frame      0x0000000008007278        0x0 c:/st/stm32cubeide_1.12.1/stm32cubeide/plugins/com.st.stm32cube.ide.mcu.externaltools.gnu-tools-for-stm32.10.3-2021.10.win32_1.0.200.202301161003/tools/bin/../lib/gcc/arm-none-eabi/10.3.1/thumb/v7e-m+fp/hard/crtbegin.o
 *(.init)
 .init          0x0000000008007278        0x4 c:/st/stm32cubeide_1.12.1/stm32cubeide/plugins/com.st.stm32cube.ide.mcu.externaltools.gnu-tools-for-stm32.10.3-2021.10.win32_1.0.200.202301161003/tools/bin/../lib/gcc/arm-none-eabi/10.3.1/thumb/v7e-m+fp/hard/crti.o
                0x0000000008007278                _init
 .init          0x000000000800727c        0x8 c:/st/stm32cubeide_1.12.1/stm32cubeide/plugins/com.st.stm32cube.ide.mcu.externaltools.gnu-tools-for-stm32.10.3-2021.10.win32_1.0.200.202301161003/tools/bin/../lib/gcc/arm-none-eabi/10.3.1/thumb/v7e-m+fp/hard/crtn.o
 *(.fini)
 .fini          0x0000000008007284        0x4 c:/st/stm32cubeide_1.12.1/stm32cubeide/plugins/com.st.stm32cube.ide.mcu.externaltools.gnu-tools-for-stm32.10.3-2021.10.win32_1.0.200.202301161003/tools/bin/../lib/gcc/arm-none-eabi/10.3.1/thumb/v7e-m+fp/hard/crti.o
                0x0000000008007284                _fini
 .fini          0x0000000008007288        0x8 c:/st/stm32cubeide_1.12.1/stm32cubeide/plugins/com.st.stm32cube.ide.mcu.externaltools.gnu-tools-for-stm32.10.3-2021.10.win32_1.0.200.202301161003/tools/bin/../lib/gcc/arm-none-eabi/10.3.1/thumb/v7e-m+fp/hard/crtn.o
                0x0000000008007290                . = ALIGN (0x4)
                0x0000000008007290                _etext = .

.vfp11_veneer   0x0000000008007290        0x0
 .vfp11_veneer  0x0000000008007290        0x0 linker stubs

.v4_bx          0x0000000008007290        0x0
 .v4_bx         0x0000000008007290        0x0 linker stubs

.iplt           0x0000000008007290        0x0
 .iplt          0x0000000008007290        0x0 c:/st/stm32cubeide_1.12.1/stm32cubeide/plugins/com.st.stm32cube.ide.mcu.externaltools.gnu-tools-for-stm32.10.3-2021.10.win32_1.0.200.202301161003/tools/bin/../lib/gcc/arm-none-eabi/10.3.1/thumb/v7e-m+fp/hard/crtbegin.o

.rodata         0x0000000008007290      0x2c4
                0x0000000008007290                . = ALIGN (0x4)
 *(.rodata)
 .rodata        0x0000000008007290       0x2f ./Core/Src/freertos.o
 *(.rodata*)
 .rodata.gamma8
                0x00000000080072bf      0x100 ./Core/Src/LED.o
                0x00000000080072bf                gamma8
 .rodata.StartTask03.str1.1
                0x00000000080073bf       0x1c ./Core/Src/freertos.o
 .rodata.str1.1
                0x00000000080073db       0x21 ./Core/Src/freertos.o
 .rodata.Task02_attributes
                0x00000000080073fc       0x24 ./Core/Src/freertos.o
                0x00000000080073fc                Task02_attributes
 .rodata.Task03_attributes
                0x0000000008007420       0x24 ./Core/Src/freertos.o
                0x0000000008007420                Task03_attributes
 .rodata.Task04_attributes
                0x0000000008007444       0x24 ./Core/Src/freertos.o
                0x0000000008007444                Task04_attributes
 .rodata.defaultTask_attributes
                0x0000000008007468       0x24 ./Core/Src/freertos.o
                0x0000000008007468                defaultTask_attributes
 .rodata.AHBPrescTable
                0x000000000800748c       0x10 ./Core/Src/system_stm32f4xx.o
                0x000000000800748c                AHBPrescTable
 .rodata.APBPrescTable
                0x000000000800749c        0x8 ./Core/Src/system_stm32f4xx.o
                0x000000000800749c                APBPrescTable
 .rodata.flagBitshiftOffset.0
                0x00000000080074a4        0x8 ./Drivers/STM32F4xx_HAL_Driver/Src/stm32f4xx_hal_dma.o
 .rodata.USBD_ManufacturerStrDescriptor.str1.1
                0x00000000080074ac       0x13 ./Middlewares/Third_Party/AL94_USB_Composite/COMPOSITE/App/usbd_desc.o
 .rodata.USBD_ProductStrDescriptor.str1.1
                0x00000000080074bf       0x17 ./Middlewares/Third_Party/AL94_USB_Composite/COMPOSITE/App/usbd_desc.o
 .rodata.USBD_ConfigStrDescriptor.str1.1
                0x00000000080074d6       0x10 ./Middlewares/Third_Party/AL94_USB_Composite/COMPOSITE/App/usbd_desc.o
 .rodata.USBD_InterfaceStrDescriptor.str1.1
                0x00000000080074e6       0x14 ./Middlewares/Third_Party/AL94_USB_Composite/COMPOSITE/App/usbd_desc.o
 .rodata.USBD_COMPOSITE_GetUsrStringDesc.str1.1
                0x00000000080074fa       0x10 ./Middlewares/Third_Party/AL94_USB_Composite/COMPOSITE/Class/COMPOSITE/Src/usbd_composite.o
 .rodata.CSWTCH.28
                0x000000000800750a        0x4 ./Middlewares/Third_Party/AL94_USB_Composite/COMPOSITE/Target/usbd_conf.o
 .rodata.vTaskStartScheduler.str1.1
                0x000000000800750e        0x5 ./Middlewares/Third_Party/FreeRTOS/Source/tasks.o
 .rodata.prvCheckForValidListAndQueue.str1.1
                0x0000000008007513        0x5 ./Middlewares/Third_Party/FreeRTOS/Source/timers.o
 .rodata.xTimerCreateTimerTask.str1.1
                0x0000000008007518        0x8 ./Middlewares/Third_Party/FreeRTOS/Source/timers.o
 .rodata._svfprintf_r.str1.1
                0x0000000008007520       0x11 c:/st/stm32cubeide_1.12.1/stm32cubeide/plugins/com.st.stm32cube.ide.mcu.externaltools.gnu-tools-for-stm32.10.3-2021.10.win32_1.0.200.202301161003/tools/bin/../lib/gcc/arm-none-eabi/10.3.1/../../../../arm-none-eabi/lib/thumb/v7e-m+fp/hard\libc_nano.a(lib_a-nano-svfprintf.o)
 .rodata._printf_i.str1.1
                0x0000000008007531       0x22 c:/st/stm32cubeide_1.12.1/stm32cubeide/plugins/com.st.stm32cube.ide.mcu.externaltools.gnu-tools-for-stm32.10.3-2021.10.win32_1.0.200.202301161003/tools/bin/../lib/gcc/arm-none-eabi/10.3.1/../../../../arm-none-eabi/lib/thumb/v7e-m+fp/hard\libc_nano.a(lib_a-nano-vfprintf_i.o)
                0x0000000008007554                . = ALIGN (0x4)
 *fill*         0x0000000008007553        0x1 

.ARM.extab      0x0000000008007554        0x0
                0x0000000008007554                . = ALIGN (0x4)
 *(.ARM.extab* .gnu.linkonce.armextab.*)
                0x0000000008007554                . = ALIGN (0x4)

.ARM            0x0000000008007554        0x8
                0x0000000008007554                . = ALIGN (0x4)
                0x0000000008007554                __exidx_start = .
 *(.ARM.exidx*)
 .ARM.exidx     0x0000000008007554        0x8 c:/st/stm32cubeide_1.12.1/stm32cubeide/plugins/com.st.stm32cube.ide.mcu.externaltools.gnu-tools-for-stm32.10.3-2021.10.win32_1.0.200.202301161003/tools/bin/../lib/gcc/arm-none-eabi/10.3.1/thumb/v7e-m+fp/hard\libgcc.a(_udivmoddi4.o)
                0x000000000800755c                __exidx_end = .
                0x000000000800755c                . = ALIGN (0x4)

.rel.dyn        0x000000000800755c        0x0
 .rel.iplt      0x000000000800755c        0x0 c:/st/stm32cubeide_1.12.1/stm32cubeide/plugins/com.st.stm32cube.ide.mcu.externaltools.gnu-tools-for-stm32.10.3-2021.10.win32_1.0.200.202301161003/tools/bin/../lib/gcc/arm-none-eabi/10.3.1/thumb/v7e-m+fp/hard/crtbegin.o

.preinit_array  0x000000000800755c        0x0
                0x000000000800755c                . = ALIGN (0x4)
                0x000000000800755c                PROVIDE (__preinit_array_start = .)
 *(.preinit_array*)
                0x000000000800755c                PROVIDE (__preinit_array_end = .)
                0x000000000800755c                . = ALIGN (0x4)

.init_array     0x000000000800755c        0x4
                0x000000000800755c                . = ALIGN (0x4)
                0x000000000800755c                PROVIDE (__init_array_start = .)
 *(SORT_BY_NAME(.init_array.*))
 *(.init_array*)
 .init_array    0x000000000800755c        0x4 c:/st/stm32cubeide_1.12.1/stm32cubeide/plugins/com.st.stm32cube.ide.mcu.externaltools.gnu-tools-for-stm32.10.3-2021.10.win32_1.0.200.202301161003/tools/bin/../lib/gcc/arm-none-eabi/10.3.1/thumb/v7e-m+fp/hard/crtbegin.o
                0x0000000008007560                PROVIDE (__init_array_end = .)
                0x0000000008007560                . = ALIGN (0x4)

.fini_array     0x0000000008007560        0x4
                0x0000000008007560                . = ALIGN (0x4)
                [!provide]                        PROVIDE (__fini_array_start = .)
 *(SORT_BY_NAME(.fini_array.*))
 *(.fini_array*)
 .fini_array    0x0000000008007560        0x4 c:/st/stm32cubeide_1.12.1/stm32cubeide/plugins/com.st.stm32cube.ide.mcu.externaltools.gnu-tools-for-stm32.10.3-2021.10.win32_1.0.200.202301161003/tools/bin/../lib/gcc/arm-none-eabi/10.3.1/thumb/v7e-m+fp/hard/crtbegin.o
                [!provide]                        PROVIDE (__fini_array_end = .)
                0x0000000008007564                . = ALIGN (0x4)
                0x0000000008007564                _sidata = LOADADDR (.data)

.data           0x0000000020000000      0xd8c load address 0x0000000008007564
                0x0000000020000000                . = ALIGN (0x4)
                0x0000000020000000                _sdata = .
 *(.data)
 *(.data*)
 .data.RGB_data_DMA_buffer
                0x0000000020000000      0x984 ./Core/Src/LED.o
                0x0000000020000000                RGB_data_DMA_buffer
 .data.RGB_data_raw
                0x0000000020000984       0x30 ./Core/Src/LED.o
                0x0000000020000984                RGB_data_raw
 .data.CRC_data
                0x00000000200009b4        0x2 ./Core/Src/cy8cmbr3116.o
                0x00000000200009b4                CRC_data
 .data.CY8CMBR3116_configuration
                0x00000000200009b6       0x80 ./Core/Src/cy8cmbr3116.o
                0x00000000200009b6                CY8CMBR3116_configuration
 .data.KEY_ADDR
                0x0000000020000a36       0x10 ./Core/Src/cy8cmbr3116.o
                0x0000000020000a36                KEY_ADDR
 .data.key_sheet
                0x0000000020000a46       0x30 ./Core/Src/cy8cmbr3116.o
                0x0000000020000a46                key_sheet
 .data.cmd_rst  0x0000000020000a76        0x6 ./Core/Src/freertos.o
                0x0000000020000a76                cmd_rst
 .data.cmd_tmp  0x0000000020000a7c        0x6 ./Core/Src/freertos.o
                0x0000000020000a7c                cmd_tmp
 .data.heart_beat
                0x0000000020000a82        0x1 ./Core/Src/freertos.o
                0x0000000020000a82                heart_beat
 *fill*         0x0000000020000a83        0x1 
 .data.SystemCoreClock
                0x0000000020000a84        0x4 ./Core/Src/system_stm32f4xx.o
                0x0000000020000a84                SystemCoreClock
 .data.uwTickFreq
                0x0000000020000a88        0x1 ./Drivers/STM32F4xx_HAL_Driver/Src/stm32f4xx_hal.o
                0x0000000020000a88                uwTickFreq
 *fill*         0x0000000020000a89        0x3 
 .data.uwTickPrio
                0x0000000020000a8c        0x4 ./Drivers/STM32F4xx_HAL_Driver/Src/stm32f4xx_hal.o
                0x0000000020000a8c                uwTickPrio
 .data.USBD_CDC_ACM_fops
                0x0000000020000a90       0x14 ./Middlewares/Third_Party/AL94_USB_Composite/COMPOSITE/App/usbd_cdc_acm_if.o
                0x0000000020000a90                USBD_CDC_ACM_fops
 .data.USBD_Desc
                0x0000000020000aa4       0x1c ./Middlewares/Third_Party/AL94_USB_Composite/COMPOSITE/App/usbd_desc.o
                0x0000000020000aa4                USBD_Desc
 .data.USBD_DeviceDesc
                0x0000000020000ac0       0x12 ./Middlewares/Third_Party/AL94_USB_Composite/COMPOSITE/App/usbd_desc.o
                0x0000000020000ac0                USBD_DeviceDesc
 *fill*         0x0000000020000ad2        0x2 
 .data.USBD_LangIDDesc
                0x0000000020000ad4        0x4 ./Middlewares/Third_Party/AL94_USB_Composite/COMPOSITE/App/usbd_desc.o
                0x0000000020000ad4                USBD_LangIDDesc
 .data.USBD_StringSerial
                0x0000000020000ad8       0x1a ./Middlewares/Third_Party/AL94_USB_Composite/COMPOSITE/App/usbd_desc.o
                0x0000000020000ad8                USBD_StringSerial
 *fill*         0x0000000020000af2        0x2 
 .data.USBD_CDC_ACM
                0x0000000020000af4       0x3c ./Middlewares/Third_Party/AL94_USB_Composite/COMPOSITE/Class/CDC_ACM/Src/usbd_cdc_acm.o
                0x0000000020000af4                USBD_CDC_ACM
 .data.USBD_CDC_CfgFSDesc
                0x0000000020000b30       0xcf ./Middlewares/Third_Party/AL94_USB_Composite/COMPOSITE/Class/CDC_ACM/Src/usbd_cdc_acm.o
 *fill*         0x0000000020000bff        0x1 
 .data.USBD_CDC_CfgHSDesc
                0x0000000020000c00       0xcf ./Middlewares/Third_Party/AL94_USB_Composite/COMPOSITE/Class/CDC_ACM/Src/usbd_cdc_acm.o
 *fill*         0x0000000020000ccf        0x1 
 .data.USBD_CDC_DeviceQualifierDesc
                0x0000000020000cd0        0xa ./Middlewares/Third_Party/AL94_USB_Composite/COMPOSITE/Class/CDC_ACM/Src/usbd_cdc_acm.o
 *fill*         0x0000000020000cda        0x2 
 .data.USBD_COMPOSITE
                0x0000000020000cdc       0x3c ./Middlewares/Third_Party/AL94_USB_Composite/COMPOSITE/Class/COMPOSITE/Src/usbd_composite.o
                0x0000000020000cdc                USBD_COMPOSITE
 .data.USBD_COMPOSITE_DeviceQualifierDesc
                0x0000000020000d18        0xa ./Middlewares/Third_Party/AL94_USB_Composite/COMPOSITE/Class/COMPOSITE/Src/usbd_composite.o
 .data.USBD_Track_String_Index
                0x0000000020000d22        0x1 ./Middlewares/Third_Party/AL94_USB_Composite/COMPOSITE/Class/COMPOSITE/Src/usbd_composite.o
                0x0000000020000d22                USBD_Track_String_Index
 *fill*         0x0000000020000d23        0x1 
 .data.uxCriticalNesting
                0x0000000020000d24        0x4 ./Middlewares/Third_Party/FreeRTOS/Source/portable/GCC/ARM_CM4F/port.o
 .data._impure_ptr
                0x0000000020000d28        0x4 c:/st/stm32cubeide_1.12.1/stm32cubeide/plugins/com.st.stm32cube.ide.mcu.externaltools.gnu-tools-for-stm32.10.3-2021.10.win32_1.0.200.202301161003/tools/bin/../lib/gcc/arm-none-eabi/10.3.1/../../../../arm-none-eabi/lib/thumb/v7e-m+fp/hard\libc_nano.a(lib_a-impure.o)
                0x0000000020000d28                _impure_ptr
 .data.impure_data
                0x0000000020000d2c       0x60 c:/st/stm32cubeide_1.12.1/stm32cubeide/plugins/com.st.stm32cube.ide.mcu.externaltools.gnu-tools-for-stm32.10.3-2021.10.win32_1.0.200.202301161003/tools/bin/../lib/gcc/arm-none-eabi/10.3.1/../../../../arm-none-eabi/lib/thumb/v7e-m+fp/hard\libc_nano.a(lib_a-impure.o)
 *(.RamFunc)
 *(.RamFunc*)
                0x0000000020000d8c                . = ALIGN (0x4)
                0x0000000020000d8c                _edata = .

.igot.plt       0x0000000020000d8c        0x0 load address 0x00000000080082f0
 .igot.plt      0x0000000020000d8c        0x0 c:/st/stm32cubeide_1.12.1/stm32cubeide/plugins/com.st.stm32cube.ide.mcu.externaltools.gnu-tools-for-stm32.10.3-2021.10.win32_1.0.200.202301161003/tools/bin/../lib/gcc/arm-none-eabi/10.3.1/thumb/v7e-m+fp/hard/crtbegin.o
                0x0000000020000d8c                . = ALIGN (0x4)

.bss            0x0000000020000d8c     0x6d88 load address 0x00000000080082f0
                0x0000000020000d8c                _sbss = .
                0x0000000020000d8c                __bss_start__ = _sbss
 *(.bss)
 .bss           0x0000000020000d8c       0x1c c:/st/stm32cubeide_1.12.1/stm32cubeide/plugins/com.st.stm32cube.ide.mcu.externaltools.gnu-tools-for-stm32.10.3-2021.10.win32_1.0.200.202301161003/tools/bin/../lib/gcc/arm-none-eabi/10.3.1/thumb/v7e-m+fp/hard/crtbegin.o
 *(.bss*)
 .bss.key_status
                0x0000000020000da8       0x30 ./Core/Src/cy8cmbr3116.o
                0x0000000020000da8                key_status
 .bss.key_threshold
                0x0000000020000dd8       0x23 ./Core/Src/cy8cmbr3116.o
                0x0000000020000dd8                key_threshold
 .bss.mem_temp  0x0000000020000dfb        0x1 ./Core/Src/cy8cmbr3116.o
                0x0000000020000dfb                mem_temp
 .bss.Task02Handle
                0x0000000020000dfc        0x4 ./Core/Src/freertos.o
                0x0000000020000dfc                Task02Handle
 .bss.Task03Handle
                0x0000000020000e00        0x4 ./Core/Src/freertos.o
                0x0000000020000e00                Task03Handle
 .bss.Task04Handle
                0x0000000020000e04        0x4 ./Core/Src/freertos.o
                0x0000000020000e04                Task04Handle
 .bss.defaultTaskHandle
                0x0000000020000e08        0x4 ./Core/Src/freertos.o
                0x0000000020000e08                defaultTaskHandle
 .bss.key_scan_flag
                0x0000000020000e0c        0x1 ./Core/Src/freertos.o
                0x0000000020000e0c                key_scan_flag
 .bss.led_fade_buff
                0x0000000020000e0d        0x3 ./Core/Src/freertos.o
                0x0000000020000e0d                led_fade_buff
 .bss.led_fade_flag
                0x0000000020000e10        0x1 ./Core/Src/freertos.o
                0x0000000020000e10                led_fade_flag
 .bss.led_fade_target
                0x0000000020000e11        0x2 ./Core/Src/freertos.o
                0x0000000020000e11                led_fade_target
 *fill*         0x0000000020000e13        0x1 
 .bss.led_fade_time
                0x0000000020000e14        0x2 ./Core/Src/freertos.o
                0x0000000020000e14                led_fade_time
 .bss.led_refresh_flag
                0x0000000020000e16        0x1 ./Core/Src/freertos.o
                0x0000000020000e16                led_refresh_flag
 .bss.touch_cmd_flag
                0x0000000020000e17        0x1 ./Core/Src/freertos.o
                0x0000000020000e17                touch_cmd_flag
 .bss.touch_scan_flag
                0x0000000020000e18        0x1 ./Core/Src/freertos.o
                0x0000000020000e18                touch_scan_flag
 *fill*         0x0000000020000e19        0x3 
 .bss.hi2c1     0x0000000020000e1c       0x54 ./Core/Src/i2c.o
                0x0000000020000e1c                hi2c1
 .bss.hi2c2     0x0000000020000e70       0x54 ./Core/Src/i2c.o
                0x0000000020000e70                hi2c2
 .bss.hi2c3     0x0000000020000ec4       0x54 ./Core/Src/i2c.o
                0x0000000020000ec4                hi2c3
 .bss.rxBuffer0
                0x0000000020000f18       0x40 ./Core/Src/serial.o
                0x0000000020000f18                rxBuffer0
 .bss.rxBuffer1
                0x0000000020000f58       0x40 ./Core/Src/serial.o
                0x0000000020000f58                rxBuffer1
 .bss.rxBuffer2
                0x0000000020000f98       0x40 ./Core/Src/serial.o
                0x0000000020000f98                rxBuffer2
 .bss.rxLen0    0x0000000020000fd8        0x1 ./Core/Src/serial.o
                0x0000000020000fd8                rxLen0
 .bss.rxLen1    0x0000000020000fd9        0x1 ./Core/Src/serial.o
                0x0000000020000fd9                rxLen1
 .bss.rxLen2    0x0000000020000fda        0x1 ./Core/Src/serial.o
                0x0000000020000fda                rxLen2
 *fill*         0x0000000020000fdb        0x1 
 .bss.htim1     0x0000000020000fdc       0x48 ./Core/Src/stm32f4xx_hal_timebase_tim.o
                0x0000000020000fdc                htim1
 .bss.__sbrk_heap_end
                0x0000000020001024        0x4 ./Core/Src/sysmem.o
 .bss.hdma_tim2_ch1
                0x0000000020001028       0x60 ./Core/Src/tim.o
                0x0000000020001028                hdma_tim2_ch1
 .bss.htim2     0x0000000020001088       0x48 ./Core/Src/tim.o
                0x0000000020001088                htim2
 .bss.htim3     0x00000000200010d0       0x48 ./Core/Src/tim.o
                0x00000000200010d0                htim3
 .bss.htim4     0x0000000020001118       0x48 ./Core/Src/tim.o
                0x0000000020001118                htim4
 .bss.htim5     0x0000000020001160       0x48 ./Core/Src/tim.o
                0x0000000020001160                htim5
 .bss.hpcd_USB_OTG_FS
                0x00000000200011a8      0x50c ./Core/Src/usb_otg.o
                0x00000000200011a8                hpcd_USB_OTG_FS
 .bss.uwTick    0x00000000200016b4        0x4 ./Drivers/STM32F4xx_HAL_Driver/Src/stm32f4xx_hal.o
                0x00000000200016b4                uwTick
 .bss.hUsbDevice
                0x00000000200016b8      0x31c ./Middlewares/Third_Party/AL94_USB_Composite/COMPOSITE/App/usb_device.o
                0x00000000200016b8                hUsbDevice
 .bss.Line_Coding
                0x00000000200019d4       0x18 ./Middlewares/Third_Party/AL94_USB_Composite/COMPOSITE/App/usbd_cdc_acm_if.o
                0x00000000200019d4                Line_Coding
 .bss.RX_Buffer
                0x00000000200019ec      0x180 ./Middlewares/Third_Party/AL94_USB_Composite/COMPOSITE/App/usbd_cdc_acm_if.o
                0x00000000200019ec                RX_Buffer
 .bss.USBD_StrDesc
                0x0000000020001b6c      0x200 ./Middlewares/Third_Party/AL94_USB_Composite/COMPOSITE/App/usbd_desc.o
                0x0000000020001b6c                USBD_StrDesc
 .bss.CDC_ACM_Class_Data
                0x0000000020001d6c     0x1254 ./Middlewares/Third_Party/AL94_USB_Composite/COMPOSITE/Class/CDC_ACM/Src/usbd_cdc_acm.o
                0x0000000020001d6c                CDC_ACM_Class_Data
 .bss.CDC_CMD_EP
                0x0000000020002fc0        0x3 ./Middlewares/Third_Party/AL94_USB_Composite/COMPOSITE/Class/CDC_ACM/Src/usbd_cdc_acm.o
                0x0000000020002fc0                CDC_CMD_EP
 .bss.CDC_CMD_ITF_NBR
                0x0000000020002fc3        0x3 ./Middlewares/Third_Party/AL94_USB_Composite/COMPOSITE/Class/CDC_ACM/Src/usbd_cdc_acm.o
                0x0000000020002fc3                CDC_CMD_ITF_NBR
 .bss.CDC_COM_ITF_NBR
                0x0000000020002fc6        0x3 ./Middlewares/Third_Party/AL94_USB_Composite/COMPOSITE/Class/CDC_ACM/Src/usbd_cdc_acm.o
                0x0000000020002fc6                CDC_COM_ITF_NBR
 .bss.CDC_IN_EP
                0x0000000020002fc9        0x3 ./Middlewares/Third_Party/AL94_USB_Composite/COMPOSITE/Class/CDC_ACM/Src/usbd_cdc_acm.o
                0x0000000020002fc9                CDC_IN_EP
 .bss.CDC_OUT_EP
                0x0000000020002fcc        0x3 ./Middlewares/Third_Party/AL94_USB_Composite/COMPOSITE/Class/CDC_ACM/Src/usbd_cdc_acm.o
                0x0000000020002fcc                CDC_OUT_EP
 .bss.CDC_STR_DESC_IDX
                0x0000000020002fcf        0x3 ./Middlewares/Third_Party/AL94_USB_Composite/COMPOSITE/Class/CDC_ACM/Src/usbd_cdc_acm.o
                0x0000000020002fcf                CDC_STR_DESC_IDX
 .bss.USBD_COMPOSITE_FSCfgDesc
                0x0000000020002fd2       0xcf ./Middlewares/Third_Party/AL94_USB_Composite/COMPOSITE/Class/COMPOSITE/Src/usbd_composite.o
                0x0000000020002fd2                USBD_COMPOSITE_FSCfgDesc
 *fill*         0x00000000200030a1        0x3 
 .bss.USBD_COMPOSITE_HSCfgDesc
                0x00000000200030a4       0xcf ./Middlewares/Third_Party/AL94_USB_Composite/COMPOSITE/Class/COMPOSITE/Src/usbd_composite.o
                0x00000000200030a4                USBD_COMPOSITE_HSCfgDesc
 .bss.USBD_StrDesc.0
                0x0000000020003173       0x40 ./Middlewares/Third_Party/AL94_USB_Composite/COMPOSITE/Class/COMPOSITE/Src/usbd_composite.o
 *fill*         0x00000000200031b3        0x1 
 .bss.hpcd_USB_OTG_PTR
                0x00000000200031b4        0x4 ./Middlewares/Third_Party/AL94_USB_Composite/COMPOSITE/Target/usbd_conf.o
                0x00000000200031b4                hpcd_USB_OTG_PTR
 .bss.Idle_Stack.2
                0x00000000200031b8      0x200 ./Middlewares/Third_Party/FreeRTOS/Source/CMSIS_RTOS_V2/cmsis_os2.o
 .bss.Idle_TCB.3
                0x00000000200033b8       0x5c ./Middlewares/Third_Party/FreeRTOS/Source/CMSIS_RTOS_V2/cmsis_os2.o
 .bss.KernelState
                0x0000000020003414        0x4 ./Middlewares/Third_Party/FreeRTOS/Source/CMSIS_RTOS_V2/cmsis_os2.o
 .bss.Timer_Stack.0
                0x0000000020003418      0x400 ./Middlewares/Third_Party/FreeRTOS/Source/CMSIS_RTOS_V2/cmsis_os2.o
 .bss.Timer_TCB.1