Archive member included to satisfy reference by file (symbol)

c:/st/stm32cubeide_1.12.1/stm32cubeide/plugins/com.st.stm32cube.ide.mcu.externaltools.gnu-tools-for-stm32.10.3-2021.10.win32_1.0.200.202301161003/tools/bin/../lib/gcc/arm-none-eabi/10.3.1/../../../../arm-none-eabi/lib/thumb/v7e-m+fp/hard\libc_nano.a(lib_a-errno.o)
                              ./Core/Src/syscalls.o (__errno)
c:/st/stm32cubeide_1.12.1/stm32cubeide/plugins/com.st.stm32cube.ide.mcu.externaltools.gnu-tools-for-stm32.10.3-2021.10.win32_1.0.200.202301161003/tools/bin/../lib/gcc/arm-none-eabi/10.3.1/../../../../arm-none-eabi/lib/thumb/v7e-m+fp/hard\libc_nano.a(lib_a-exit.o)
                              c:/st/stm32cubeide_1.12.1/stm32cubeide/plugins/com.st.stm32cube.ide.mcu.externaltools.gnu-tools-for-stm32.10.3-2021.10.win32_1.0.200.202301161003/tools/bin/../lib/gcc/arm-none-eabi/10.3.1/../../../../arm-none-eabi/lib/thumb/v7e-m+fp/hard/crt0.o (exit)
c:/st/stm32cubeide_1.12.1/stm32cubeide/plugins/com.st.stm32cube.ide.mcu.externaltools.gnu-tools-for-stm32.10.3-2021.10.win32_1.0.200.202301161003/tools/bin/../lib/gcc/arm-none-eabi/10.3.1/../../../../arm-none-eabi/lib/thumb/v7e-m+fp/hard\libc_nano.a(lib_a-impure.o)
                              c:/st/stm32cubeide_1.12.1/stm32cubeide/plugins/com.st.stm32cube.ide.mcu.externaltools.gnu-tools-for-stm32.10.3-2021.10.win32_1.0.200.202301161003/tools/bin/../lib/gcc/arm-none-eabi/10.3.1/../../../../arm-none-eabi/lib/thumb/v7e-m+fp/hard\libc_nano.a(lib_a-exit.o) (_global_impure_ptr)
c:/st/stm32cubeide_1.12.1/stm32cubeide/plugins/com.st.stm32cube.ide.mcu.externaltools.gnu-tools-for-stm32.10.3-2021.10.win32_1.0.200.202301161003/tools/bin/../lib/gcc/arm-none-eabi/10.3.1/../../../../arm-none-eabi/lib/thumb/v7e-m+fp/hard\libc_nano.a(lib_a-init.o)
                              c:/st/stm32cubeide_1.12.1/stm32cubeide/plugins/com.st.stm32cube.ide.mcu.externaltools.gnu-tools-for-stm32.10.3-2021.10.win32_1.0.200.202301161003/tools/bin/../lib/gcc/arm-none-eabi/10.3.1/../../../../arm-none-eabi/lib/thumb/v7e-m+fp/hard/crt0.o (__libc_init_array)
c:/st/stm32cubeide_1.12.1/stm32cubeide/plugins/com.st.stm32cube.ide.mcu.externaltools.gnu-tools-for-stm32.10.3-2021.10.win32_1.0.200.202301161003/tools/bin/../lib/gcc/arm-none-eabi/10.3.1/../../../../arm-none-eabi/lib/thumb/v7e-m+fp/hard\libc_nano.a(lib_a-memcpy-stub.o)
                              ./Middlewares/Third_Party/AL94_USB_Composite/COMPOSITE/App/usbd_cdc_acm_if.o (memcpy)
c:/st/stm32cubeide_1.12.1/stm32cubeide/plugins/com.st.stm32cube.ide.mcu.externaltools.gnu-tools-for-stm32.10.3-2021.10.win32_1.0.200.202301161003/tools/bin/../lib/gcc/arm-none-eabi/10.3.1/../../../../arm-none-eabi/lib/thumb/v7e-m+fp/hard\libc_nano.a(lib_a-memset.o)
                              c:/st/stm32cubeide_1.12.1/stm32cubeide/plugins/com.st.stm32cube.ide.mcu.externaltools.gnu-tools-for-stm32.10.3-2021.10.win32_1.0.200.202301161003/tools/bin/../lib/gcc/arm-none-eabi/10.3.1/../../../../arm-none-eabi/lib/thumb/v7e-m+fp/hard/crt0.o (memset)
c:/st/stm32cubeide_1.12.1/stm32cubeide/plugins/com.st.stm32cube.ide.mcu.externaltools.gnu-tools-for-stm32.10.3-2021.10.win32_1.0.200.202301161003/tools/bin/../lib/gcc/arm-none-eabi/10.3.1/../../../../arm-none-eabi/lib/thumb/v7e-m+fp/hard\libc_nano.a(lib_a-snprintf.o)
                              ./Middlewares/Third_Party/AL94_USB_Composite/COMPOSITE/Class/COMPOSITE/Src/usbd_composite.o (snprintf)
c:/st/stm32cubeide_1.12.1/stm32cubeide/plugins/com.st.stm32cube.ide.mcu.externaltools.gnu-tools-for-stm32.10.3-2021.10.win32_1.0.200.202301161003/tools/bin/../lib/gcc/arm-none-eabi/10.3.1/../../../../arm-none-eabi/lib/thumb/v7e-m+fp/hard\libc_nano.a(lib_a-nano-svfprintf.o)
                              c:/st/stm32cubeide_1.12.1/stm32cubeide/plugins/com.st.stm32cube.ide.mcu.externaltools.gnu-tools-for-stm32.10.3-2021.10.win32_1.0.200.202301161003/tools/bin/../lib/gcc/arm-none-eabi/10.3.1/../../../../arm-none-eabi/lib/thumb/v7e-m+fp/hard\libc_nano.a(lib_a-snprintf.o) (_svfprintf_r)
c:/st/stm32cubeide_1.12.1/stm32cubeide/plugins/com.st.stm32cube.ide.mcu.externaltools.gnu-tools-for-stm32.10.3-2021.10.win32_1.0.200.202301161003/tools/bin/../lib/gcc/arm-none-eabi/10.3.1/../../../../arm-none-eabi/lib/thumb/v7e-m+fp/hard\libc_nano.a(lib_a-nano-vfprintf_i.o)
                              c:/st/stm32cubeide_1.12.1/stm32cubeide/plugins/com.st.stm32cube.ide.mcu.externaltools.gnu-tools-for-stm32.10.3-2021.10.win32_1.0.200.202301161003/tools/bin/../lib/gcc/arm-none-eabi/10.3.1/../../../../arm-none-eabi/lib/thumb/v7e-m+fp/hard\libc_nano.a(lib_a-nano-svfprintf.o) (_printf_i)
c:/st/stm32cubeide_1.12.1/stm32cubeide/plugins/com.st.stm32cube.ide.mcu.externaltools.gnu-tools-for-stm32.10.3-2021.10.win32_1.0.200.202301161003/tools/bin/../lib/gcc/arm-none-eabi/10.3.1/../../../../arm-none-eabi/lib/thumb/v7e-m+fp/hard\libc_nano.a(lib_a-memchr.o)
[...]
Memory Configuration

Name             Origin             Length             Attributes
RAM              0x0000000020000000 0x0000000000020000 xrw
FLASH            0x0000000008000000 0x0000000000080000 xr
*default*        0x0000000000000000 0xffffffffffffffff

Linker script and memory map

LOAD c:/st/stm32cubeide_1.12.1/stm32cubeide/plugins/com.st.stm32cube.ide.mcu.externaltools.gnu-tools-for-stm32.10.3-2021.10.win32_1.0.200.202301161003/tools/bin/../lib/gcc/arm-none-eabi/10.3.1/thumb/v7e-m+fp/hard/crti.o
LOAD c:/st/stm32cubeide_1.12.1/stm32cubeide/plugins/com.st.stm32cube.ide.mcu.externaltools.gnu-tools-for-stm32.10.3-2021.10.win32_1.0.200.202301161003/tools/bin/../lib/gcc/arm-none-eabi/10.3.1/thumb/v7e-m+fp/hard/crtbegin.o
LOAD c:/st/stm32cubeide_1.12.1/stm32cubeide/plugins/com.st.stm32cube.ide.mcu.externaltools.gnu-tools-for-stm32.10.3-2021.10.win32_1.0.200.202301161003/tools/bin/../lib/gcc/arm-none-eabi/10.3.1/../../../../arm-none-eabi/lib/thumb/v7e-m+fp/hard/crt0.o
LOAD ./Core/Src/LED.o
LOAD ./Core/Src/button.o
LOAD ./Core/Src/cy8cmbr3116.o
LOAD ./Core/Src/dma.o
LOAD ./Core/Src/freertos.o
LOAD ./Core/Src/gpio.o
LOAD ./Core/Src/i2c.o
LOAD ./Core/Src/main.o
LOAD ./Core/Src/serial.o
LOAD ./Core/Src/slider.o
LOAD ./Core/Src/stm32f4xx_hal_msp.o
LOAD ./Core/Src/stm32f4xx_hal_timebase_tim.o
LOAD ./Core/Src/stm32f4xx_it.o
LOAD ./Core/Src/syscalls.o
LOAD ./Core/Src/sysmem.o
LOAD ./Core/Src/system_stm32f4xx.o
LOAD ./Core/Src/tim.o
LOAD ./Core/Src/usb_otg.o
LOAD ./Core/Startup/startup_stm32f411ceux.o
LOAD ./Drivers/STM32F4xx_HAL_Driver/Src/stm32f4xx_hal.o
LOAD ./Drivers/STM32F4xx_HAL_Driver/Src/stm32f4xx_hal_cortex.o
LOAD ./Drivers/STM32F4xx_HAL_Driver/Src/stm32f4xx_hal_dma.o
LOAD ./Drivers/STM32F4xx_HAL_Driver/Src/stm32f4xx_hal_dma_ex.o
LOAD ./Drivers/STM32F4xx_HAL_Driver/Src/stm32f4xx_hal_exti.o
LOAD ./Drivers/STM32F4xx_HAL_Driver/Src/stm32f4xx_hal_flash.o
LOAD ./Drivers/STM32F4xx_HAL_Driver/Src/stm32f4xx_hal_flash_ex.o
LOAD ./Drivers/STM32F4xx_HAL_Driver/Src/stm32f4xx_hal_flash_ramfunc.o
LOAD ./Drivers/STM32F4xx_HAL_Driver/Src/stm32f4xx_hal_gpio.o
LOAD ./Drivers/STM32F4xx_HAL_Driver/Src/stm32f4xx_hal_i2c.o
LOAD ./Drivers/STM32F4xx_HAL_Driver/Src/stm32f4xx_hal_i2c_ex.o
LOAD ./Drivers/STM32F4xx_HAL_Driver/Src/stm32f4xx_hal_pcd.o
LOAD ./Drivers/STM32F4xx_HAL_Driver/Src/stm32f4xx_hal_pcd_ex.o
LOAD ./Drivers/STM32F4xx_HAL_Driver/Src/stm32f4xx_hal_pwr.o
LOAD ./Drivers/STM32F4xx_HAL_Driver/Src/stm32f4xx_hal_pwr_ex.o
LOAD ./Drivers/STM32F4xx_HAL_Driver/Src/stm32f4xx_hal_rcc.o
LOAD ./Drivers/STM32F4xx_HAL_Driver/Src/stm32f4xx_hal_rcc_ex.o
LOAD ./Drivers/STM32F4xx_HAL_Driver/Src/stm32f4xx_hal_tim.o
LOAD ./Drivers/STM32F4xx_HAL_Driver/Src/stm32f4xx_hal_tim_ex.o
LOAD ./Drivers/STM32F4xx_HAL_Driver/Src/stm32f4xx_ll_usb.o
LOAD ./Middlewares/Third_Party/AL94_USB_Composite/COMPOSITE/App/usb_device.o
LOAD ./Middlewares/Third_Party/AL94_USB_Composite/COMPOSITE/App/usbd_cdc_acm_if.o
LOAD ./Middlewares/Third_Party/AL94_USB_Composite/COMPOSITE/App/usbd_desc.o
LOAD ./Middlewares/Third_Party/AL94_USB_Composite/COMPOSITE/Class/CDC_ACM/Src/usbd_cdc_acm.o
LOAD ./Middlewares/Third_Party/AL94_USB_Composite/COMPOSITE/Class/COMPOSITE/Src/usbd_composite.o
LOAD ./Middlewares/Third_Party/AL94_USB_Composite/COMPOSITE/Class/HID_KEYBOARD/Src/usbd_hid_keyboard.o
LOAD ./Middlewares/Third_Party/AL94_USB_Composite/COMPOSITE/Core/Src/usbd_core.o
LOAD ./Middlewares/Third_Party/AL94_USB_Composite/COMPOSITE/Core/Src/usbd_ctlreq.o
LOAD ./Middlewares/Third_Party/AL94_USB_Composite/COMPOSITE/Core/Src/usbd_ioreq.o
LOAD ./Middlewares/Third_Party/AL94_USB_Composite/COMPOSITE/Target/usbd_conf.o
LOAD ./Middlewares/Third_Party/FreeRTOS/Source/CMSIS_RTOS_V2/cmsis_os2.o
LOAD ./Middlewares/Third_Party/FreeRTOS/Source/croutine.o
LOAD ./Middlewares/Third_Party/FreeRTOS/Source/event_groups.o
LOAD ./Middlewares/Third_Party/FreeRTOS/Source/list.o
LOAD ./Middlewares/Third_Party/FreeRTOS/Source/queue.o
LOAD ./Middlewares/Third_Party/FreeRTOS/Source/stream_buffer.o
LOAD ./Middlewares/Third_Party/FreeRTOS/Source/tasks.o
LOAD ./Middlewares/Third_Party/FreeRTOS/Source/timers.o
LOAD ./Middlewares/Third_Party/FreeRTOS/Source/portable/GCC/ARM_CM4F/port.o
LOAD ./Middlewares/Third_Party/FreeRTOS/Source/portable/MemMang/heap_4.o
START GROUP
LOAD c:/st/stm32cubeide_1.12.1/stm32cubeide/plugins/com.st.stm32cube.ide.mcu.externaltools.gnu-tools-for-stm32.10.3-2021.10.win32_1.0.200.202301161003/tools/bin/../lib/gcc/arm-none-eabi/10.3.1/../../../../arm-none-eabi/lib/thumb/v7e-m+fp/hard\libc_nano.a
LOAD c:/st/stm32cubeide_1.12.1/stm32cubeide/plugins/com.st.stm32cube.ide.mcu.externaltools.gnu-tools-for-stm32.10.3-2021.10.win32_1.0.200.202301161003/tools/bin/../lib/gcc/arm-none-eabi/10.3.1/../../../../arm-none-eabi/lib/thumb/v7e-m+fp/hard\libm.a
END GROUP
START GROUP
LOAD c:/st/stm32cubeide_1.12.1/stm32cubeide/plugins/com.st.stm32cube.ide.mcu.externaltools.gnu-tools-for-stm32.10.3-2021.10.win32_1.0.200.202301161003/tools/bin/../lib/gcc/arm-none-eabi/10.3.1/thumb/v7e-m+fp/hard\libgcc.a
LOAD c:/st/stm32cubeide_1.12.1/stm32cubeide/plugins/com.st.stm32cube.ide.mcu.externaltools.gnu-tools-for-stm32.10.3-2021.10.win32_1.0.200.202301161003/tools/bin/../lib/gcc/arm-none-eabi/10.3.1/../../../../arm-none-eabi/lib/thumb/v7e-m+fp/hard\libc_nano.a
END GROUP
START GROUP
LOAD c:/st/stm32cubeide_1.12.1/stm32cubeide/plugins/com.st.stm32cube.ide.mcu.externaltools.gnu-tools-for-stm32.10.3-2021.10.win32_1.0.200.202301161003/tools/bin/../lib/gcc/arm-none-eabi/10.3.1/thumb/v7e-m+fp/hard\libgcc.a
LOAD c:/st/stm32cubeide_1.12.1/stm32cubeide/plugins/com.st.stm32cube.ide.mcu.externaltools.gnu-tools-for-stm32.10.3-2021.10.win32_1.0.200.202301161003/tools/bin/../lib/gcc/arm-none-eabi/10.3.1/../../../../arm-none-eabi/lib/thumb/v7e-m+fp/hard\libc_nano.a
LOAD c:/st/stm32cubeide_1.12.1/stm32cubeide/plugins/com.st.stm32cube.ide.mcu.externaltools.gnu-tools-for-stm32.10.3-2021.10.win32_1.0.200.202301161003/tools/bin/../lib/gcc/arm-none-eabi/10.3.1/../../../../arm-none-eabi/lib/thumb/v7e-m+fp/hard\libnosys.a
END GROUP
START GROUP
LOAD c:/st/stm32cubeide_1.12.1/stm32cubeide/plugins/com.st.stm32cube.ide.mcu.externaltools.gnu-tools-for-stm32.10.3-2021.10.win32_1.0.200.202301161003/tools/bin/../lib/gcc/arm-none-eabi/10.3.1/thumb/v7e-m+fp/hard\libgcc.a
LOAD c:/st/stm32cubeide_1.12.1/stm32cubeide/plugins/com.st.stm32cube.ide.mcu.externaltools.gnu-tools-for-stm32.10.3-2021.10.win32_1.0.200.202301161003/tools/bin/../lib/gcc/arm-none-eabi/10.3.1/../../../../arm-none-eabi/lib/thumb/v7e-m+fp/hard\libc_nano.a
LOAD c:/st/stm32cubeide_1.12.1/stm32cubeide/plugins/com.st.stm32cube.ide.mcu.externaltools.gnu-tools-for-stm32.10.3-2021.10.win32_1.0.200.202301161003/tools/bin/../lib/gcc/arm-none-eabi/10.3.1/../../../../arm-none-eabi/lib/thumb/v7e-m+fp/hard\libnosys.a
END GROUP
LOAD c:/st/stm32cubeide_1.12.1/stm32cubeide/plugins/com.st.stm32cube.ide.mcu.externaltools.gnu-tools-for-stm32.10.3-2021.10.win32_1.0.200.202301161003/tools/bin/../lib/gcc/arm-none-eabi/10.3.1/thumb/v7e-m+fp/hard/crtend.o
LOAD c:/st/stm32cubeide_1.12.1/stm32cubeide/plugins/com.st.stm32cube.ide.mcu.externaltools.gnu-tools-for-stm32.10.3-2021.10.win32_1.0.200.202301161003/tools/bin/../lib/gcc/arm-none-eabi/10.3.1/thumb/v7e-m+fp/hard/crtn.o
                0x0000000020020000                _estack = (ORIGIN (RAM) + LENGTH (RAM))
                0x0000000000000200                _Min_Heap_Size = 0x200
                0x0000000000000400                _Min_Stack_Size = 0x400

.isr_vector     0x0000000008000000      0x198
                0x0000000008000000                . = ALIGN (0x4)
 *(.isr_vector)
 .isr_vector    0x0000000008000000      0x198 ./Core/Startup/startup_stm32f411ceux.o
                0x0000000008000000                g_pfnVectors
                0x0000000008000198                . = ALIGN (0x4)

.text           0x00000000080001a0     0xae4c
                0x00000000080001a0                . = ALIGN (0x4)
 *(.text)
 .text          0x00000000080001a0       0x40 c:/st/stm32cubeide_1.12.1/stm32cubeide/plugins/com.st.stm32cube.ide.mcu.externaltools.gnu-tools-for-stm32.10.3-2021.10.win32_1.0.200.202301161003/tools/bin/../lib/gcc/arm-none-eabi/10.3.1/thumb/v7e-m+fp/hard/crtbegin.o
 .text          0x00000000080001e0       0xa0 c:/st/stm32cubeide_1.12.1/stm32cubeide/plugins/com.st.stm32cube.ide.mcu.externaltools.gnu-tools-for-stm32.10.3-2021.10.win32_1.0.200.202301161003/tools/bin/../lib/gcc/arm-none-eabi/10.3.1/../../../../arm-none-eabi/lib/thumb/v7e-m+fp/hard\libc_nano.a(lib_a-memchr.o)
                0x00000000080001e0                memchr
 .text          0x0000000008000280       0x30 c:/st/stm32cubeide_1.12.1/stm32cubeide/plugins/com.st.stm32cube.ide.mcu.externaltools.gnu-tools-for-stm32.10.3-2021.10.win32_1.0.200.202301161003/tools/bin/../lib/gcc/arm-none-eabi/10.3.1/thumb/v7e-m+fp/hard\libgcc.a(_aeabi_uldivmod.o)
                0x0000000008000280                __aeabi_uldivmod
 .text          0x00000000080002b0      0x2d0 c:/st/stm32cubeide_1.12.1/stm32cubeide/plugins/com.st.stm32cube.ide.mcu.externaltools.gnu-tools-for-stm32.10.3-2021.10.win32_1.0.200.202301161003/tools/bin/../lib/gcc/arm-none-eabi/10.3.1/thumb/v7e-m+fp/hard\libgcc.a(_udivmoddi4.o)
                0x00000000080002b0                __udivmoddi4
 .text          0x0000000008000580        0x4 c:/st/stm32cubeide_1.12.1/stm32cubeide/plugins/com.st.stm32cube.ide.mcu.externaltools.gnu-tools-for-stm32.10.3-2021.10.win32_1.0.200.202301161003/tools/bin/../lib/gcc/arm-none-eabi/10.3.1/thumb/v7e-m+fp/hard\libgcc.a(_dvmd_tls.o)
                0x0000000008000580                __aeabi_idiv0
                0x0000000008000580                __aeabi_ldiv0
 *(.text*)
 .text.LED_set  0x0000000008000584       0x20 ./Core/Src/LED.o
                0x0000000008000584                LED_set
 .text.LED_refresh
                0x00000000080005a4      0x1a8 ./Core/Src/LED.o
                0x00000000080005a4                LED_refresh
 .text.button_scan
                0x000000000800074c       0xec ./Core/Src/button.o
                0x000000000800074c                button_scan
 .text.key_scan
                0x0000000008000838       0xd0 ./Core/Src/cy8cmbr3116.o
                0x0000000008000838                key_scan
 .text.Sensor_softRST
                0x0000000008000908       0x28 ./Core/Src/cy8cmbr3116.o
                0x0000000008000908                Sensor_softRST
 .text.Sensor_Cfg
                0x0000000008000930       0xe0 ./Core/Src/cy8cmbr3116.o
                0x0000000008000930                Sensor_Cfg
 .text.MX_DMA_Init
                0x0000000008000a10       0xac ./Core/Src/dma.o
                0x0000000008000a10                MX_DMA_Init
 .text.StartDefaultTask
                0x0000000008000abc      0x370 ./Core/Src/freertos.o
                0x0000000008000abc                StartDefaultTask
 .text.StartTask02
                0x0000000008000e2c       0x44 ./Core/Src/freertos.o
                0x0000000008000e2c                StartTask02
 .text.StartTask03
                0x0000000008000e70      0x3dc ./Core/Src/freertos.o
                0x0000000008000e70                StartTask03
 .text.StartTask04
                0x000000000800124c      0x148 ./Core/Src/freertos.o
                0x000000000800124c                StartTask04
 .text.MX_FREERTOS_Init
                0x0000000008001394       0x74 ./Core/Src/freertos.o
                0x0000000008001394                MX_FREERTOS_Init
 .text.MX_GPIO_Init
                0x0000000008001408       0xc4 ./Core/Src/gpio.o
                0x0000000008001408                MX_GPIO_Init
 .text.MX_I2C1_Init
                0x00000000080014cc       0x3c ./Core/Src/i2c.o
                0x00000000080014cc                MX_I2C1_Init
 .text.MX_I2C2_Init
                0x0000000008001508       0x3c ./Core/Src/i2c.o
                0x0000000008001508                MX_I2C2_Init
 .text.MX_I2C3_Init
                0x0000000008001544       0x3c ./Core/Src/i2c.o
                0x0000000008001544                MX_I2C3_Init
 .text.HAL_I2C_MspInit
                0x0000000008001580      0x264 ./Core/Src/i2c.o
                0x0000000008001580                HAL_I2C_MspInit
 *fill*         0x00000000080017e4        0x4 
 .text.SystemClock_Config
                0x00000000080017e8       0xb8 ./Core/Src/main.o
                0x00000000080017e8                SystemClock_Config
 .text.startup.main
                0x00000000080018a0       0x58 ./Core/Src/main.o
                0x00000000080018a0                main
 .text.HAL_TIM_PeriodElapsedCallback
                0x00000000080018f8       0x14 ./Core/Src/main.o
                0x00000000080018f8                HAL_TIM_PeriodElapsedCallback
 .text.Error_Handler
                0x000000000800190c        0x4 ./Core/Src/main.o
                0x000000000800190c                Error_Handler
 .text.HAL_MspInit
                0x0000000008001910       0x40 ./Core/Src/stm32f4xx_hal_msp.o
                0x0000000008001910                HAL_MspInit
 .text.HAL_InitTick
                0x0000000008001950       0x98 ./Core/Src/stm32f4xx_hal_timebase_tim.o
                0x0000000008001950                HAL_InitTick
 .text.NMI_Handler
                0x00000000080019e8        0x4 ./Core/Src/stm32f4xx_it.o
                0x00000000080019e8                NMI_Handler
 .text.HardFault_Handler
                0x00000000080019ec        0x4 ./Core/Src/stm32f4xx_it.o
                0x00000000080019ec                HardFault_Handler
 .text.MemManage_Handler
                0x00000000080019f0        0x4 ./Core/Src/stm32f4xx_it.o
                0x00000000080019f0                MemManage_Handler
 .text.BusFault_Handler
                0x00000000080019f4        0x4 ./Core/Src/stm32f4xx_it.o
                0x00000000080019f4                BusFault_Handler
 .text.UsageFault_Handler
                0x00000000080019f8        0x4 ./Core/Src/stm32f4xx_it.o
                0x00000000080019f8                UsageFault_Handler
 .text.DebugMon_Handler
                0x00000000080019fc        0x4 ./Core/Src/stm32f4xx_it.o
                0x00000000080019fc                DebugMon_Handler
 .text.DMA1_Stream0_IRQHandler
                0x0000000008001a00        0xc ./Core/Src/stm32f4xx_it.o
                0x0000000008001a00                DMA1_Stream0_IRQHandler
 .text.DMA1_Stream2_IRQHandler
                0x0000000008001a0c        0xc ./Core/Src/stm32f4xx_it.o
                0x0000000008001a0c                DMA1_Stream2_IRQHandler
 .text.DMA1_Stream5_IRQHandler
                0x0000000008001a18        0xc ./Core/Src/stm32f4xx_it.o
                0x0000000008001a18                DMA1_Stream5_IRQHandler
 .text.TIM1_UP_TIM10_IRQHandler
                0x0000000008001a24        0xc ./Core/Src/stm32f4xx_it.o
                0x0000000008001a24                TIM1_UP_TIM10_IRQHandler
 .text.I2C1_EV_IRQHandler
                0x0000000008001a30        0xc ./Core/Src/stm32f4xx_it.o
                0x0000000008001a30                I2C1_EV_IRQHandler
 .text.I2C1_ER_IRQHandler
                0x0000000008001a3c        0xc ./Core/Src/stm32f4xx_it.o
                0x0000000008001a3c                I2C1_ER_IRQHandler
 .text.I2C2_EV_IRQHandler
                0x0000000008001a48        0xc ./Core/Src/stm32f4xx_it.o
                0x0000000008001a48                I2C2_EV_IRQHandler
 .text.I2C2_ER_IRQHandler
                0x0000000008001a54        0xc ./Core/Src/stm32f4xx_it.o
                0x0000000008001a54                I2C2_ER_IRQHandler
 .text.OTG_FS_IRQHandler
                0x0000000008001a60        0xc ./Core/Src/stm32f4xx_it.o
                0x0000000008001a60                OTG_FS_IRQHandler
 .text.I2C3_EV_IRQHandler
                0x0000000008001a6c        0xc ./Core/Src/stm32f4xx_it.o
                0x0000000008001a6c                I2C3_EV_IRQHandler
 .text.I2C3_ER_IRQHandler
                0x0000000008001a78        0xc ./Core/Src/stm32f4xx_it.o
                0x0000000008001a78                I2C3_ER_IRQHandler
 .text._sbrk    0x0000000008001a84       0x44 ./Core/Src/sysmem.o
                0x0000000008001a84                _sbrk
 .text.SystemInit
                0x0000000008001ac8       0x14 ./Core/Src/system_stm32f4xx.o
                0x0000000008001ac8                SystemInit
 *fill*         0x0000000008001adc        0x4 
 .text.MX_TIM2_Init
                0x0000000008001ae0      0x158 ./Core/Src/tim.o
                0x0000000008001ae0                MX_TIM2_Init
 .text.MX_TIM3_Init
                0x0000000008001c38      0x158 ./Core/Src/tim.o
                0x0000000008001c38                MX_TIM3_Init
 .text.HAL_TIM_PWM_MspInit
                0x0000000008001d90       0xc4 ./Core/Src/tim.o
                0x0000000008001d90                HAL_TIM_PWM_MspInit
 *fill*         0x0000000008001e54        0x4 
 .text.HAL_TIM_MspPostInit
                0x0000000008001e58       0xec ./Core/Src/tim.o
                0x0000000008001e58                HAL_TIM_MspPostInit
 *fill*         0x0000000008001f44        0x4 
 .text.MX_TIM4_Init
                0x0000000008001f48       0xa8 ./Core/Src/tim.o
                0x0000000008001f48                MX_TIM4_Init
 .text.MX_USB_OTG_FS_PCD_Init
                0x0000000008001ff0       0x54 ./Core/Src/usb_otg.o
                0x0000000008001ff0                MX_USB_OTG_FS_PCD_Init
 .text.HAL_PCD_MspInit
                0x0000000008002044       0x84 ./Core/Src/usb_otg.o
                0x0000000008002044                HAL_PCD_MspInit
 .text.Reset_Handler
                0x00000000080020c8       0x50 ./Core/Startup/startup_stm32f411ceux.o
                0x00000000080020c8                Reset_Handler
 .text.Default_Handler
                0x0000000008002118        0x2 ./Core/Startup/startup_stm32f411ceux.o
                0x0000000008002118                RTC_Alarm_IRQHandler
                0x0000000008002118                EXTI2_IRQHandler
                0x0000000008002118                SPI4_IRQHandler
                0x0000000008002118                TIM1_CC_IRQHandler
                0x0000000008002118                DMA2_Stream5_IRQHandler
                0x0000000008002118                PVD_IRQHandler
                0x0000000008002118                SDIO_IRQHandler
                0x0000000008002118                TAMP_STAMP_IRQHandler
                0x0000000008002118                EXTI3_IRQHandler
                0x0000000008002118                EXTI0_IRQHandler
                0x0000000008002118                FPU_IRQHandler
                0x0000000008002118                DMA2_Stream2_IRQHandler
                0x0000000008002118                SPI1_IRQHandler
                0x0000000008002118                TIM1_BRK_TIM9_IRQHandler
                0x0000000008002118                DMA2_Stream3_IRQHandler
                0x0000000008002118                USART6_IRQHandler
                0x0000000008002118                DMA2_Stream0_IRQHandler
                0x0000000008002118                TIM4_IRQHandler
                0x0000000008002118                DMA1_Stream6_IRQHandler
                0x0000000008002118                DMA1_Stream1_IRQHandler
                0x0000000008002118                TIM3_IRQHandler
                0x0000000008002118                RCC_IRQHandler
                0x0000000008002118                Default_Handler
                0x0000000008002118                EXTI15_10_IRQHandler
                0x0000000008002118                ADC_IRQHandler
                0x0000000008002118                DMA1_Stream7_IRQHandler
                0x0000000008002118                SPI5_IRQHandler
                0x0000000008002118                TIM5_IRQHandler
                0x0000000008002118                DMA2_Stream7_IRQHandler
                0x0000000008002118                EXTI9_5_IRQHandler
                0x0000000008002118                RTC_WKUP_IRQHandler
                0x0000000008002118                SPI2_IRQHandler
                0x0000000008002118                EXTI4_IRQHandler
                0x0000000008002118                WWDG_IRQHandler
                0x0000000008002118                TIM2_IRQHandler
                0x0000000008002118                OTG_FS_WKUP_IRQHandler
                0x0000000008002118                TIM1_TRG_COM_TIM11_IRQHandler
                0x0000000008002118                EXTI1_IRQHandler
                0x0000000008002118                USART2_IRQHandler
                0x0000000008002118                DMA2_Stream1_IRQHandler
                0x0000000008002118                FLASH_IRQHandler
                0x0000000008002118                DMA2_Stream4_IRQHandler
                0x0000000008002118                USART1_IRQHandler
                0x0000000008002118                SPI3_IRQHandler
                0x0000000008002118                DMA1_Stream4_IRQHandler
                0x0000000008002118                DMA2_Stream6_IRQHandler
                0x0000000008002118                DMA1_Stream3_IRQHandler
 *fill*         0x000000000800211a        0x2 
 .text.HAL_Init
                0x000000000800211c       0x34 ./Drivers/STM32F4xx_HAL_Driver/Src/stm32f4xx_hal.o
                0x000000000800211c                HAL_Init
 .text.HAL_IncTick
                0x0000000008002150       0x18 ./Drivers/STM32F4xx_HAL_Driver/Src/stm32f4xx_hal.o
                0x0000000008002150                HAL_IncTick
 .text.HAL_GetTick
                0x0000000008002168        0xc ./Drivers/STM32F4xx_HAL_Driver/Src/stm32f4xx_hal.o
                0x0000000008002168                HAL_GetTick
 .text.HAL_Delay
                0x0000000008002174       0x24 ./Drivers/STM32F4xx_HAL_Driver/Src/stm32f4xx_hal.o
                0x0000000008002174                HAL_Delay
 .text.HAL_NVIC_SetPriorityGrouping
                0x0000000008002198       0x24 ./Drivers/STM32F4xx_HAL_Driver/Src/stm32f4xx_hal_cortex.o
                0x0000000008002198                HAL_NVIC_SetPriorityGrouping
 .text.HAL_NVIC_SetPriority
                0x00000000080021bc       0x7c ./Drivers/STM32F4xx_HAL_Driver/Src/stm32f4xx_hal_cortex.o
                0x00000000080021bc                HAL_NVIC_SetPriority
 .text.HAL_NVIC_EnableIRQ
                0x0000000008002238       0x1c ./Drivers/STM32F4xx_HAL_Driver/Src/stm32f4xx_hal_cortex.o
                0x0000000008002238                HAL_NVIC_EnableIRQ
 .text.HAL_DMA_Init
                0x0000000008002254      0x130 ./Drivers/STM32F4xx_HAL_Driver/Src/stm32f4xx_hal_dma.o
                0x0000000008002254                HAL_DMA_Init
 .text.HAL_DMA_Start_IT
                0x0000000008002384       0x80 ./Drivers/STM32F4xx_HAL_Driver/Src/stm32f4xx_hal_dma.o
                0x0000000008002384                HAL_DMA_Start_IT
 .text.HAL_DMA_Abort_IT
                0x0000000008002404       0x24 ./Drivers/STM32F4xx_HAL_Driver/Src/stm32f4xx_hal_dma.o
                0x0000000008002404                HAL_DMA_Abort_IT
 .text.HAL_DMA_IRQHandler
                0x0000000008002428      0x1e0 ./Drivers/STM32F4xx_HAL_Driver/Src/stm32f4xx_hal_dma.o
                0x0000000008002428                HAL_DMA_IRQHandler
 .text.HAL_DMA_GetState
                0x0000000008002608        0x8 ./Drivers/STM32F4xx_HAL_Driver/Src/stm32f4xx_hal_dma.o
                0x0000000008002608                HAL_DMA_GetState
 .text.HAL_GPIO_Init
                0x0000000008002610      0x1e4 ./Drivers/STM32F4xx_HAL_Driver/Src/stm32f4xx_hal_gpio.o
                0x0000000008002610                HAL_GPIO_Init
 .text.HAL_GPIO_ReadPin
                0x00000000080027f4        0xc ./Drivers/STM32F4xx_HAL_Driver/Src/stm32f4xx_hal_gpio.o
                0x00000000080027f4                HAL_GPIO_ReadPin
 .text.HAL_GPIO_WritePin
                0x0000000008002800        0x8 ./Drivers/STM32F4xx_HAL_Driver/Src/stm32f4xx_hal_gpio.o
                0x0000000008002800                HAL_GPIO_WritePin
 .text.I2C_RequestMemoryWrite
                0x0000000008002808      0x1ec ./Drivers/STM32F4xx_HAL_Driver/Src/stm32f4xx_hal_i2c.o
 .text.I2C_RequestMemoryRead
                0x00000000080029f4      0x2a8 ./Drivers/STM32F4xx_HAL_Driver/Src/stm32f4xx_hal_i2c.o
 .text.HAL_I2C_Init
                0x0000000008002c9c      0x190 ./Drivers/STM32F4xx_HAL_Driver/Src/stm32f4xx_hal_i2c.o
                0x0000000008002c9c                HAL_I2C_Init
 .text.HAL_I2C_Mem_Write
                0x0000000008002e2c      0x1e8 ./Drivers/STM32F4xx_HAL_Driver/Src/stm32f4xx_hal_i2c.o
                0x0000000008002e2c                HAL_I2C_Mem_Write
 .text.HAL_I2C_Mem_Read
                0x0000000008003014      0x35c ./Drivers/STM32F4xx_HAL_Driver/Src/stm32f4xx_hal_i2c.o
                0x0000000008003014                HAL_I2C_Mem_Read
 .text.HAL_I2C_MasterTxCpltCallback
                0x0000000008003370        0x4 ./Drivers/STM32F4xx_HAL_Driver/Src/stm32f4xx_hal_i2c.o
                0x0000000008003370                HAL_I2C_MasterTxCpltCallback
 .text.HAL_I2C_MasterRxCpltCallback
                0x0000000008003374        0x4 ./Drivers/STM32F4xx_HAL_Driver/Src/stm32f4xx_hal_i2c.o
                0x0000000008003374                HAL_I2C_MasterRxCpltCallback
 .text.HAL_I2C_SlaveTxCpltCallback
                0x0000000008003378        0x4 ./Drivers/STM32F4xx_HAL_Driver/Src/stm32f4xx_hal_i2c.o
                0x0000000008003378                HAL_I2C_SlaveTxCpltCallback
 .text.HAL_I2C_SlaveRxCpltCallback
                0x000000000800337c        0x4 ./Drivers/STM32F4xx_HAL_Driver/Src/stm32f4xx_hal_i2c.o
                0x000000000800337c                HAL_I2C_SlaveRxCpltCallback
 .text.HAL_I2C_AddrCallback
                0x0000000008003380        0x4 ./Drivers/STM32F4xx_HAL_Driver/Src/stm32f4xx_hal_i2c.o
                0x0000000008003380                HAL_I2C_AddrCallback
 .text.HAL_I2C_ListenCpltCallback
                0x0000000008003384        0x4 ./Drivers/STM32F4xx_HAL_Driver/Src/stm32f4xx_hal_i2c.o
                0x0000000008003384                HAL_I2C_ListenCpltCallback
 .text.HAL_I2C_MemTxCpltCallback
                0x0000000008003388        0x4 ./Drivers/STM32F4xx_HAL_Driver/Src/stm32f4xx_hal_i2c.o
                0x0000000008003388                HAL_I2C_MemTxCpltCallback
 .text.I2C_MemoryTransmit_TXE_BTF
                0x000000000800338c       0xbc ./Drivers/STM32F4xx_HAL_Driver/Src/stm32f4xx_hal_i2c.o
 .text.HAL_I2C_MemRxCpltCallback
                0x0000000008003448        0x4 ./Drivers/STM32F4xx_HAL_Driver/Src/stm32f4xx_hal_i2c.o
                0x0000000008003448                HAL_I2C_MemRxCpltCallback
 .text.HAL_I2C_ErrorCallback
                0x000000000800344c        0x4 ./Drivers/STM32F4xx_HAL_Driver/Src/stm32f4xx_hal_i2c.o
                0x000000000800344c                HAL_I2C_ErrorCallback
 .text.HAL_I2C_AbortCpltCallback
                0x0000000008003450        0x4 ./Drivers/STM32F4xx_HAL_Driver/Src/stm32f4xx_hal_i2c.o
                0x0000000008003450                HAL_I2C_AbortCpltCallback
 .text.I2C_DMAAbort
                0x0000000008003454       0xf4 ./Drivers/STM32F4xx_HAL_Driver/Src/stm32f4xx_hal_i2c.o
 .text.I2C_ITError
                0x0000000008003548      0x16c ./Drivers/STM32F4xx_HAL_Driver/Src/stm32f4xx_hal_i2c.o
 .text.HAL_I2C_EV_IRQHandler
                0x00000000080036b4      0x96c ./Drivers/STM32F4xx_HAL_Driver/Src/stm32f4xx_hal_i2c.o
                0x00000000080036b4                HAL_I2C_EV_IRQHandler
 .text.HAL_I2C_ER_IRQHandler
                0x0000000008004020      0x190 ./Drivers/STM32F4xx_HAL_Driver/Src/stm32f4xx_hal_i2c.o
                0x0000000008004020                HAL_I2C_ER_IRQHandler
 .text.HAL_PCD_Init
                0x00000000080041b0      0x11c ./Drivers/STM32F4xx_HAL_Driver/Src/stm32f4xx_hal_pcd.o
                0x00000000080041b0                HAL_PCD_Init
 .text.HAL_PCD_Start
                0x00000000080042cc       0x40 ./Drivers/STM32F4xx_HAL_Driver/Src/stm32f4xx_hal_pcd.o
                0x00000000080042cc                HAL_PCD_Start
 .text.HAL_PCD_IRQHandler
                0x000000000800430c      0xb18 ./Drivers/STM32F4xx_HAL_Driver/Src/stm32f4xx_hal_pcd.o
                0x000000000800430c                HAL_PCD_IRQHandler
 .text.HAL_PCD_SetAddress
                0x0000000008004e24       0x28 ./Drivers/STM32F4xx_HAL_Driver/Src/stm32f4xx_hal_pcd.o
                0x0000000008004e24                HAL_PCD_SetAddress
 .text.HAL_PCD_EP_Open
                0x0000000008004e4c       0x7c ./Drivers/STM32F4xx_HAL_Driver/Src/stm32f4xx_hal_pcd.o
                0x0000000008004e4c                HAL_PCD_EP_Open
 .text.HAL_PCD_EP_Close
                0x0000000008004ec8       0x5c ./Drivers/STM32F4xx_HAL_Driver/Src/stm32f4xx_hal_pcd.o
                0x0000000008004ec8                HAL_PCD_EP_Close
 .text.HAL_PCD_EP_Receive
                0x0000000008004f24       0x50 ./Drivers/STM32F4xx_HAL_Driver/Src/stm32f4xx_hal_pcd.o
                0x0000000008004f24                HAL_PCD_EP_Receive
 .text.HAL_PCD_EP_GetRxCount
                0x0000000008004f74       0x14 ./Drivers/STM32F4xx_HAL_Driver/Src/stm32f4xx_hal_pcd.o
                0x0000000008004f74                HAL_PCD_EP_GetRxCount
 .text.HAL_PCD_EP_Transmit
                0x0000000008004f88       0x50 ./Drivers/STM32F4xx_HAL_Driver/Src/stm32f4xx_hal_pcd.o
                0x0000000008004f88                HAL_PCD_EP_Transmit
 .text.HAL_PCD_EP_SetStall
                0x0000000008004fd8       0x88 ./Drivers/STM32F4xx_HAL_Driver/Src/stm32f4xx_hal_pcd.o
                0x0000000008004fd8                HAL_PCD_EP_SetStall
 .text.HAL_PCD_EP_ClrStall
                0x0000000008005060       0x70 ./Drivers/STM32F4xx_HAL_Driver/Src/stm32f4xx_hal_pcd.o
                0x0000000008005060                HAL_PCD_EP_ClrStall
 .text.HAL_PCDEx_SetTxFiFo
                0x00000000080050d0       0x54 ./Drivers/STM32F4xx_HAL_Driver/Src/stm32f4xx_hal_pcd_ex.o
                0x00000000080050d0                HAL_PCDEx_SetTxFiFo
 .text.HAL_PCDEx_SetRxFiFo
                0x0000000008005124        0x8 ./Drivers/STM32F4xx_HAL_Driver/Src/stm32f4xx_hal_pcd_ex.o
                0x0000000008005124                HAL_PCDEx_SetRxFiFo
 .text.HAL_PCDEx_LPM_Callback
                0x000000000800512c        0x4 ./Drivers/STM32F4xx_HAL_Driver/Src/stm32f4xx_hal_pcd_ex.o
                0x000000000800512c                HAL_PCDEx_LPM_Callback
 .text.HAL_RCC_OscConfig
                0x0000000008005130      0x3c8 ./Drivers/STM32F4xx_HAL_Driver/Src/stm32f4xx_hal_rcc.o
                0x0000000008005130                HAL_RCC_OscConfig
 .text.HAL_RCC_GetSysClockFreq
                0x00000000080054f8       0x68 ./Drivers/STM32F4xx_HAL_Driver/Src/stm32f4xx_hal_rcc.o
                0x00000000080054f8                HAL_RCC_GetSysClockFreq
 .text.HAL_RCC_ClockConfig
                0x0000000008005560      0x13c ./Drivers/STM32F4xx_HAL_Driver/Src/stm32f4xx_hal_rcc.o
                0x0000000008005560                HAL_RCC_ClockConfig
 .text.HAL_RCC_GetHCLKFreq
                0x000000000800569c        0xc ./Drivers/STM32F4xx_HAL_Driver/Src/stm32f4xx_hal_rcc.o
                0x000000000800569c                HAL_RCC_GetHCLKFreq
 .text.HAL_RCC_GetPCLK1Freq
                0x00000000080056a8       0x20 ./Drivers/STM32F4xx_HAL_Driver/Src/stm32f4xx_hal_rcc.o
                0x00000000080056a8                HAL_RCC_GetPCLK1Freq
 .text.HAL_RCC_GetPCLK2Freq
                0x00000000080056c8       0x20 ./Drivers/STM32F4xx_HAL_Driver/Src/stm32f4xx_hal_rcc.o
                0x00000000080056c8                HAL_RCC_GetPCLK2Freq
 .text.HAL_RCC_GetClockConfig
                0x00000000080056e8       0x44 ./Drivers/STM32F4xx_HAL_Driver/Src/stm32f4xx_hal_rcc.o
                0x00000000080056e8                HAL_RCC_GetClockConfig
 .text.HAL_TIM_Base_MspInit
                0x000000000800572c        0x4 ./Drivers/STM32F4xx_HAL_Driver/Src/stm32f4xx_hal_tim.o
                0x000000000800572c                HAL_TIM_Base_MspInit
 .text.HAL_TIM_Base_Init
                0x0000000008005730       0xfc ./Drivers/STM32F4xx_HAL_Driver/Src/stm32f4xx_hal_tim.o
                0x0000000008005730                HAL_TIM_Base_Init
 .text.HAL_TIM_Base_Start_IT
                0x000000000800582c       0x68 ./Drivers/STM32F4xx_HAL_Driver/Src/stm32f4xx_hal_tim.o
                0x000000000800582c                HAL_TIM_Base_Start_IT
 .text.HAL_TIM_PWM_Init
                0x0000000008005894       0xfc ./Drivers/STM32F4xx_HAL_Driver/Src/stm32f4xx_hal_tim.o
                0x0000000008005894                HAL_TIM_PWM_Init
 .text.HAL_TIM_PWM_Start
                0x0000000008005990       0xc4 ./Drivers/STM32F4xx_HAL_Driver/Src/stm32f4xx_hal_tim.o
                0x0000000008005990                HAL_TIM_PWM_Start
 .text.HAL_TIM_PWM_Start_DMA
                0x0000000008005a54      0x220 ./Drivers/STM32F4xx_HAL_Driver/Src/stm32f4xx_hal_tim.o
                0x0000000008005a54                HAL_TIM_PWM_Start_DMA
 .text.HAL_TIM_PWM_ConfigChannel
                0x0000000008005c74      0x20c ./Drivers/STM32F4xx_HAL_Driver/Src/stm32f4xx_hal_tim.o
                0x0000000008005c74                HAL_TIM_PWM_ConfigChannel
 .text.HAL_TIM_OC_DelayElapsedCallback
                0x0000000008005e80        0x4 ./Drivers/STM32F4xx_HAL_Driver/Src/stm32f4xx_hal_tim.o
                0x0000000008005e80                HAL_TIM_OC_DelayElapsedCallback
 .text.HAL_TIM_IC_CaptureCallback
                0x0000000008005e84        0x4 ./Drivers/STM32F4xx_HAL_Driver/Src/stm32f4xx_hal_tim.o
                0x0000000008005e84                HAL_TIM_IC_CaptureCallback
 .text.HAL_TIM_PWM_PulseFinishedCallback
                0x0000000008005e88        0x4 ./Drivers/STM32F4xx_HAL_Driver/Src/stm32f4xx_hal_tim.o
                0x0000000008005e88                HAL_TIM_PWM_PulseFinishedCallback
 .text.TIM_DMADelayPulseCplt
                0x0000000008005e8c       0x84 ./Drivers/STM32F4xx_HAL_Driver/Src/stm32f4xx_hal_tim.o
 .text.HAL_TIM_PWM_PulseFinishedHalfCpltCallback
                0x0000000008005f10        0x4 ./Drivers/STM32F4xx_HAL_Driver/Src/stm32f4xx_hal_tim.o
                0x0000000008005f10                HAL_TIM_PWM_PulseFinishedHalfCpltCallback
 .text.TIM_DMADelayPulseHalfCplt
                0x0000000008005f14       0x5c ./Drivers/STM32F4xx_HAL_Driver/Src/stm32f4xx_hal_tim.o
                0x0000000008005f14                TIM_DMADelayPulseHalfCplt
 .text.HAL_TIM_TriggerCallback
                0x0000000008005f70        0x4 ./Drivers/STM32F4xx_HAL_Driver/Src/stm32f4xx_hal_tim.o
                0x0000000008005f70                HAL_TIM_TriggerCallback
 .text.HAL_TIM_IRQHandler
                0x0000000008005f74      0x154 ./Drivers/STM32F4xx_HAL_Driver/Src/stm32f4xx_hal_tim.o
                0x0000000008005f74                HAL_TIM_IRQHandler
 .text.HAL_TIM_ErrorCallback
                0x00000000080060c8        0x4 ./Drivers/STM32F4xx_HAL_Driver/Src/stm32f4xx_hal_tim.o
                0x00000000080060c8                HAL_TIM_ErrorCallback
 .text.TIM_DMAError
                0x00000000080060cc       0x84 ./Drivers/STM32F4xx_HAL_Driver/Src/stm32f4xx_hal_tim.o
                0x00000000080060cc                TIM_DMAError
 .text.HAL_TIMEx_MasterConfigSynchronization
                0x0000000008006150       0x70 ./Drivers/STM32F4xx_HAL_Driver/Src/stm32f4xx_hal_tim_ex.o
                0x0000000008006150                HAL_TIMEx_MasterConfigSynchronization
 .text.HAL_TIMEx_CommutCallback
                0x00000000080061c0        0x4 ./Drivers/STM32F4xx_HAL_Driver/Src/stm32f4xx_hal_tim_ex.o
                0x00000000080061c0                HAL_TIMEx_CommutCallback
 .text.HAL_TIMEx_BreakCallback
                0x00000000080061c4        0x4 ./Drivers/STM32F4xx_HAL_Driver/Src/stm32f4xx_hal_tim_ex.o
                0x00000000080061c4                HAL_TIMEx_BreakCallback
 .text.USB_CoreInit
                0x00000000080061c8      0x104 ./Drivers/STM32F4xx_HAL_Driver/Src/stm32f4xx_ll_usb.o
                0x00000000080061c8                USB_CoreInit
 .text.USB_SetTurnaroundTime
                0x00000000080062cc       0xf4 ./Drivers/STM32F4xx_HAL_Driver/Src/stm32f4xx_ll_usb.o
                0x00000000080062cc                USB_SetTurnaroundTime
 .text.USB_EnableGlobalInt
                0x00000000080063c0       0x10 ./Drivers/STM32F4xx_HAL_Driver/Src/stm32f4xx_ll_usb.o
                0x00000000080063c0                USB_EnableGlobalInt
 .text.USB_DisableGlobalInt
                0x00000000080063d0       0x10 ./Drivers/STM32F4xx_HAL_Driver/Src/stm32f4xx_ll_usb.o
                0x00000000080063d0                USB_DisableGlobalInt
 .text.USB_SetCurrentMode
                0x00000000080063e0       0x70 ./Drivers/STM32F4xx_HAL_Driver/Src/stm32f4xx_ll_usb.o
                0x00000000080063e0                USB_SetCurrentMode
 .text.USB_DevInit
                0x0000000008006450      0x234 ./Drivers/STM32F4xx_HAL_Driver/Src/stm32f4xx_ll_usb.o
                0x0000000008006450                USB_DevInit
 .text.USB_FlushTxFifo
                0x0000000008006684       0x54 ./Drivers/STM32F4xx_HAL_Driver/Src/stm32f4xx_ll_usb.o
                0x0000000008006684                USB_FlushTxFifo
 .text.USB_GetDevSpeed
                0x00000000080066d8       0x18 ./Drivers/STM32F4xx_HAL_Driver/Src/stm32f4xx_ll_usb.o
                0x00000000080066d8                USB_GetDevSpeed
 .text.USB_ActivateEndpoint
                0x00000000080066f0       0x98 ./Drivers/STM32F4xx_HAL_Driver/Src/stm32f4xx_ll_usb.o
                0x00000000080066f0                USB_ActivateEndpoint
 .text.USB_DeactivateEndpoint
                0x0000000008006788       0xc4 ./Drivers/STM32F4xx_HAL_Driver/Src/stm32f4xx_ll_usb.o
                0x0000000008006788                USB_DeactivateEndpoint
 .text.USB_EPStartXfer
                0x000000000800684c      0x218 ./Drivers/STM32F4xx_HAL_Driver/Src/stm32f4xx_ll_usb.o
                0x000000000800684c                USB_EPStartXfer
 .text.USB_EP0StartXfer
                0x0000000008006a64      0x158 ./Drivers/STM32F4xx_HAL_Driver/Src/stm32f4xx_ll_usb.o
                0x0000000008006a64                USB_EP0StartXfer
 .text.USB_EPStopXfer
                0x0000000008006bbc       0x88 ./Drivers/STM32F4xx_HAL_Driver/Src/stm32f4xx_ll_usb.o
                0x0000000008006bbc                USB_EPStopXfer
 .text.USB_WritePacket
                0x0000000008006c44       0x2c ./Drivers/STM32F4xx_HAL_Driver/Src/stm32f4xx_ll_usb.o
                0x0000000008006c44                USB_WritePacket
 .text.USB_ReadPacket
                0x0000000008006c70       0x50 ./Drivers/STM32F4xx_HAL_Driver/Src/stm32f4xx_ll_usb.o
                0x0000000008006c70                USB_ReadPacket
 .text.USB_EPSetStall
                0x0000000008006cc0       0x5c ./Drivers/STM32F4xx_HAL_Driver/Src/stm32f4xx_ll_usb.o
                0x0000000008006cc0                USB_EPSetStall
 .text.USB_EPClearStall
                0x0000000008006d1c       0x58 ./Drivers/STM32F4xx_HAL_Driver/Src/stm32f4xx_ll_usb.o
                0x0000000008006d1c                USB_EPClearStall
 .text.USB_SetDevAddress
                0x0000000008006d74       0x20 ./Drivers/STM32F4xx_HAL_Driver/Src/stm32f4xx_ll_usb.o
                0x0000000008006d74                USB_SetDevAddress
 .text.USB_DevConnect
                0x0000000008006d94       0x20 ./Drivers/STM32F4xx_HAL_Driver/Src/stm32f4xx_ll_usb.o
                0x0000000008006d94                USB_DevConnect
 .text.USB_DevDisconnect
                0x0000000008006db4       0x20 ./Drivers/STM32F4xx_HAL_Driver/Src/stm32f4xx_ll_usb.o
                0x0000000008006db4                USB_DevDisconnect
 .text.USB_ReadInterrupts
                0x0000000008006dd4        0x8 ./Drivers/STM32F4xx_HAL_Driver/Src/stm32f4xx_ll_usb.o
                0x0000000008006dd4                USB_ReadInterrupts
 .text.USB_ReadDevAllOutEpInterrupt
                0x0000000008006ddc       0x10 ./Drivers/STM32F4xx_HAL_Driver/Src/stm32f4xx_ll_usb.o
                0x0000000008006ddc                USB_ReadDevAllOutEpInterrupt
 .text.USB_ReadDevAllInEpInterrupt
                0x0000000008006dec       0x10 ./Drivers/STM32F4xx_HAL_Driver/Src/stm32f4xx_ll_usb.o
                0x0000000008006dec                USB_ReadDevAllInEpInterrupt
 .text.USB_ReadDevOutEPInterrupt
                0x0000000008006dfc       0x14 ./Drivers/STM32F4xx_HAL_Driver/Src/stm32f4xx_ll_usb.o
                0x0000000008006dfc                USB_ReadDevOutEPInterrupt
 .text.USB_ReadDevInEPInterrupt
                0x0000000008006e10       0x20 ./Drivers/STM32F4xx_HAL_Driver/Src/stm32f4xx_ll_usb.o
                0x0000000008006e10                USB_ReadDevInEPInterrupt
 .text.USB_GetMode
                0x0000000008006e30        0x8 ./Drivers/STM32F4xx_HAL_Driver/Src/stm32f4xx_ll_usb.o
                0x0000000008006e30                USB_GetMode
 .text.USB_ActivateSetup
                0x0000000008006e38       0x24 ./Drivers/STM32F4xx_HAL_Driver/Src/stm32f4xx_ll_usb.o
                0x0000000008006e38                USB_ActivateSetup
 .text.USB_EP0_OutStart
                0x0000000008006e5c       0x58 ./Drivers/STM32F4xx_HAL_Driver/Src/stm32f4xx_ll_usb.o
                0x0000000008006e5c                USB_EP0_OutStart
 .text.MX_USB_DEVICE_Init
                0x0000000008006eb4       0x78 ./Middlewares/Third_Party/AL94_USB_Composite/COMPOSITE/App/usb_device.o
                0x0000000008006eb4                MX_USB_DEVICE_Init
 .text.CDC_DeInit
                0x0000000008006f2c        0x4 ./Middlewares/Third_Party/AL94_USB_Composite/COMPOSITE/App/usbd_cdc_acm_if.o
 .text.CDC_TransmitCplt
                0x0000000008006f30        0x4 ./Middlewares/Third_Party/AL94_USB_Composite/COMPOSITE/App/usbd_cdc_acm_if.o
 .text.CDC_Init
                0x0000000008006f34       0x1c ./Middlewares/Third_Party/AL94_USB_Composite/COMPOSITE/App/usbd_cdc_acm_if.o
 .text.CDC_Receive
                0x0000000008006f50       0x74 ./Middlewares/Third_Party/AL94_USB_Composite/COMPOSITE/App/usbd_cdc_acm_if.o
 .text.CDC_Control
                0x0000000008006fc4       0x6c ./Middlewares/Third_Party/AL94_USB_Composite/COMPOSITE/App/usbd_cdc_acm_if.o
 .text.CDC_Transmit
                0x0000000008007030       0x38 ./Middlewares/Third_Party/AL94_USB_Composite/COMPOSITE/App/usbd_cdc_acm_if.o
                0x0000000008007030                CDC_Transmit
 .text.USBD_DeviceDescriptor
                0x0000000008007068        0xc ./Middlewares/Third_Party/AL94_USB_Composite/COMPOSITE/App/usbd_desc.o
                0x0000000008007068                USBD_DeviceDescriptor
 .text.USBD_LangIDStrDescriptor
                0x0000000008007074        0xc ./Middlewares/Third_Party/AL94_USB_Composite/COMPOSITE/App/usbd_desc.o
                0x0000000008007074                USBD_LangIDStrDescriptor
 .text.USBD_ManufacturerStrDescriptor
                0x0000000008007080       0x1c ./Middlewares/Third_Party/AL94_USB_Composite/COMPOSITE/App/usbd_desc.o
                0x0000000008007080                USBD_ManufacturerStrDescriptor
 .text.USBD_ProductStrDescriptor
                0x000000000800709c       0x1c ./Middlewares/Third_Party/AL94_USB_Composite/COMPOSITE/App/usbd_desc.o
                0x000000000800709c                USBD_ProductStrDescriptor
 .text.USBD_ConfigStrDescriptor
                0x00000000080070b8       0x1c ./Middlewares/Third_Party/AL94_USB_Composite/COMPOSITE/App/usbd_desc.o
                0x00000000080070b8                USBD_ConfigStrDescriptor
 .text.USBD_InterfaceStrDescriptor
                0x00000000080070d4       0x1c ./Middlewares/Third_Party/AL94_USB_Composite/COMPOSITE/App/usbd_desc.o
                0x00000000080070d4                USBD_InterfaceStrDescriptor
 .text.USBD_SerialStrDescriptor
                0x00000000080070f0      0x120 ./Middlewares/Third_Party/AL94_USB_Composite/COMPOSITE/App/usbd_desc.o
                0x00000000080070f0                USBD_SerialStrDescriptor
 .text.USBD_CDC_EP0_RxReady
                0x0000000008007210       0x54 ./Middlewares/Third_Party/AL94_USB_Composite/COMPOSITE/Class/CDC_ACM/Src/usbd_cdc_acm.o
 .text.USBD_CDC_GetFSCfgDesc
                0x0000000008007264        0xc ./Middlewares/Third_Party/AL94_USB_Composite/COMPOSITE/Class/CDC_ACM/Src/usbd_cdc_acm.o
 .text.USBD_CDC_GetHSCfgDesc
                0x0000000008007270        0xc ./Middlewares/Third_Party/AL94_USB_Composite/COMPOSITE/Class/CDC_ACM/Src/usbd_cdc_acm.o
 .text.USBD_CDC_GetDeviceQualifierDescriptor
                0x000000000800727c        0xc ./Middlewares/Third_Party/AL94_USB_Composite/COMPOSITE/Class/CDC_ACM/Src/usbd_cdc_acm.o
 .text.USBD_CDC_DataOut
                0x0000000008007288       0x68 ./Middlewares/Third_Party/AL94_USB_Composite/COMPOSITE/Class/CDC_ACM/Src/usbd_cdc_acm.o
 .text.USBD_CDC_DataIn
                0x00000000080072f0       0xa8 ./Middlewares/Third_Party/AL94_USB_Composite/COMPOSITE/Class/CDC_ACM/Src/usbd_cdc_acm.o
 .text.USBD_CDC_Setup
                0x0000000008007398      0x170 ./Middlewares/Third_Party/AL94_USB_Composite/COMPOSITE/Class/CDC_ACM/Src/usbd_cdc_acm.o
 .text.USBD_CDC_DeInit
                0x0000000008007508       0x94 ./Middlewares/Third_Party/AL94_USB_Composite/COMPOSITE/Class/CDC_ACM/Src/usbd_cdc_acm.o
 .text.USBD_CDC_Init
                0x000000000800759c      0x118 ./Middlewares/Third_Party/AL94_USB_Composite/COMPOSITE/Class/CDC_ACM/Src/usbd_cdc_acm.o
 .text.USBD_CDC_GetOtherSpeedCfgDesc
                0x00000000080076b4        0xc ./Middlewares/Third_Party/AL94_USB_Composite/COMPOSITE/Class/CDC_ACM/Src/usbd_cdc_acm.o
 .text.USBD_CDC_ACM_RegisterInterface
                0x00000000080076c0       0x10 ./Middlewares/Third_Party/AL94_USB_Composite/COMPOSITE/Class/CDC_ACM/Src/usbd_cdc_acm.o
                0x00000000080076c0                USBD_CDC_ACM_RegisterInterface
 .text.USBD_CDC_SetTxBuffer
                0x00000000080076d0       0x1c ./Middlewares/Third_Party/AL94_USB_Composite/COMPOSITE/Class/CDC_ACM/Src/usbd_cdc_acm.o
                0x00000000080076d0                USBD_CDC_SetTxBuffer
 .text.USBD_CDC_SetRxBuffer
                0x00000000080076ec       0x18 ./Middlewares/Third_Party/AL94_USB_Composite/COMPOSITE/Class/CDC_ACM/Src/usbd_cdc_acm.o
                0x00000000080076ec                USBD_CDC_SetRxBuffer
 .text.USBD_CDC_TransmitPacket
                0x0000000008007704       0x4c ./Middlewares/Third_Party/AL94_USB_Composite/COMPOSITE/Class/CDC_ACM/Src/usbd_cdc_acm.o
                0x0000000008007704                USBD_CDC_TransmitPacket
 .text.USBD_CDC_ReceivePacket
                0x0000000008007750       0x50 ./Middlewares/Third_Party/AL94_USB_Composite/COMPOSITE/Class/CDC_ACM/Src/usbd_cdc_acm.o
                0x0000000008007750                USBD_CDC_ReceivePacket
 .text.USBD_Update_CDC_ACM_DESC
                0x00000000080077a0      0x130 ./Middlewares/Third_Party/AL94_USB_Composite/COMPOSITE/Class/CDC_ACM/Src/usbd_cdc_acm.o
                0x00000000080077a0                USBD_Update_CDC_ACM_DESC
 .text.USBD_COMPOSITE_Init
                0x00000000080078d0       0x10 ./Middlewares/Third_Party/AL94_USB_Composite/COMPOSITE/Class/COMPOSITE/Src/usbd_composite.o
 .text.USBD_COMPOSITE_DeInit
                0x00000000080078e0       0x10 ./Middlewares/Third_Party/AL94_USB_Composite/COMPOSITE/Class/COMPOSITE/Src/usbd_composite.o
 .text.USBD_COMPOSITE_EP0_RxReady
                0x00000000080078f0       0x10 ./Middlewares/Third_Party/AL94_USB_Composite/COMPOSITE/Class/COMPOSITE/Src/usbd_composite.o
 .text.USBD_COMPOSITE_EP0_TxReady
                0x0000000008007900        0x4 ./Middlewares/Third_Party/AL94_USB_Composite/COMPOSITE/Class/COMPOSITE/Src/usbd_composite.o
 .text.USBD_COMPOSITE_IsoINIncomplete
                0x0000000008007904        0x4 ./Middlewares/Third_Party/AL94_USB_Composite/COMPOSITE/Class/COMPOSITE/Src/usbd_composite.o
 .text.USBD_COMPOSITE_GetHSCfgDesc
                0x0000000008007908        0xc ./Middlewares/Third_Party/AL94_USB_Composite/COMPOSITE/Class/COMPOSITE/Src/usbd_composite.o
 .text.USBD_COMPOSITE_GetFSCfgDesc
                0x0000000008007914        0xc ./Middlewares/Third_Party/AL94_USB_Composite/COMPOSITE/Class/COMPOSITE/Src/usbd_composite.o
 .text.USBD_COMPOSITE_GetDeviceQualifierDesc
                0x0000000008007920        0xc ./Middlewares/Third_Party/AL94_USB_Composite/COMPOSITE/Class/COMPOSITE/Src/usbd_composite.o
 .text.USBD_COMPOSITE_GetUsrStringDesc
                0x000000000800792c       0x98 ./Middlewares/Third_Party/AL94_USB_Composite/COMPOSITE/Class/COMPOSITE/Src/usbd_composite.o
 .text.USBD_COMPOSITE_Setup
                0x00000000080079c4       0x50 ./Middlewares/Third_Party/AL94_USB_Composite/COMPOSITE/Class/COMPOSITE/Src/usbd_composite.o
 .text.USBD_COMPOSITE_DataIn
                0x0000000008007a14       0x68 ./Middlewares/Third_Party/AL94_USB_Composite/COMPOSITE/Class/COMPOSITE/Src/usbd_composite.o
 .text.USBD_COMPOSITE_DataOut
                0x0000000008007a7c       0x28 ./Middlewares/Third_Party/AL94_USB_Composite/COMPOSITE/Class/COMPOSITE/Src/usbd_composite.o
 .text.USBD_COMPOSITE_IsoOutIncomplete
                0x0000000008007aa4        0x4 ./Middlewares/Third_Party/AL94_USB_Composite/COMPOSITE/Class/COMPOSITE/Src/usbd_composite.o
 .text.USBD_COMPOSITE_SOF
                0x0000000008007aa8        0x4 ./Middlewares/Third_Party/AL94_USB_Composite/COMPOSITE/Class/COMPOSITE/Src/usbd_composite.o
 .text.USBD_COMPOSITE_GetOtherSpeedCfgDesc
                0x0000000008007aac        0xc ./Middlewares/Third_Party/AL94_USB_Composite/COMPOSITE/Class/COMPOSITE/Src/usbd_composite.o
 .text.USBD_COMPOSITE_Mount_Class
                0x0000000008007ab8       0xb8 ./Middlewares/Third_Party/AL94_USB_Composite/COMPOSITE/Class/COMPOSITE/Src/usbd_composite.o
                0x0000000008007ab8                USBD_COMPOSITE_Mount_Class
 .text.USBD_Init
                0x0000000008007b70       0x24 ./Middlewares/Third_Party/AL94_USB_Composite/COMPOSITE/Core/Src/usbd_core.o
                0x0000000008007b70                USBD_Init
 .text.USBD_RegisterClass
                0x0000000008007b94       0x4c ./Middlewares/Third_Party/AL94_USB_Composite/COMPOSITE/Core/Src/usbd_core.o
                0x0000000008007b94                USBD_RegisterClass
 .text.USBD_Start
                0x0000000008007be0        0x4 ./Middlewares/Third_Party/AL94_USB_Composite/COMPOSITE/Core/Src/usbd_core.o
                0x0000000008007be0                USBD_Start
 .text.USBD_SetClassConfig
                0x0000000008007be4       0x10 ./Middlewares/Third_Party/AL94_USB_Composite/COMPOSITE/Core/Src/usbd_core.o
                0x0000000008007be4                USBD_SetClassConfig
 .text.USBD_ClrClassConfig
                0x0000000008007bf4       0x10 ./Middlewares/Third_Party/AL94_USB_Composite/COMPOSITE/Core/Src/usbd_core.o
                0x0000000008007bf4                USBD_ClrClassConfig
 .text.USBD_LL_SetupStage
                0x0000000008007c04       0x60 ./Middlewares/Third_Party/AL94_USB_Composite/COMPOSITE/Core/Src/usbd_core.o
                0x0000000008007c04                USBD_LL_SetupStage
 .text.USBD_LL_DataOutStage
                0x0000000008007c64       0x68 ./Middlewares/Third_Party/AL94_USB_Composite/COMPOSITE/Core/Src/usbd_core.o
                0x0000000008007c64                USBD_LL_DataOutStage
 .text.USBD_LL_DataInStage
                0x0000000008007ccc       0xac ./Middlewares/Third_Party/AL94_USB_Composite/COMPOSITE/Core/Src/usbd_core.o
                0x0000000008007ccc                USBD_LL_DataInStage
 .text.USBD_LL_Reset
                0x0000000008007d78       0x54 ./Middlewares/Third_Party/AL94_USB_Composite/COMPOSITE/Core/Src/usbd_core.o
                0x0000000008007d78                USBD_LL_Reset
 .text.USBD_LL_SetSpeed
                0x0000000008007dcc        0x8 ./Middlewares/Third_Party/AL94_USB_Composite/COMPOSITE/Core/Src/usbd_core.o
                0x0000000008007dcc                USBD_LL_SetSpeed
 .text.USBD_LL_Suspend
                0x0000000008007dd4       0x18 ./Middlewares/Third_Party/AL94_USB_Composite/COMPOSITE/Core/Src/usbd_core.o
                0x0000000008007dd4                USBD_LL_Suspend
 .text.USBD_LL_Resume
                0x0000000008007dec       0x18 ./Middlewares/Third_Party/AL94_USB_Composite/COMPOSITE/Core/Src/usbd_core.o
                0x0000000008007dec                USBD_LL_Resume
 .text.USBD_LL_SOF
                0x0000000008007e04       0x28 ./Middlewares/Third_Party/AL94_USB_Composite/COMPOSITE/Core/Src/usbd_core.o
                0x0000000008007e04                USBD_LL_SOF
 .text.USBD_LL_IsoINIncomplete
                0x0000000008007e2c       0x28 ./Middlewares/Third_Party/AL94_USB_Composite/COMPOSITE/Core/Src/usbd_core.o
                0x0000000008007e2c                USBD_LL_IsoINIncomplete
 .text.USBD_LL_IsoOUTIncomplete
                0x0000000008007e54       0x28 ./Middlewares/Third_Party/AL94_USB_Composite/COMPOSITE/Core/Src/usbd_core.o
                0x0000000008007e54                USBD_LL_IsoOUTIncomplete
 .text.USBD_LL_DevConnected
                0x0000000008007e7c        0x4 ./Middlewares/Third_Party/AL94_USB_Composite/COMPOSITE/Core/Src/usbd_core.o
                0x0000000008007e7c                USBD_LL_DevConnected
 .text.USBD_LL_DevDisconnected
                0x0000000008007e80       0x1c ./Middlewares/Third_Party/AL94_USB_Composite/COMPOSITE/Core/Src/usbd_core.o
                0x0000000008007e80                USBD_LL_DevDisconnected
 .text.USBD_StdDevReq
                0x0000000008007e9c      0x354 ./Middlewares/Third_Party/AL94_USB_Composite/COMPOSITE/Core/Src/usbd_ctlreq.o
                0x0000000008007e9c                USBD_StdDevReq
 .text.USBD_StdItfReq
                0x00000000080081f0       0x60 ./Middlewares/Third_Party/AL94_USB_Composite/COMPOSITE/Core/Src/usbd_ctlreq.o
                0x00000000080081f0                USBD_StdItfReq
 .text.USBD_StdEPReq
                0x0000000008008250      0x134 ./Middlewares/Third_Party/AL94_USB_Composite/COMPOSITE/Core/Src/usbd_ctlreq.o
                0x0000000008008250                USBD_StdEPReq
 .text.USBD_ParseSetupRequest
                0x0000000008008384       0x18 ./Middlewares/Third_Party/AL94_USB_Composite/COMPOSITE/Core/Src/usbd_ctlreq.o
                0x0000000008008384                USBD_ParseSetupRequest
 .text.USBD_CtlError
                0x000000000800839c       0x18 ./Middlewares/Third_Party/AL94_USB_Composite/COMPOSITE/Core/Src/usbd_ctlreq.o
                0x000000000800839c                USBD_CtlError
 .text.USBD_GetString
                0x00000000080083b4       0x54 ./Middlewares/Third_Party/AL94_USB_Composite/COMPOSITE/Core/Src/usbd_ctlreq.o
                0x00000000080083b4                USBD_GetString
 .text.USBD_CtlSendData
                0x0000000008008408       0x1c ./Middlewares/Third_Party/AL94_USB_Composite/COMPOSITE/Core/Src/usbd_ioreq.o
                0x0000000008008408                USBD_CtlSendData
 .text.USBD_CtlContinueSendData
                0x0000000008008424       0x10 ./Middlewares/Third_Party/AL94_USB_Composite/COMPOSITE/Core/Src/usbd_ioreq.o
                0x0000000008008424                USBD_CtlContinueSendData
 .text.USBD_CtlPrepareRx
                0x0000000008008434       0x1c ./Middlewares/Third_Party/AL94_USB_Composite/COMPOSITE/Core/Src/usbd_ioreq.o
                0x0000000008008434                USBD_CtlPrepareRx
 .text.USBD_CtlContinueRx
                0x0000000008008450       0x10 ./Middlewares/Third_Party/AL94_USB_Composite/COMPOSITE/Core/Src/usbd_ioreq.o
                0x0000000008008450                USBD_CtlContinueRx
 .text.USBD_CtlSendStatus
                0x0000000008008460       0x18 ./Middlewares/Third_Party/AL94_USB_Composite/COMPOSITE/Core/Src/usbd_ioreq.o
                0x0000000008008460                USBD_CtlSendStatus
 .text.USBD_CtlReceiveStatus
                0x0000000008008478       0x18 ./Middlewares/Third_Party/AL94_USB_Composite/COMPOSITE/Core/Src/usbd_ioreq.o
                0x0000000008008478                USBD_CtlReceiveStatus
 .text.HAL_PCD_SetupStageCallback
                0x0000000008008490        0xc ./Middlewares/Third_Party/AL94_USB_Composite/COMPOSITE/Target/usbd_conf.o
                0x0000000008008490                HAL_PCD_SetupStageCallback
 .text.HAL_PCD_DataOutStageCallback
                0x000000000800849c       0x14 ./Middlewares/Third_Party/AL94_USB_Composite/COMPOSITE/Target/usbd_conf.o
                0x000000000800849c                HAL_PCD_DataOutStageCallback
 .text.HAL_PCD_DataInStageCallback
                0x00000000080084b0       0x14 ./Middlewares/Third_Party/AL94_USB_Composite/COMPOSITE/Target/usbd_conf.o
                0x00000000080084b0                HAL_PCD_DataInStageCallback
 .text.HAL_PCD_SOFCallback
                0x00000000080084c4        0x8 ./Middlewares/Third_Party/AL94_USB_Composite/COMPOSITE/Target/usbd_conf.o
                0x00000000080084c4                HAL_PCD_SOFCallback
 .text.HAL_PCD_ResetCallback
                0x00000000080084cc       0x2c ./Middlewares/Third_Party/AL94_USB_Composite/COMPOSITE/Target/usbd_conf.o
                0x00000000080084cc                HAL_PCD_ResetCallback
 .text.HAL_PCD_SuspendCallback
                0x00000000080084f8       0x30 ./Middlewares/Third_Party/AL94_USB_Composite/COMPOSITE/Target/usbd_conf.o
                0x00000000080084f8                HAL_PCD_SuspendCallback
 .text.HAL_PCD_ResumeCallback
                0x0000000008008528        0x8 ./Middlewares/Third_Party/AL94_USB_Composite/COMPOSITE/Target/usbd_conf.o
                0x0000000008008528                HAL_PCD_ResumeCallback
 .text.HAL_PCD_ISOOUTIncompleteCallback
                0x0000000008008530        0x8 ./Middlewares/Third_Party/AL94_USB_Composite/COMPOSITE/Target/usbd_conf.o
                0x0000000008008530                HAL_PCD_ISOOUTIncompleteCallback
 .text.HAL_PCD_ISOINIncompleteCallback
                0x0000000008008538        0x8 ./Middlewares/Third_Party/AL94_USB_Composite/COMPOSITE/Target/usbd_conf.o
                0x0000000008008538                HAL_PCD_ISOINIncompleteCallback
 .text.HAL_PCD_ConnectCallback
                0x0000000008008540        0x8 ./Middlewares/Third_Party/AL94_USB_Composite/COMPOSITE/Target/usbd_conf.o
                0x0000000008008540                HAL_PCD_ConnectCallback
 .text.HAL_PCD_DisconnectCallback
                0x0000000008008548        0x8 ./Middlewares/Third_Party/AL94_USB_Composite/COMPOSITE/Target/usbd_conf.o
                0x0000000008008548                HAL_PCD_DisconnectCallback
 .text.USBD_LL_Init
                0x0000000008008550       0x68 ./Middlewares/Third_Party/AL94_USB_Composite/COMPOSITE/Target/usbd_conf.o
                0x0000000008008550                USBD_LL_Init
 .text.USBD_LL_Start
                0x00000000080085b8       0x1c ./Middlewares/Third_Party/AL94_USB_Composite/COMPOSITE/Target/usbd_conf.o
                0x00000000080085b8                USBD_LL_Start
 .text.USBD_LL_OpenEP
                0x00000000080085d4       0x20 ./Middlewares/Third_Party/AL94_USB_Composite/COMPOSITE/Target/usbd_conf.o
                0x00000000080085d4                USBD_LL_OpenEP
 .text.USBD_LL_CloseEP
                0x00000000080085f4       0x1c ./Middlewares/Third_Party/AL94_USB_Composite/COMPOSITE/Target/usbd_conf.o
                0x00000000080085f4                USBD_LL_CloseEP
 .text.USBD_LL_StallEP
                0x0000000008008610       0x1c ./Middlewares/Third_Party/AL94_USB_Composite/COMPOSITE/Target/usbd_conf.o
                0x0000000008008610                USBD_LL_StallEP
 .text.USBD_LL_ClearStallEP
                0x000000000800862c       0x1c ./Middlewares/Third_Party/AL94_USB_Composite/COMPOSITE/Target/usbd_conf.o
                0x000000000800862c                USBD_LL_ClearStallEP
 .text.USBD_LL_IsStallEP
                0x0000000008008648       0x28 ./Middlewares/Third_Party/AL94_USB_Composite/COMPOSITE/Target/usbd_conf.o
                0x0000000008008648                USBD_LL_IsStallEP
 .text.USBD_LL_SetUSBAddress
                0x0000000008008670       0x1c ./Middlewares/Third_Party/AL94_USB_Composite/COMPOSITE/Target/usbd_conf.o
                0x0000000008008670                USBD_LL_SetUSBAddress
 .text.USBD_LL_Transmit
                0x000000000800868c       0x1c ./Middlewares/Third_Party/AL94_USB_Composite/COMPOSITE/Target/usbd_conf.o
                0x000000000800868c                USBD_LL_Transmit
 .text.USBD_LL_PrepareReceive
                0x00000000080086a8       0x1c ./Middlewares/Third_Party/AL94_USB_Composite/COMPOSITE/Target/usbd_conf.o
                0x00000000080086a8                USBD_LL_PrepareReceive
 .text.USBD_LL_GetRxDataSize
                0x00000000080086c4        0x8 ./Middlewares/Third_Party/AL94_USB_Composite/COMPOSITE/Target/usbd_conf.o
                0x00000000080086c4                USBD_LL_GetRxDataSize
 .text.SysTick_Handler
                0x00000000080086cc       0x1c ./Middlewares/Third_Party/FreeRTOS/Source/CMSIS_RTOS_V2/cmsis_os2.o
                0x00000000080086cc                SysTick_Handler
 .text.osKernelInitialize
                0x00000000080086e8       0x24 ./Middlewares/Third_Party/FreeRTOS/Source/CMSIS_RTOS_V2/cmsis_os2.o
                0x00000000080086e8                osKernelInitialize
 .text.osKernelStart
                0x000000000800870c       0x34 ./Middlewares/Third_Party/FreeRTOS/Source/CMSIS_RTOS_V2/cmsis_os2.o
                0x000000000800870c                osKernelStart
 .text.osThreadNew
                0x0000000008008740       0x98 ./Middlewares/Third_Party/FreeRTOS/Source/CMSIS_RTOS_V2/cmsis_os2.o
                0x0000000008008740                osThreadNew
 .text.osDelay  0x00000000080087d8       0x1c ./Middlewares/Third_Party/FreeRTOS/Source/CMSIS_RTOS_V2/cmsis_os2.o
                0x00000000080087d8                osDelay
 .text.vApplicationGetIdleTaskMemory
                0x00000000080087f4       0x1c ./Middlewares/Third_Party/FreeRTOS/Source/CMSIS_RTOS_V2/cmsis_os2.o
                0x00000000080087f4                vApplicationGetIdleTaskMemory
 .text.vApplicationGetTimerTaskMemory
                0x0000000008008810       0x20 ./Middlewares/Third_Party/FreeRTOS/Source/CMSIS_RTOS_V2/cmsis_os2.o
                0x0000000008008810                vApplicationGetTimerTaskMemory
 .text.vListInitialise
                0x0000000008008830       0x18 ./Middlewares/Third_Party/FreeRTOS/Source/list.o
                0x0000000008008830                vListInitialise
 .text.vListInitialiseItem
                0x0000000008008848        0x8 ./Middlewares/Third_Party/FreeRTOS/Source/list.o
                0x0000000008008848                vListInitialiseItem
 .text.vListInsertEnd
                0x0000000008008850       0x20 ./Middlewares/Third_Party/FreeRTOS/Source/list.o
                0x0000000008008850                vListInsertEnd
 .text.vListInsert
                0x0000000008008870       0x30 ./Middlewares/Third_Party/FreeRTOS/Source/list.o
                0x0000000008008870                vListInsert
 .text.uxListRemove
                0x00000000080088a0       0x28 ./Middlewares/Third_Party/FreeRTOS/Source/list.o
                0x00000000080088a0                uxListRemove
 .text.prvCopyDataToQueue
                0x00000000080088c8       0x78 ./Middlewares/Third_Party/FreeRTOS/Source/queue.o
 .text.xQueueGenericCreateStatic
                0x0000000008008940       0xe8 ./Middlewares/Third_Party/FreeRTOS/Source/queue.o
                0x0000000008008940                xQueueGenericCreateStatic
 .text.xQueueGenericSend
                0x0000000008008a28      0x2fc ./Middlewares/Third_Party/FreeRTOS/Source/queue.o
                0x0000000008008a28                xQueueGenericSend
 .text.xQueueReceive
                0x0000000008008d24      0x304 ./Middlewares/Third_Party/FreeRTOS/Source/queue.o
                0x0000000008008d24                xQueueReceive
 .text.vQueueAddToRegistry
                0x0000000008009028       0x50 ./Middlewares/Third_Party/FreeRTOS/Source/queue.o
                0x0000000008009028                vQueueAddToRegistry
 .text.vQueueWaitForMessageRestricted
                0x0000000008009078       0xc8 ./Middlewares/Third_Party/FreeRTOS/Source/queue.o
                0x0000000008009078                vQueueWaitForMessageRestricted
 .text.prvAddNewTaskToReadyList
                0x0000000008009140      0x110 ./Middlewares/Third_Party/FreeRTOS/Source/tasks.o
 .text.prvInitialiseNewTask.constprop.0
                0x0000000008009250      0x130 ./Middlewares/Third_Party/FreeRTOS/Source/tasks.o
 .text.prvIdleTask
                0x0000000008009380       0x98 ./Middlewares/Third_Party/FreeRTOS/Source/tasks.o
 .text.xTaskIncrementTick.part.0
                0x0000000008009418      0x148 ./Middlewares/Third_Party/FreeRTOS/Source/tasks.o
 .text.xTaskResumeAll.part.0
                0x0000000008009560      0x134 ./Middlewares/Third_Party/FreeRTOS/Source/tasks.o
 .text.xTaskCreateStatic
                0x0000000008009694       0x74 ./Middlewares/Third_Party/FreeRTOS/Source/tasks.o
                0x0000000008009694                xTaskCreateStatic
 .text.xTaskCreate
                0x0000000008009708       0x64 ./Middlewares/Third_Party/FreeRTOS/Source/tasks.o
                0x0000000008009708                xTaskCreate
 .text.vTaskDelay
                0x000000000800976c       0xac ./Middlewares/Third_Party/FreeRTOS/Source/tasks.o
                0x000000000800976c                vTaskDelay
 .text.vTaskStartScheduler
                0x0000000008009818      0x11c ./Middlewares/Third_Party/FreeRTOS/Source/tasks.o
                0x0000000008009818                vTaskStartScheduler
 .text.vTaskSuspendAll
                0x0000000008009934       0x10 ./Middlewares/Third_Party/FreeRTOS/Source/tasks.o
                0x0000000008009934                vTaskSuspendAll
 .text.xTaskResumeAll
                0x0000000008009944       0x20 ./Middlewares/Third_Party/FreeRTOS/Source/tasks.o
                0x0000000008009944                xTaskResumeAll
 .text.xTaskGetTickCount
                0x0000000008009964        0xc ./Middlewares/Third_Party/FreeRTOS/Source/tasks.o
                0x0000000008009964                xTaskGetTickCount
 .text.xTaskIncrementTick
                0x0000000008009970       0x20 ./Middlewares/Third_Party/FreeRTOS/Source/tasks.o
                0x0000000008009970                xTaskIncrementTick
 .text.vTaskSwitchContext
                0x0000000008009990       0x88 ./Middlewares/Third_Party/FreeRTOS/Source/tasks.o
                0x0000000008009990                vTaskSwitchContext
 .text.vTaskPlaceOnEventList
                0x0000000008009a18       0x88 ./Middlewares/Third_Party/FreeRTOS/Source/tasks.o
                0x0000000008009a18                vTaskPlaceOnEventList
 .text.vTaskPlaceOnEventListRestricted
                0x0000000008009aa0       0x94 ./Middlewares/Third_Party/FreeRTOS/Source/tasks.o
                0x0000000008009aa0                vTaskPlaceOnEventListRestricted
 .text.xTaskRemoveFromEventList
                0x0000000008009b34       0x90 ./Middlewares/Third_Party/FreeRTOS/Source/tasks.o
                0x0000000008009b34                xTaskRemoveFromEventList
 .text.vTaskInternalSetTimeOutState
                0x0000000008009bc4       0x18 ./Middlewares/Third_Party/FreeRTOS/Source/tasks.o
                0x0000000008009bc4                vTaskInternalSetTimeOutState
 .text.xTaskCheckForTimeOut
                0x0000000008009bdc       0x90 ./Middlewares/Third_Party/FreeRTOS/Source/tasks.o
                0x0000000008009bdc                xTaskCheckForTimeOut
 .text.vTaskMissedYield
                0x0000000008009c6c        0xc ./Middlewares/Third_Party/FreeRTOS/Source/tasks.o
                0x0000000008009c6c                vTaskMissedYield
 .text.xTaskGetSchedulerState
                0x0000000008009c78       0x20 ./Middlewares/Third_Party/FreeRTOS/Source/tasks.o
                0x0000000008009c78                xTaskGetSchedulerState
 .text.xTaskPriorityDisinherit
                0x0000000008009c98       0x8c ./Middlewares/Third_Party/FreeRTOS/Source/tasks.o
                0x0000000008009c98                xTaskPriorityDisinherit
 .text.prvSwitchTimerLists
                0x0000000008009d24       0x9c ./Middlewares/Third_Party/FreeRTOS/Source/timers.o
 .text.prvTimerTask
                0x0000000008009dc0      0x284 ./Middlewares/Third_Party/FreeRTOS/Source/timers.o
 .text.xTimerCreateTimerTask
                0x000000000800a044       0xbc ./Middlewares/Third_Party/FreeRTOS/Source/timers.o
                0x000000000800a044                xTimerCreateTimerTask
 .text.prvPortStartFirstTask
                0x000000000800a100       0x28 ./Middlewares/Third_Party/FreeRTOS/Source/portable/GCC/ARM_CM4F/port.o
 .text.vPortEnableVFP
                0x000000000800a128       0x14 ./Middlewares/Third_Party/FreeRTOS/Source/portable/GCC/ARM_CM4F/port.o
 .text.prvTaskExitError
                0x000000000800a13c       0x40 ./Middlewares/Third_Party/FreeRTOS/Source/portable/GCC/ARM_CM4F/port.o
 .text.pxPortInitialiseStack
                0x000000000800a17c       0x28 ./Middlewares/Third_Party/FreeRTOS/Source/portable/GCC/ARM_CM4F/port.o
                0x000000000800a17c                pxPortInitialiseStack
 *fill*         0x000000000800a1a4        0xc 
 .text.SVC_Handler
                0x000000000800a1b0       0x24 ./Middlewares/Third_Party/FreeRTOS/Source/portable/GCC/ARM_CM4F/port.o
                0x000000000800a1b0                SVC_Handler
 .text.vPortEnterCritical
                0x000000000800a1d4       0x44 ./Middlewares/Third_Party/FreeRTOS/Source/portable/GCC/ARM_CM4F/port.o
                0x000000000800a1d4                vPortEnterCritical
 .text.vPortExitCritical
                0x000000000800a218       0x28 ./Middlewares/Third_Party/FreeRTOS/Source/portable/GCC/ARM_CM4F/port.o
                0x000000000800a218                vPortExitCritical
 .text.PendSV_Handler
                0x000000000800a240       0x64 ./Middlewares/Third_Party/FreeRTOS/Source/portable/GCC/ARM_CM4F/port.o
                0x000000000800a240                PendSV_Handler
 .text.xPortSysTickHandler
                0x000000000800a2a4       0x2c ./Middlewares/Third_Party/FreeRTOS/Source/portable/GCC/ARM_CM4F/port.o
                0x000000000800a2a4                xPortSysTickHandler
 .text.vPortSetupTimerInterrupt
                0x000000000800a2d0       0x28 ./Middlewares/Third_Party/FreeRTOS/Source/portable/GCC/ARM_CM4F/port.o
                0x000000000800a2d0                vPortSetupTimerInterrupt
 .text.xPortStartScheduler
                0x000000000800a2f8      0x140 ./Middlewares/Third_Party/FreeRTOS/Source/portable/GCC/ARM_CM4F/port.o
                0x000000000800a2f8                xPortStartScheduler
 .text.pvPortMalloc
                0x000000000800a438      0x170 ./Middlewares/Third_Party/FreeRTOS/Source/portable/MemMang/heap_4.o
                0x000000000800a438                pvPortMalloc
 .text.vPortFree
                0x000000000800a5a8       0xc4 ./Middlewares/Third_Party/FreeRTOS/Source/portable/MemMang/heap_4.o
                0x000000000800a5a8                vPortFree
 .text.__errno  0x000000000800a66c        0xc c:/st/stm32cubeide_1.12.1/stm32cubeide/plugins/com.st.stm32cube.ide.mcu.externaltools.gnu-tools-for-stm32.10.3-2021.10.win32_1.0.200.202301161003/tools/bin/../lib/gcc/arm-none-eabi/10.3.1/../../../../arm-none-eabi/lib/thumb/v7e-m+fp/hard\libc_nano.a(lib_a-errno.o)
                0x000000000800a66c                __errno
 .text.__libc_init_array
                0x000000000800a678       0x48 c:/st/stm32cubeide_1.12.1/stm32cubeide/plugins/com.st.stm32cube.ide.mcu.externaltools.gnu-tools-for-stm32.10.3-2021.10.win32_1.0.200.202301161003/tools/bin/../lib/gcc/arm-none-eabi/10.3.1/../../../../arm-none-eabi/lib/thumb/v7e-m+fp/hard\libc_nano.a(lib_a-init.o)
                0x000000000800a678                __libc_init_array
 .text.memcpy   0x000000000800a6c0       0x1c c:/st/stm32cubeide_1.12.1/stm32cubeide/plugins/com.st.stm32cube.ide.mcu.externaltools.gnu-tools-for-stm32.10.3-2021.10.win32_1.0.200.202301161003/tools/bin/../lib/gcc/arm-none-eabi/10.3.1/../../../../arm-none-eabi/lib/thumb/v7e-m+fp/hard\libc_nano.a(lib_a-memcpy-stub.o)
                0x000000000800a6c0                memcpy
 .text.memset   0x000000000800a6dc       0x10 c:/st/stm32cubeide_1.12.1/stm32cubeide/plugins/com.st.stm32cube.ide.mcu.externaltools.gnu-tools-for-stm32.10.3-2021.10.win32_1.0.200.202301161003/tools/bin/../lib/gcc/arm-none-eabi/10.3.1/../../../../arm-none-eabi/lib/thumb/v7e-m+fp/hard\libc_nano.a(lib_a-memset.o)
                0x000000000800a6dc                memset
 .text.snprintf
                0x000000000800a6ec       0x68 c:/st/stm32cubeide_1.12.1/stm32cubeide/plugins/com.st.stm32cube.ide.mcu.externaltools.gnu-tools-for-stm32.10.3-2021.10.win32_1.0.200.202301161003/tools/bin/../lib/gcc/arm-none-eabi/10.3.1/../../../../arm-none-eabi/lib/thumb/v7e-m+fp/hard\libc_nano.a(lib_a-snprintf.o)
                0x000000000800a6ec                sniprintf
                0x000000000800a6ec                snprintf
 .text.__ssputs_r
                0x000000000800a754       0xb6 c:/st/stm32cubeide_1.12.1/stm32cubeide/plugins/com.st.stm32cube.ide.mcu.externaltools.gnu-tools-for-stm32.10.3-2021.10.win32_1.0.200.202301161003/tools/bin/../lib/gcc/arm-none-eabi/10.3.1/../../../../arm-none-eabi/lib/thumb/v7e-m+fp/hard\libc_nano.a(lib_a-nano-svfprintf.o)
                0x000000000800a754                __ssputs_r
 *fill*         0x000000000800a80a        0x2 
 .text._svfprintf_r
                0x000000000800a80c      0x200 c:/st/stm32cubeide_1.12.1/stm32cubeide/plugins/com.st.stm32cube.ide.mcu.externaltools.gnu-tools-for-stm32.10.3-2021.10.win32_1.0.200.202301161003/tools/bin/../lib/gcc/arm-none-eabi/10.3.1/../../../../arm-none-eabi/lib/thumb/v7e-m+fp/hard\libc_nano.a(lib_a-nano-svfprintf.o)
                0x000000000800a80c                _svfiprintf_r
                0x000000000800a80c                _svfprintf_r
 .text._printf_common
                0x000000000800aa0c       0xda c:/st/stm32cubeide_1.12.1/stm32cubeide/plugins/com.st.stm32cube.ide.mcu.externaltools.gnu-tools-for-stm32.10.3-2021.10.win32_1.0.200.202301161003/tools/bin/../lib/gcc/arm-none-eabi/10.3.1/../../../../arm-none-eabi/lib/thumb/v7e-m+fp/hard\libc_nano.a(lib_a-nano-vfprintf_i.o)
                0x000000000800aa0c                _printf_common
 *fill*         0x000000000800aae6        0x2 
 .text._printf_i
                0x000000000800aae8      0x24c c:/st/stm32cubeide_1.12.1/stm32cubeide/plugins/com.st.stm32cube.ide.mcu.externaltools.gnu-tools-for-stm32.10.3-2021.10.win32_1.0.200.202301161003/tools/bin/../lib/gcc/arm-none-eabi/10.3.1/../../../../arm-none-eabi/lib/thumb/v7e-m+fp/hard\libc_nano.a(lib_a-nano-vfprintf_i.o)
                0x000000000800aae8                _printf_i
 .text.memmove  0x000000000800ad34       0x34 c:/st/stm32cubeide_1.12.1/stm32cubeide/plugins/com.st.stm32cube.ide.mcu.externaltools.gnu-tools-for-stm32.10.3-2021.10.win32_1.0.200.202301161003/tools/bin/../lib/gcc/arm-none-eabi/10.3.1/../../../../arm-none-eabi/lib/thumb/v7e-m+fp/hard\libc_nano.a(lib_a-memmove.o)
                0x000000000800ad34                memmove
 .text._free_r  0x000000000800ad68       0x98 c:/st/stm32cubeide_1.12.1/stm32cubeide/plugins/com.st.stm32cube.ide.mcu.externaltools.gnu-tools-for-stm32.10.3-2021.10.win32_1.0.200.202301161003/tools/bin/../lib/gcc/arm-none-eabi/10.3.1/../../../../arm-none-eabi/lib/thumb/v7e-m+fp/hard\libc_nano.a(lib_a-nano-freer.o)
                0x000000000800ad68                _free_r
 .text.sbrk_aligned
                0x000000000800ae00       0x40 c:/st/stm32cubeide_1.12.1/stm32cubeide/plugins/com.st.stm32cube.ide.mcu.externaltools.gnu-tools-for-stm32.10.3-2021.10.win32_1.0.200.202301161003/tools/bin/../lib/gcc/arm-none-eabi/10.3.1/../../../../arm-none-eabi/lib/thumb/v7e-m+fp/hard\libc_nano.a(lib_a-nano-mallocr.o)
 .text._malloc_r
                0x000000000800ae40       0xe8 c:/st/stm32cubeide_1.12.1/stm32cubeide/plugins/com.st.stm32cube.ide.mcu.externaltools.gnu-tools-for-stm32.10.3-2021.10.win32_1.0.200.202301161003/tools/bin/../lib/gcc/arm-none-eabi/10.3.1/../../../../arm-none-eabi/lib/thumb/v7e-m+fp/hard\libc_nano.a(lib_a-nano-mallocr.o)
                0x000000000800ae40                _malloc_r
 .text._realloc_r
                0x000000000800af28       0x5e c:/st/stm32cubeide_1.12.1/stm32cubeide/plugins/com.st.stm32cube.ide.mcu.externaltools.gnu-tools-for-stm32.10.3-2021.10.win32_1.0.200.202301161003/tools/bin/../lib/gcc/arm-none-eabi/10.3.1/../../../../arm-none-eabi/lib/thumb/v7e-m+fp/hard\libc_nano.a(lib_a-nano-reallocr.o)
                0x000000000800af28                _realloc_r
 *fill*         0x000000000800af86        0x2 
 .text._sbrk_r  0x000000000800af88       0x20 c:/st/stm32cubeide_1.12.1/stm32cubeide/plugins/com.st.stm32cube.ide.mcu.externaltools.gnu-tools-for-stm32.10.3-2021.10.win32_1.0.200.202301161003/tools/bin/../lib/gcc/arm-none-eabi/10.3.1/../../../../arm-none-eabi/lib/thumb/v7e-m+fp/hard\libc_nano.a(lib_a-sbrkr.o)
                0x000000000800af88                _sbrk_r
 .text.__malloc_lock
                0x000000000800afa8        0xc c:/st/stm32cubeide_1.12.1/stm32cubeide/plugins/com.st.stm32cube.ide.mcu.externaltools.gnu-tools-for-stm32.10.3-2021.10.win32_1.0.200.202301161003/tools/bin/../lib/gcc/arm-none-eabi/10.3.1/../../../../arm-none-eabi/lib/thumb/v7e-m+fp/hard\libc_nano.a(lib_a-mlock.o)
                0x000000000800afa8                __malloc_lock
 .text.__malloc_unlock
                0x000000000800afb4        0xc c:/st/stm32cubeide_1.12.1/stm32cubeide/plugins/com.st.stm32cube.ide.mcu.externaltools.gnu-tools-for-stm32.10.3-2021.10.win32_1.0.200.202301161003/tools/bin/../lib/gcc/arm-none-eabi/10.3.1/../../../../arm-none-eabi/lib/thumb/v7e-m+fp/hard\libc_nano.a(lib_a-mlock.o)
                0x000000000800afb4                __malloc_unlock
 .text._malloc_usable_size_r
                0x000000000800afc0       0x10 c:/st/stm32cubeide_1.12.1/stm32cubeide/plugins/com.st.stm32cube.ide.mcu.externaltools.gnu-tools-for-stm32.10.3-2021.10.win32_1.0.200.202301161003/tools/bin/../lib/gcc/arm-none-eabi/10.3.1/../../../../arm-none-eabi/lib/thumb/v7e-m+fp/hard\libc_nano.a(lib_a-nano-msizer.o)
                0x000000000800afc0                _malloc_usable_size_r
 .text.__retarget_lock_acquire_recursive
                0x000000000800afd0        0x2 c:/st/stm32cubeide_1.12.1/stm32cubeide/plugins/com.st.stm32cube.ide.mcu.externaltools.gnu-tools-for-stm32.10.3-2021.10.win32_1.0.200.202301161003/tools/bin/../lib/gcc/arm-none-eabi/10.3.1/../../../../arm-none-eabi/lib/thumb/v7e-m+fp/hard\libc_nano.a(lib_a-lock.o)
                0x000000000800afd0                __retarget_lock_acquire_recursive
 .text.__retarget_lock_release_recursive
                0x000000000800afd2        0x2 c:/st/stm32cubeide_1.12.1/stm32cubeide/plugins/com.st.stm32cube.ide.mcu.externaltools.gnu-tools-for-stm32.10.3-2021.10.win32_1.0.200.202301161003/tools/bin/../lib/gcc/arm-none-eabi/10.3.1/../../../../arm-none-eabi/lib/thumb/v7e-m+fp/hard\libc_nano.a(lib_a-lock.o)
                0x000000000800afd2                __retarget_lock_release_recursive
 *(.glue_7)
 .glue_7        0x000000000800afd4        0x0 linker stubs
 *(.glue_7t)
 .glue_7t       0x000000000800afd4        0x0 linker stubs
 *(.eh_frame)
 .eh_frame      0x000000000800afd4        0x0 c:/st/stm32cubeide_1.12.1/stm32cubeide/plugins/com.st.stm32cube.ide.mcu.externaltools.gnu-tools-for-stm32.10.3-2021.10.win32_1.0.200.202301161003/tools/bin/../lib/gcc/arm-none-eabi/10.3.1/thumb/v7e-m+fp/hard/crtbegin.o
 *(.init)
 .init          0x000000000800afd4        0x4 c:/st/stm32cubeide_1.12.1/stm32cubeide/plugins/com.st.stm32cube.ide.mcu.externaltools.gnu-tools-for-stm32.10.3-2021.10.win32_1.0.200.202301161003/tools/bin/../lib/gcc/arm-none-eabi/10.3.1/thumb/v7e-m+fp/hard/crti.o
                0x000000000800afd4                _init
 .init          0x000000000800afd8        0x8 c:/st/stm32cubeide_1.12.1/stm32cubeide/plugins/com.st.stm32cube.ide.mcu.externaltools.gnu-tools-for-stm32.10.3-2021.10.win32_1.0.200.202301161003/tools/bin/../lib/gcc/arm-none-eabi/10.3.1/thumb/v7e-m+fp/hard/crtn.o
 *(.fini)
 .fini          0x000000000800afe0        0x4 c:/st/stm32cubeide_1.12.1/stm32cubeide/plugins/com.st.stm32cube.ide.mcu.externaltools.gnu-tools-for-stm32.10.3-2021.10.win32_1.0.200.202301161003/tools/bin/../lib/gcc/arm-none-eabi/10.3.1/thumb/v7e-m+fp/hard/crti.o
                0x000000000800afe0                _fini
 .fini          0x000000000800afe4        0x8 c:/st/stm32cubeide_1.12.1/stm32cubeide/plugins/com.st.stm32cube.ide.mcu.externaltools.gnu-tools-for-stm32.10.3-2021.10.win32_1.0.200.202301161003/tools/bin/../lib/gcc/arm-none-eabi/10.3.1/thumb/v7e-m+fp/hard/crtn.o
                0x000000000800afec                . = ALIGN (0x4)
                0x000000000800afec                _etext = .

.vfp11_veneer   0x000000000800afec        0x0
 .vfp11_veneer  0x000000000800afec        0x0 linker stubs

.v4_bx          0x000000000800afec        0x0
 .v4_bx         0x000000000800afec        0x0 linker stubs

.iplt           0x000000000800afec        0x0
 .iplt          0x000000000800afec        0x0 c:/st/stm32cubeide_1.12.1/stm32cubeide/plugins/com.st.stm32cube.ide.mcu.externaltools.gnu-tools-for-stm32.10.3-2021.10.win32_1.0.200.202301161003/tools/bin/../lib/gcc/arm-none-eabi/10.3.1/thumb/v7e-m+fp/hard/crtbegin.o

.rodata         0x000000000800afec      0x2d4
                0x000000000800afec                . = ALIGN (0x4)
 *(.rodata)
 .rodata        0x000000000800afec       0x37 ./Core/Src/freertos.o
 *(.rodata*)
 *fill*         0x000000000800b023        0x1 
 .rodata.gamma8
                0x000000000800b024      0x100 ./Core/Src/LED.o
                0x000000000800b024                gamma8
 .rodata.StartTask03.str1.4
                0x000000000800b124       0x1f ./Core/Src/freertos.o
 *fill*         0x000000000800b143        0x1 
 .rodata.str1.4
                0x000000000800b144       0x24 ./Core/Src/freertos.o
 .rodata.Task02_attributes
                0x000000000800b168       0x24 ./Core/Src/freertos.o
                0x000000000800b168                Task02_attributes
 .rodata.Task03_attributes
                0x000000000800b18c       0x24 ./Core/Src/freertos.o
                0x000000000800b18c                Task03_attributes
 .rodata.Task04_attributes
                0x000000000800b1b0       0x24 ./Core/Src/freertos.o
                0x000000000800b1b0                Task04_attributes
 .rodata.defaultTask_attributes
                0x000000000800b1d4       0x24 ./Core/Src/freertos.o
                0x000000000800b1d4                defaultTask_attributes
 .rodata.AHBPrescTable
                0x000000000800b1f8       0x10 ./Core/Src/system_stm32f4xx.o
                0x000000000800b1f8                AHBPrescTable
 .rodata.APBPrescTable
                0x000000000800b208        0x8 ./Core/Src/system_stm32f4xx.o
                0x000000000800b208                APBPrescTable
 .rodata.flagBitshiftOffset.0
                0x000000000800b210        0x8 ./Drivers/STM32F4xx_HAL_Driver/Src/stm32f4xx_hal_dma.o
 .rodata.USBD_ManufacturerStrDescriptor.str1.4
                0x000000000800b218       0x13 ./Middlewares/Third_Party/AL94_USB_Composite/COMPOSITE/App/usbd_desc.o
 *fill*         0x000000000800b22b        0x1 
 .rodata.USBD_ProductStrDescriptor.str1.4
                0x000000000800b22c       0x17 ./Middlewares/Third_Party/AL94_USB_Composite/COMPOSITE/App/usbd_desc.o
 *fill*         0x000000000800b243        0x1 
 .rodata.USBD_ConfigStrDescriptor.str1.4
                0x000000000800b244       0x10 ./Middlewares/Third_Party/AL94_USB_Composite/COMPOSITE/App/usbd_desc.o
 .rodata.USBD_InterfaceStrDescriptor.str1.4
                0x000000000800b254       0x14 ./Middlewares/Third_Party/AL94_USB_Composite/COMPOSITE/App/usbd_desc.o
 .rodata.USBD_COMPOSITE_GetUsrStringDesc.str1.4
                0x000000000800b268       0x10 ./Middlewares/Third_Party/AL94_USB_Composite/COMPOSITE/Class/COMPOSITE/Src/usbd_composite.o
 .rodata.CSWTCH.28
                0x000000000800b278        0x4 ./Middlewares/Third_Party/AL94_USB_Composite/COMPOSITE/Target/usbd_conf.o
 .rodata.xTimerCreateTimerTask.str1.4
                0x000000000800b27c       0x10 ./Middlewares/Third_Party/FreeRTOS/Source/timers.o
 .rodata._svfprintf_r.str1.1
                0x000000000800b28c       0x11 c:/st/stm32cubeide_1.12.1/stm32cubeide/plugins/com.st.stm32cube.ide.mcu.externaltools.gnu-tools-for-stm32.10.3-2021.10.win32_1.0.200.202301161003/tools/bin/../lib/gcc/arm-none-eabi/10.3.1/../../../../arm-none-eabi/lib/thumb/v7e-m+fp/hard\libc_nano.a(lib_a-nano-svfprintf.o)
 .rodata._printf_i.str1.1
                0x000000000800b29d       0x22 c:/st/stm32cubeide_1.12.1/stm32cubeide/plugins/com.st.stm32cube.ide.mcu.externaltools.gnu-tools-for-stm32.10.3-2021.10.win32_1.0.200.202301161003/tools/bin/../lib/gcc/arm-none-eabi/10.3.1/../../../../arm-none-eabi/lib/thumb/v7e-m+fp/hard\libc_nano.a(lib_a-nano-vfprintf_i.o)
                0x000000000800b2c0                . = ALIGN (0x4)
 *fill*         0x000000000800b2bf        0x1 

.ARM.extab      0x000000000800b2c0        0x0
                0x000000000800b2c0                . = ALIGN (0x4)
 *(.ARM.extab* .gnu.linkonce.armextab.*)
                0x000000000800b2c0                . = ALIGN (0x4)

.ARM            0x000000000800b2c0        0x8
                0x000000000800b2c0                . = ALIGN (0x4)
                0x000000000800b2c0                __exidx_start = .
 *(.ARM.exidx*)
 .ARM.exidx     0x000000000800b2c0        0x8 c:/st/stm32cubeide_1.12.1/stm32cubeide/plugins/com.st.stm32cube.ide.mcu.externaltools.gnu-tools-for-stm32.10.3-2021.10.win32_1.0.200.202301161003/tools/bin/../lib/gcc/arm-none-eabi/10.3.1/thumb/v7e-m+fp/hard\libgcc.a(_udivmoddi4.o)
                0x000000000800b2c8                __exidx_end = .
                0x000000000800b2c8                . = ALIGN (0x4)

.rel.dyn        0x000000000800b2c8        0x0
 .rel.iplt      0x000000000800b2c8        0x0 c:/st/stm32cubeide_1.12.1/stm32cubeide/plugins/com.st.stm32cube.ide.mcu.externaltools.gnu-tools-for-stm32.10.3-2021.10.win32_1.0.200.202301161003/tools/bin/../lib/gcc/arm-none-eabi/10.3.1/thumb/v7e-m+fp/hard/crtbegin.o

.preinit_array  0x000000000800b2c8        0x0
                0x000000000800b2c8                . = ALIGN (0x4)
                0x000000000800b2c8                PROVIDE (__preinit_array_start = .)
 *(.preinit_array*)
                0x000000000800b2c8                PROVIDE (__preinit_array_end = .)
                0x000000000800b2c8                . = ALIGN (0x4)

.init_array     0x000000000800b2c8        0x4
                0x000000000800b2c8                . = ALIGN (0x4)
                0x000000000800b2c8                PROVIDE (__init_array_start = .)
 *(SORT_BY_NAME(.init_array.*))
 *(.init_array*)
 .init_array    0x000000000800b2c8        0x4 c:/st/stm32cubeide_1.12.1/stm32cubeide/plugins/com.st.stm32cube.ide.mcu.externaltools.gnu-tools-for-stm32.10.3-2021.10.win32_1.0.200.202301161003/tools/bin/../lib/gcc/arm-none-eabi/10.3.1/thumb/v7e-m+fp/hard/crtbegin.o
                0x000000000800b2cc                PROVIDE (__init_array_end = .)
                0x000000000800b2cc                . = ALIGN (0x4)

.fini_array     0x000000000800b2cc        0x4
                0x000000000800b2cc                . = ALIGN (0x4)
                [!provide]                        PROVIDE (__fini_array_start = .)
 *(SORT_BY_NAME(.fini_array.*))
 *(.fini_array*)
 .fini_array    0x000000000800b2cc        0x4 c:/st/stm32cubeide_1.12.1/stm32cubeide/plugins/com.st.stm32cube.ide.mcu.externaltools.gnu-tools-for-stm32.10.3-2021.10.win32_1.0.200.202301161003/tools/bin/../lib/gcc/arm-none-eabi/10.3.1/thumb/v7e-m+fp/hard/crtbegin.o
                [!provide]                        PROVIDE (__fini_array_end = .)
                0x000000000800b2d0                . = ALIGN (0x4)
                0x000000000800b2d0                _sidata = LOADADDR (.data)

.data           0x0000000020000000      0xd90 load address 0x000000000800b2d0
                0x0000000020000000                . = ALIGN (0x4)
                0x0000000020000000                _sdata = .
 *(.data)
 *(.data*)
 .data.RGB_data_DMA_buffer
                0x0000000020000000      0x984 ./Core/Src/LED.o
                0x0000000020000000                RGB_data_DMA_buffer
 .data.RGB_data_raw
                0x0000000020000984       0x30 ./Core/Src/LED.o
                0x0000000020000984                RGB_data_raw
 .data.CRC_data
                0x00000000200009b4        0x2 ./Core/Src/cy8cmbr3116.o
                0x00000000200009b4                CRC_data
 *fill*         0x00000000200009b6        0x2 
 .data.CY8CMBR3116_configuration
                0x00000000200009b8       0x80 ./Core/Src/cy8cmbr3116.o
                0x00000000200009b8                CY8CMBR3116_configuration
 .data.KEY_ADDR
                0x0000000020000a38       0x10 ./Core/Src/cy8cmbr3116.o
                0x0000000020000a38                KEY_ADDR
 .data.key_sheet
                0x0000000020000a48       0x30 ./Core/Src/cy8cmbr3116.o
                0x0000000020000a48                key_sheet
 .data.cmd_rst  0x0000000020000a78        0x6 ./Core/Src/freertos.o
                0x0000000020000a78                cmd_rst
 *fill*         0x0000000020000a7e        0x2 
 .data.cmd_tmp  0x0000000020000a80        0x6 ./Core/Src/freertos.o
                0x0000000020000a80                cmd_tmp
 .data.heart_beat
                0x0000000020000a86        0x1 ./Core/Src/freertos.o
                0x0000000020000a86                heart_beat
 *fill*         0x0000000020000a87        0x1 
 .data.SystemCoreClock
                0x0000000020000a88        0x4 ./Core/Src/system_stm32f4xx.o
                0x0000000020000a88                SystemCoreClock
 .data.uwTickFreq
                0x0000000020000a8c        0x1 ./Drivers/STM32F4xx_HAL_Driver/Src/stm32f4xx_hal.o
                0x0000000020000a8c                uwTickFreq
 *fill*         0x0000000020000a8d        0x3 
 .data.uwTickPrio
                0x0000000020000a90        0x4 ./Drivers/STM32F4xx_HAL_Driver/Src/stm32f4xx_hal.o
                0x0000000020000a90                uwTickPrio
 .data.USBD_CDC_ACM_fops
                0x0000000020000a94       0x14 ./Middlewares/Third_Party/AL94_USB_Composite/COMPOSITE/App/usbd_cdc_acm_if.o
                0x0000000020000a94                USBD_CDC_ACM_fops
 .data.USBD_Desc
                0x0000000020000aa8       0x1c ./Middlewares/Third_Party/AL94_USB_Composite/COMPOSITE/App/usbd_desc.o
                0x0000000020000aa8                USBD_Desc
 .data.USBD_DeviceDesc
                0x0000000020000ac4       0x12 ./Middlewares/Third_Party/AL94_USB_Composite/COMPOSITE/App/usbd_desc.o
                0x0000000020000ac4                USBD_DeviceDesc
 *fill*         0x0000000020000ad6        0x2 
 .data.USBD_LangIDDesc
                0x0000000020000ad8        0x4 ./Middlewares/Third_Party/AL94_USB_Composite/COMPOSITE/App/usbd_desc.o
                0x0000000020000ad8                USBD_LangIDDesc
 .data.USBD_StringSerial
                0x0000000020000adc       0x1a ./Middlewares/Third_Party/AL94_USB_Composite/COMPOSITE/App/usbd_desc.o
                0x0000000020000adc                USBD_StringSerial
 *fill*         0x0000000020000af6        0x2 
 .data.USBD_CDC_ACM
                0x0000000020000af8       0x3c ./Middlewares/Third_Party/AL94_USB_Composite/COMPOSITE/Class/CDC_ACM/Src/usbd_cdc_acm.o
                0x0000000020000af8                USBD_CDC_ACM
 .data.USBD_CDC_CfgFSDesc
                0x0000000020000b34       0xcf ./Middlewares/Third_Party/AL94_USB_Composite/COMPOSITE/Class/CDC_ACM/Src/usbd_cdc_acm.o
 *fill*         0x0000000020000c03        0x1 
 .data.USBD_CDC_CfgHSDesc
                0x0000000020000c04       0xcf ./Middlewares/Third_Party/AL94_USB_Composite/COMPOSITE/Class/CDC_ACM/Src/usbd_cdc_acm.o
 *fill*         0x0000000020000cd3        0x1 
 .data.USBD_CDC_DeviceQualifierDesc
                0x0000000020000cd4        0xa ./Middlewares/Third_Party/AL94_USB_Composite/COMPOSITE/Class/CDC_ACM/Src/usbd_cdc_acm.o
 *fill*         0x0000000020000cde        0x2 
 .data.USBD_COMPOSITE
                0x0000000020000ce0       0x3c ./Middlewares/Third_Party/AL94_USB_Composite/COMPOSITE/Class/COMPOSITE/Src/usbd_composite.o
                0x0000000020000ce0                USBD_COMPOSITE
 .data.USBD_COMPOSITE_DeviceQualifierDesc
                0x0000000020000d1c        0xa ./Middlewares/Third_Party/AL94_USB_Composite/COMPOSITE/Class/COMPOSITE/Src/usbd_composite.o
 .data.USBD_Track_String_Index
                0x0000000020000d26        0x1 ./Middlewares/Third_Party/AL94_USB_Composite/COMPOSITE/Class/COMPOSITE/Src/usbd_composite.o
                0x0000000020000d26                USBD_Track_String_Index
 *fill*         0x0000000020000d27        0x1 
 .data.uxCriticalNesting
                0x0000000020000d28        0x4 ./Middlewares/Third_Party/FreeRTOS/Source/portable/GCC/ARM_CM4F/port.o
 .data._impure_ptr
                0x0000000020000d2c        0x4 c:/st/stm32cubeide_1.12.1/stm32cubeide/plugins/com.st.stm32cube.ide.mcu.externaltools.gnu-tools-for-stm32.10.3-2021.10.win32_1.0.200.202301161003/tools/bin/../lib/gcc/arm-none-eabi/10.3.1/../../../../arm-none-eabi/lib/thumb/v7e-m+fp/hard\libc_nano.a(lib_a-impure.o)
                0x0000000020000d2c                _impure_ptr
 .data.impure_data
                0x0000000020000d30       0x60 c:/st/stm32cubeide_1.12.1/stm32cubeide/plugins/com.st.stm32cube.ide.mcu.externaltools.gnu-tools-for-stm32.10.3-2021.10.win32_1.0.200.202301161003/tools/bin/../lib/gcc/arm-none-eabi/10.3.1/../../../../arm-none-eabi/lib/thumb/v7e-m+fp/hard\libc_nano.a(lib_a-impure.o)
 *(.RamFunc)
 *(.RamFunc*)
                0x0000000020000d90                . = ALIGN (0x4)
                0x0000000020000d90                _edata = .

.igot.plt       0x0000000020000d90        0x0 load address 0x000000000800c060
 .igot.plt      0x0000000020000d90        0x0 c:/st/stm32cubeide_1.12.1/stm32cubeide/plugins/com.st.stm32cube.ide.mcu.externaltools.gnu-tools-for-stm32.10.3-2021.10.win32_1.0.200.202301161003/tools/bin/../lib/gcc/arm-none-eabi/10.3.1/thumb/v7e-m+fp/hard/crtbegin.o
                0x0000000020000d90                . = ALIGN (0x4)

.bss            0x0000000020000d90     0x6e70 load address 0x000000000800c060
                0x0000000020000d90                _sbss = .
                0x0000000020000d90                __bss_start__ = _sbss