Archive member included to satisfy reference by file (symbol)

c:/st/stm32cubeide_1.12.1/stm32cubeide/plugins/com.st.stm32cube.ide.mcu.externaltools.gnu-tools-for-stm32.10.3-2021.10.win32_1.0.200.202301161003/tools/bin/../lib/gcc/arm-none-eabi/10.3.1/../../../../arm-none-eabi/lib/thumb/v7e-m+fp/hard\libc_nano.a(lib_a-errno.o)
                              ./Core/Src/syscalls.o (__errno)
c:/st/stm32cubeide_1.12.1/stm32cubeide/plugins/com.st.stm32cube.ide.mcu.externaltools.gnu-tools-for-stm32.10.3-2021.10.win32_1.0.200.202301161003/tools/bin/../lib/gcc/arm-none-eabi/10.3.1/../../../../arm-none-eabi/lib/thumb/v7e-m+fp/hard\libc_nano.a(lib_a-exit.o)
                              c:/st/stm32cubeide_1.12.1/stm32cubeide/plugins/com.st.stm32cube.ide.mcu.externaltools.gnu-tools-for-stm32.10.3-2021.10.win32_1.0.200.202301161003/tools/bin/../lib/gcc/arm-none-eabi/10.3.1/../../../../arm-none-eabi/lib/thumb/v7e-m+fp/hard/crt0.o (exit)
c:/st/stm32cubeide_1.12.1/stm32cubeide/plugins/com.st.stm32cube.ide.mcu.externaltools.gnu-tools-for-stm32.10.3-2021.10.win32_1.0.200.202301161003/tools/bin/../lib/gcc/arm-none-eabi/10.3.1/../../../../arm-none-eabi/lib/thumb/v7e-m+fp/hard\libc_nano.a(lib_a-impure.o)
                              c:/st/stm32cubeide_1.12.1/stm32cubeide/plugins/com.st.stm32cube.ide.mcu.externaltools.gnu-tools-for-stm32.10.3-2021.10.win32_1.0.200.202301161003/tools/bin/../lib/gcc/arm-none-eabi/10.3.1/../../../../arm-none-eabi/lib/thumb/v7e-m+fp/hard\libc_nano.a(lib_a-exit.o) (_global_impure_ptr)
c:/st/stm32cubeide_1.12.1/stm32cubeide/plugins/com.st.stm32cube.ide.mcu.externaltools.gnu-tools-for-stm32.10.3-2021.10.win32_1.0.200.202301161003/tools/bin/../lib/gcc/arm-none-eabi/10.3.1/../../../../arm-none-eabi/lib/thumb/v7e-m+fp/hard\libc_nano.a(lib_a-init.o)
                              c:/st/stm32cubeide_1.12.1/stm32cubeide/plugins/com.st.stm32cube.ide.mcu.externaltools.gnu-tools-for-stm32.10.3-2021.10.win32_1.0.200.202301161003/tools/bin/../lib/gcc/arm-none-eabi/10.3.1/../../../../arm-none-eabi/lib/thumb/v7e-m+fp/hard/crt0.o (__libc_init_array)
c:/st/stm32cubeide_1.12.1/stm32cubeide/plugins/com.st.stm32cube.ide.mcu.externaltools.gnu-tools-for-stm32.10.3-2021.10.win32_1.0.200.202301161003/tools/bin/../lib/gcc/arm-none-eabi/10.3.1/../../../../arm-none-eabi/lib/thumb/v7e-m+fp/hard\libc_nano.a(lib_a-memcpy-stub.o)
                              ./Middlewares/Third_Party/AL94_USB_Composite/COMPOSITE/App/usbd_cdc_acm_if.o (memcpy)
c:/st/stm32cubeide_1.12.1/stm32cubeide/plugins/com.st.stm32cube.ide.mcu.externaltools.gnu-tools-for-stm32.10.3-2021.10.win32_1.0.200.202301161003/tools/bin/../lib/gcc/arm-none-eabi/10.3.1/../../../../arm-none-eabi/lib/thumb/v7e-m+fp/hard\libc_nano.a(lib_a-memset.o)
                              c:/st/stm32cubeide_1.12.1/stm32cubeide/plugins/com.st.stm32cube.ide.mcu.externaltools.gnu-tools-for-stm32.10.3-2021.10.win32_1.0.200.202301161003/tools/bin/../lib/gcc/arm-none-eabi/10.3.1/../../../../arm-none-eabi/lib/thumb/v7e-m+fp/hard/crt0.o (memset)
c:/st/stm32cubeide_1.12.1/stm32cubeide/plugins/com.st.stm32cube.ide.mcu.externaltools.gnu-tools-for-stm32.10.3-2021.10.win32_1.0.200.202301161003/tools/bin/../lib/gcc/arm-none-eabi/10.3.1/../../../../arm-none-eabi/lib/thumb/v7e-m+fp/hard\libc_nano.a(lib_a-snprintf.o)
                              ./Middlewares/Third_Party/AL94_USB_Composite/COMPOSITE/Class/COMPOSITE/Src/usbd_composite.o (snprintf)
c:/st/stm32cubeide_1.12.1/stm32cubeide/plugins/com.st.stm32cube.ide.mcu.externaltools.gnu-tools-for-stm32.10.3-2021.10.win32_1.0.200.202301161003/tools/bin/../lib/gcc/arm-none-eabi/10.3.1/../../../../arm-none-eabi/lib/thumb/v7e-m+fp/hard\libc_nano.a(lib_a-nano-svfprintf.o)
                              c:/st/stm32cubeide_1.12.1/stm32cubeide/plugins/com.st.stm32cube.ide.mcu.externaltools.gnu-tools-for-stm32.10.3-2021.10.win32_1.0.200.202301161003/tools/bin/../lib/gcc/arm-none-eabi/10.3.1/../../../../arm-none-eabi/lib/thumb/v7e-m+fp/hard\libc_nano.a(lib_a-snprintf.o) (_svfprintf_r)
c:/st/stm32cubeide_1.12.1/stm32cubeide/plugins/com.st.stm32cube.ide.mcu.externaltools.gnu-tools-for-stm32.10.3-2021.10.win32_1.0.200.202301161003/tools/bin/../lib/gcc/arm-none-eabi/10.3.1/../../../../arm-none-eabi/lib/thumb/v7e-m+fp/hard\libc_nano.a(lib_a-nano-vfprintf_i.o)
                              c:/st/stm32cubeide_1.12.1/stm32cubeide/plugins/com.st.stm32cube.ide.mcu.externaltools.gnu-tools-for-stm32.10.3-2021.10.win32_1.0.200.202301161003/tools/bin/../lib/gcc/arm-none-eabi/10.3.1/../../../../arm-none-eabi/lib/thumb/v7e-m+fp/hard\libc_nano.a(lib_a-nano-svfprintf.o) (_printf_i)
c:/st/stm32cubeide_1.12.1/stm32cubeide/plugins/com.st.stm32cube.ide.mcu.externaltools.gnu-tools-for-stm32.10.3-2021.10.win32_1.0.200.202301161003/tools/bin/../lib/gcc/arm-none-eabi/10.3.1/../../../../arm-none-eabi/lib/thumb/v7e-m+fp/hard\libc_nano.a(lib_a-memchr.o)
[...]
Memory Configuration

Name             Origin             Length             Attributes
RAM              0x0000000020000000 0x0000000000020000 xrw
FLASH            0x0000000008000000 0x0000000000080000 xr
*default*        0x0000000000000000 0xffffffffffffffff

Linker script and memory map

LOAD c:/st/stm32cubeide_1.12.1/stm32cubeide/plugins/com.st.stm32cube.ide.mcu.externaltools.gnu-tools-for-stm32.10.3-2021.10.win32_1.0.200.202301161003/tools/bin/../lib/gcc/arm-none-eabi/10.3.1/thumb/v7e-m+fp/hard/crti.o
LOAD c:/st/stm32cubeide_1.12.1/stm32cubeide/plugins/com.st.stm32cube.ide.mcu.externaltools.gnu-tools-for-stm32.10.3-2021.10.win32_1.0.200.202301161003/tools/bin/../lib/gcc/arm-none-eabi/10.3.1/thumb/v7e-m+fp/hard/crtbegin.o
LOAD c:/st/stm32cubeide_1.12.1/stm32cubeide/plugins/com.st.stm32cube.ide.mcu.externaltools.gnu-tools-for-stm32.10.3-2021.10.win32_1.0.200.202301161003/tools/bin/../lib/gcc/arm-none-eabi/10.3.1/../../../../arm-none-eabi/lib/thumb/v7e-m+fp/hard/crt0.o
LOAD ./Core/Src/LED.o
LOAD ./Core/Src/cy8cmbr3116.o
LOAD ./Core/Src/dma.o
LOAD ./Core/Src/freertos.o
LOAD ./Core/Src/gpio.o
LOAD ./Core/Src/i2c.o
LOAD ./Core/Src/main.o
LOAD ./Core/Src/serial.o
LOAD ./Core/Src/slider.o
LOAD ./Core/Src/stm32f4xx_hal_msp.o
LOAD ./Core/Src/stm32f4xx_hal_timebase_tim.o
LOAD ./Core/Src/stm32f4xx_it.o
LOAD ./Core/Src/syscalls.o
LOAD ./Core/Src/sysmem.o
LOAD ./Core/Src/system_stm32f4xx.o
LOAD ./Core/Src/tim.o
LOAD ./Core/Src/usb_otg.o
LOAD ./Core/Startup/startup_stm32f411ceux.o
LOAD ./Drivers/STM32F4xx_HAL_Driver/Src/stm32f4xx_hal.o
LOAD ./Drivers/STM32F4xx_HAL_Driver/Src/stm32f4xx_hal_cortex.o
LOAD ./Drivers/STM32F4xx_HAL_Driver/Src/stm32f4xx_hal_dma.o
LOAD ./Drivers/STM32F4xx_HAL_Driver/Src/stm32f4xx_hal_dma_ex.o
LOAD ./Drivers/STM32F4xx_HAL_Driver/Src/stm32f4xx_hal_exti.o
LOAD ./Drivers/STM32F4xx_HAL_Driver/Src/stm32f4xx_hal_flash.o
LOAD ./Drivers/STM32F4xx_HAL_Driver/Src/stm32f4xx_hal_flash_ex.o
LOAD ./Drivers/STM32F4xx_HAL_Driver/Src/stm32f4xx_hal_flash_ramfunc.o
LOAD ./Drivers/STM32F4xx_HAL_Driver/Src/stm32f4xx_hal_gpio.o
LOAD ./Drivers/STM32F4xx_HAL_Driver/Src/stm32f4xx_hal_i2c.o
LOAD ./Drivers/STM32F4xx_HAL_Driver/Src/stm32f4xx_hal_i2c_ex.o
LOAD ./Drivers/STM32F4xx_HAL_Driver/Src/stm32f4xx_hal_pcd.o
LOAD ./Drivers/STM32F4xx_HAL_Driver/Src/stm32f4xx_hal_pcd_ex.o
LOAD ./Drivers/STM32F4xx_HAL_Driver/Src/stm32f4xx_hal_pwr.o
LOAD ./Drivers/STM32F4xx_HAL_Driver/Src/stm32f4xx_hal_pwr_ex.o
LOAD ./Drivers/STM32F4xx_HAL_Driver/Src/stm32f4xx_hal_rcc.o
LOAD ./Drivers/STM32F4xx_HAL_Driver/Src/stm32f4xx_hal_rcc_ex.o
LOAD ./Drivers/STM32F4xx_HAL_Driver/Src/stm32f4xx_hal_tim.o
LOAD ./Drivers/STM32F4xx_HAL_Driver/Src/stm32f4xx_hal_tim_ex.o
LOAD ./Drivers/STM32F4xx_HAL_Driver/Src/stm32f4xx_ll_usb.o
LOAD ./Middlewares/Third_Party/AL94_USB_Composite/COMPOSITE/App/usb_device.o
LOAD ./Middlewares/Third_Party/AL94_USB_Composite/COMPOSITE/App/usbd_cdc_acm_if.o
LOAD ./Middlewares/Third_Party/AL94_USB_Composite/COMPOSITE/App/usbd_desc.o
LOAD ./Middlewares/Third_Party/AL94_USB_Composite/COMPOSITE/Class/CDC_ACM/Src/usbd_cdc_acm.o
LOAD ./Middlewares/Third_Party/AL94_USB_Composite/COMPOSITE/Class/COMPOSITE/Src/usbd_composite.o
LOAD ./Middlewares/Third_Party/AL94_USB_Composite/COMPOSITE/Class/HID_KEYBOARD/Src/usbd_hid_keyboard.o
LOAD ./Middlewares/Third_Party/AL94_USB_Composite/COMPOSITE/Core/Src/usbd_core.o
LOAD ./Middlewares/Third_Party/AL94_USB_Composite/COMPOSITE/Core/Src/usbd_ctlreq.o
LOAD ./Middlewares/Third_Party/AL94_USB_Composite/COMPOSITE/Core/Src/usbd_ioreq.o
LOAD ./Middlewares/Third_Party/AL94_USB_Composite/COMPOSITE/Target/usbd_conf.o
LOAD ./Middlewares/Third_Party/FreeRTOS/Source/CMSIS_RTOS_V2/cmsis_os2.o
LOAD ./Middlewares/Third_Party/FreeRTOS/Source/croutine.o
LOAD ./Middlewares/Third_Party/FreeRTOS/Source/event_groups.o
LOAD ./Middlewares/Third_Party/FreeRTOS/Source/list.o
LOAD ./Middlewares/Third_Party/FreeRTOS/Source/queue.o
LOAD ./Middlewares/Third_Party/FreeRTOS/Source/stream_buffer.o
LOAD ./Middlewares/Third_Party/FreeRTOS/Source/tasks.o
LOAD ./Middlewares/Third_Party/FreeRTOS/Source/timers.o
LOAD ./Middlewares/Third_Party/FreeRTOS/Source/portable/GCC/ARM_CM4F/port.o
LOAD ./Middlewares/Third_Party/FreeRTOS/Source/portable/MemMang/heap_4.o
START GROUP
LOAD c:/st/stm32cubeide_1.12.1/stm32cubeide/plugins/com.st.stm32cube.ide.mcu.externaltools.gnu-tools-for-stm32.10.3-2021.10.win32_1.0.200.202301161003/tools/bin/../lib/gcc/arm-none-eabi/10.3.1/../../../../arm-none-eabi/lib/thumb/v7e-m+fp/hard\libc_nano.a
LOAD c:/st/stm32cubeide_1.12.1/stm32cubeide/plugins/com.st.stm32cube.ide.mcu.externaltools.gnu-tools-for-stm32.10.3-2021.10.win32_1.0.200.202301161003/tools/bin/../lib/gcc/arm-none-eabi/10.3.1/../../../../arm-none-eabi/lib/thumb/v7e-m+fp/hard\libm.a
END GROUP
START GROUP
LOAD c:/st/stm32cubeide_1.12.1/stm32cubeide/plugins/com.st.stm32cube.ide.mcu.externaltools.gnu-tools-for-stm32.10.3-2021.10.win32_1.0.200.202301161003/tools/bin/../lib/gcc/arm-none-eabi/10.3.1/thumb/v7e-m+fp/hard\libgcc.a
LOAD c:/st/stm32cubeide_1.12.1/stm32cubeide/plugins/com.st.stm32cube.ide.mcu.externaltools.gnu-tools-for-stm32.10.3-2021.10.win32_1.0.200.202301161003/tools/bin/../lib/gcc/arm-none-eabi/10.3.1/../../../../arm-none-eabi/lib/thumb/v7e-m+fp/hard\libc_nano.a
END GROUP
START GROUP
LOAD c:/st/stm32cubeide_1.12.1/stm32cubeide/plugins/com.st.stm32cube.ide.mcu.externaltools.gnu-tools-for-stm32.10.3-2021.10.win32_1.0.200.202301161003/tools/bin/../lib/gcc/arm-none-eabi/10.3.1/thumb/v7e-m+fp/hard\libgcc.a
LOAD c:/st/stm32cubeide_1.12.1/stm32cubeide/plugins/com.st.stm32cube.ide.mcu.externaltools.gnu-tools-for-stm32.10.3-2021.10.win32_1.0.200.202301161003/tools/bin/../lib/gcc/arm-none-eabi/10.3.1/../../../../arm-none-eabi/lib/thumb/v7e-m+fp/hard\libc_nano.a
LOAD c:/st/stm32cubeide_1.12.1/stm32cubeide/plugins/com.st.stm32cube.ide.mcu.externaltools.gnu-tools-for-stm32.10.3-2021.10.win32_1.0.200.202301161003/tools/bin/../lib/gcc/arm-none-eabi/10.3.1/../../../../arm-none-eabi/lib/thumb/v7e-m+fp/hard\libnosys.a
END GROUP
START GROUP
LOAD c:/st/stm32cubeide_1.12.1/stm32cubeide/plugins/com.st.stm32cube.ide.mcu.externaltools.gnu-tools-for-stm32.10.3-2021.10.win32_1.0.200.202301161003/tools/bin/../lib/gcc/arm-none-eabi/10.3.1/thumb/v7e-m+fp/hard\libgcc.a
LOAD c:/st/stm32cubeide_1.12.1/stm32cubeide/plugins/com.st.stm32cube.ide.mcu.externaltools.gnu-tools-for-stm32.10.3-2021.10.win32_1.0.200.202301161003/tools/bin/../lib/gcc/arm-none-eabi/10.3.1/../../../../arm-none-eabi/lib/thumb/v7e-m+fp/hard\libc_nano.a
LOAD c:/st/stm32cubeide_1.12.1/stm32cubeide/plugins/com.st.stm32cube.ide.mcu.externaltools.gnu-tools-for-stm32.10.3-2021.10.win32_1.0.200.202301161003/tools/bin/../lib/gcc/arm-none-eabi/10.3.1/../../../../arm-none-eabi/lib/thumb/v7e-m+fp/hard\libnosys.a
END GROUP
LOAD c:/st/stm32cubeide_1.12.1/stm32cubeide/plugins/com.st.stm32cube.ide.mcu.externaltools.gnu-tools-for-stm32.10.3-2021.10.win32_1.0.200.202301161003/tools/bin/../lib/gcc/arm-none-eabi/10.3.1/thumb/v7e-m+fp/hard/crtend.o
LOAD c:/st/stm32cubeide_1.12.1/stm32cubeide/plugins/com.st.stm32cube.ide.mcu.externaltools.gnu-tools-for-stm32.10.3-2021.10.win32_1.0.200.202301161003/tools/bin/../lib/gcc/arm-none-eabi/10.3.1/thumb/v7e-m+fp/hard/crtn.o
                0x0000000020020000                _estack = (ORIGIN (RAM) + LENGTH (RAM))
                0x0000000000000200                _Min_Heap_Size = 0x200
                0x0000000000000400                _Min_Stack_Size = 0x400

.isr_vector     0x0000000008000000      0x198
                0x0000000008000000                . = ALIGN (0x4)
 *(.isr_vector)
 .isr_vector    0x0000000008000000      0x198 ./Core/Startup/startup_stm32f411ceux.o
                0x0000000008000000                g_pfnVectors
                0x0000000008000198                . = ALIGN (0x4)

.text           0x00000000080001a0     0x9d6c
                0x00000000080001a0                . = ALIGN (0x4)
 *(.text)
 .text          0x00000000080001a0       0x40 c:/st/stm32cubeide_1.12.1/stm32cubeide/plugins/com.st.stm32cube.ide.mcu.externaltools.gnu-tools-for-stm32.10.3-2021.10.win32_1.0.200.202301161003/tools/bin/../lib/gcc/arm-none-eabi/10.3.1/thumb/v7e-m+fp/hard/crtbegin.o
 .text          0x00000000080001e0       0xa0 c:/st/stm32cubeide_1.12.1/stm32cubeide/plugins/com.st.stm32cube.ide.mcu.externaltools.gnu-tools-for-stm32.10.3-2021.10.win32_1.0.200.202301161003/tools/bin/../lib/gcc/arm-none-eabi/10.3.1/../../../../arm-none-eabi/lib/thumb/v7e-m+fp/hard\libc_nano.a(lib_a-memchr.o)
                0x00000000080001e0                memchr
 .text          0x0000000008000280       0x30 c:/st/stm32cubeide_1.12.1/stm32cubeide/plugins/com.st.stm32cube.ide.mcu.externaltools.gnu-tools-for-stm32.10.3-2021.10.win32_1.0.200.202301161003/tools/bin/../lib/gcc/arm-none-eabi/10.3.1/thumb/v7e-m+fp/hard\libgcc.a(_aeabi_uldivmod.o)
                0x0000000008000280                __aeabi_uldivmod
 .text          0x00000000080002b0      0x2d0 c:/st/stm32cubeide_1.12.1/stm32cubeide/plugins/com.st.stm32cube.ide.mcu.externaltools.gnu-tools-for-stm32.10.3-2021.10.win32_1.0.200.202301161003/tools/bin/../lib/gcc/arm-none-eabi/10.3.1/thumb/v7e-m+fp/hard\libgcc.a(_udivmoddi4.o)
                0x00000000080002b0                __udivmoddi4
 .text          0x0000000008000580        0x4 c:/st/stm32cubeide_1.12.1/stm32cubeide/plugins/com.st.stm32cube.ide.mcu.externaltools.gnu-tools-for-stm32.10.3-2021.10.win32_1.0.200.202301161003/tools/bin/../lib/gcc/arm-none-eabi/10.3.1/thumb/v7e-m+fp/hard\libgcc.a(_dvmd_tls.o)
                0x0000000008000580                __aeabi_idiv0
                0x0000000008000580                __aeabi_ldiv0
 *(.text*)
 .text.HAL_TIM_PWM_PulseFinishedCallback
                0x0000000008000584        0x4 ./Core/Src/LED.o
                0x0000000008000584                HAL_TIM_PWM_PulseFinishedCallback
 .text.key_scan
                0x0000000008000588       0xd0 ./Core/Src/cy8cmbr3116.o
                0x0000000008000588                key_scan
 .text.Sensor_Cfg
                0x0000000008000658       0xe0 ./Core/Src/cy8cmbr3116.o
                0x0000000008000658                Sensor_Cfg
 .text.MX_DMA_Init
                0x0000000008000738       0xbc ./Core/Src/dma.o
                0x0000000008000738                MX_DMA_Init
 .text.StartTask02
                0x00000000080007f4        0xc ./Core/Src/freertos.o
                0x00000000080007f4                StartTask02
 .text.StartDefaultTask
                0x0000000008000800       0xec ./Core/Src/freertos.o
                0x0000000008000800                StartDefaultTask
 .text.StartTask03
                0x00000000080008ec       0x84 ./Core/Src/freertos.o
                0x00000000080008ec                StartTask03
 .text.StartTask04
                0x0000000008000970        0xc ./Core/Src/freertos.o
                0x0000000008000970                StartTask04
 .text.MX_FREERTOS_Init
                0x000000000800097c       0x74 ./Core/Src/freertos.o
                0x000000000800097c                MX_FREERTOS_Init
 .text.MX_GPIO_Init
                0x00000000080009f0       0xe4 ./Core/Src/gpio.o
                0x00000000080009f0                MX_GPIO_Init
 .text.MX_I2C1_Init
                0x0000000008000ad4       0x3c ./Core/Src/i2c.o
                0x0000000008000ad4                MX_I2C1_Init
 .text.MX_I2C2_Init
                0x0000000008000b10       0x3c ./Core/Src/i2c.o
                0x0000000008000b10                MX_I2C2_Init
 .text.MX_I2C3_Init
                0x0000000008000b4c       0x3c ./Core/Src/i2c.o
                0x0000000008000b4c                MX_I2C3_Init
 .text.HAL_I2C_MspInit
                0x0000000008000b88      0x244 ./Core/Src/i2c.o
                0x0000000008000b88                HAL_I2C_MspInit
 *fill*         0x0000000008000dcc        0x4 
 .text.SystemClock_Config
                0x0000000008000dd0       0xb8 ./Core/Src/main.o
                0x0000000008000dd0                SystemClock_Config
 .text.startup.main
                0x0000000008000e88       0x54 ./Core/Src/main.o
                0x0000000008000e88                main
 .text.HAL_TIM_PeriodElapsedCallback
                0x0000000008000edc       0x14 ./Core/Src/main.o
                0x0000000008000edc                HAL_TIM_PeriodElapsedCallback
 .text.Error_Handler
                0x0000000008000ef0        0x4 ./Core/Src/main.o
                0x0000000008000ef0                Error_Handler
 .text.HAL_MspInit
                0x0000000008000ef4       0x40 ./Core/Src/stm32f4xx_hal_msp.o
                0x0000000008000ef4                HAL_MspInit
 .text.HAL_InitTick
                0x0000000008000f34       0x98 ./Core/Src/stm32f4xx_hal_timebase_tim.o
                0x0000000008000f34                HAL_InitTick
 .text.NMI_Handler
                0x0000000008000fcc        0x4 ./Core/Src/stm32f4xx_it.o
                0x0000000008000fcc                NMI_Handler
 .text.HardFault_Handler
                0x0000000008000fd0        0x4 ./Core/Src/stm32f4xx_it.o
                0x0000000008000fd0                HardFault_Handler
 .text.MemManage_Handler
                0x0000000008000fd4        0x4 ./Core/Src/stm32f4xx_it.o
                0x0000000008000fd4                MemManage_Handler
 .text.BusFault_Handler
                0x0000000008000fd8        0x4 ./Core/Src/stm32f4xx_it.o
                0x0000000008000fd8                BusFault_Handler
 .text.UsageFault_Handler
                0x0000000008000fdc        0x4 ./Core/Src/stm32f4xx_it.o
                0x0000000008000fdc                UsageFault_Handler
 .text.DebugMon_Handler
                0x0000000008000fe0        0x4 ./Core/Src/stm32f4xx_it.o
                0x0000000008000fe0                DebugMon_Handler
 .text.DMA1_Stream0_IRQHandler
                0x0000000008000fe4        0xc ./Core/Src/stm32f4xx_it.o
                0x0000000008000fe4                DMA1_Stream0_IRQHandler
 .text.DMA1_Stream1_IRQHandler
                0x0000000008000ff0        0xc ./Core/Src/stm32f4xx_it.o
                0x0000000008000ff0                DMA1_Stream1_IRQHandler
 .text.DMA1_Stream2_IRQHandler
                0x0000000008000ffc        0xc ./Core/Src/stm32f4xx_it.o
                0x0000000008000ffc                DMA1_Stream2_IRQHandler
 .text.DMA1_Stream5_IRQHandler
                0x0000000008001008        0xc ./Core/Src/stm32f4xx_it.o
                0x0000000008001008                DMA1_Stream5_IRQHandler
 .text.EXTI9_5_IRQHandler
                0x0000000008001014        0x8 ./Core/Src/stm32f4xx_it.o
                0x0000000008001014                EXTI9_5_IRQHandler
 .text.TIM1_UP_TIM10_IRQHandler
                0x000000000800101c        0xc ./Core/Src/stm32f4xx_it.o
                0x000000000800101c                TIM1_UP_TIM10_IRQHandler
 .text.I2C1_EV_IRQHandler
                0x0000000008001028        0xc ./Core/Src/stm32f4xx_it.o
                0x0000000008001028                I2C1_EV_IRQHandler
 .text.I2C1_ER_IRQHandler
                0x0000000008001034        0xc ./Core/Src/stm32f4xx_it.o
                0x0000000008001034                I2C1_ER_IRQHandler
 .text.OTG_FS_IRQHandler
                0x0000000008001040        0xc ./Core/Src/stm32f4xx_it.o
                0x0000000008001040                OTG_FS_IRQHandler
 .text.I2C3_EV_IRQHandler
                0x000000000800104c        0xc ./Core/Src/stm32f4xx_it.o
                0x000000000800104c                I2C3_EV_IRQHandler
 .text.I2C3_ER_IRQHandler
                0x0000000008001058        0xc ./Core/Src/stm32f4xx_it.o
                0x0000000008001058                I2C3_ER_IRQHandler
 .text._sbrk    0x0000000008001064       0x44 ./Core/Src/sysmem.o
                0x0000000008001064                _sbrk
 .text.SystemInit
                0x00000000080010a8       0x14 ./Core/Src/system_stm32f4xx.o
                0x00000000080010a8                SystemInit
 *fill*         0x00000000080010bc        0x4 
 .text.MX_TIM2_Init
                0x00000000080010c0      0x11c ./Core/Src/tim.o
                0x00000000080010c0                MX_TIM2_Init
 *fill*         0x00000000080011dc        0x4 
 .text.MX_TIM4_Init
                0x00000000080011e0      0x11c ./Core/Src/tim.o
                0x00000000080011e0                MX_TIM4_Init
 .text.HAL_TIM_PWM_MspInit
                0x00000000080012fc       0xe4 ./Core/Src/tim.o
                0x00000000080012fc                HAL_TIM_PWM_MspInit
 .text.MX_USB_OTG_FS_PCD_Init
                0x00000000080013e0       0x54 ./Core/Src/usb_otg.o
                0x00000000080013e0                MX_USB_OTG_FS_PCD_Init
 .text.HAL_PCD_MspInit
                0x0000000008001434       0x84 ./Core/Src/usb_otg.o
                0x0000000008001434                HAL_PCD_MspInit
 .text.Reset_Handler
                0x00000000080014b8       0x50 ./Core/Startup/startup_stm32f411ceux.o
                0x00000000080014b8                Reset_Handler
 .text.Default_Handler
                0x0000000008001508        0x2 ./Core/Startup/startup_stm32f411ceux.o
                0x0000000008001508                RTC_Alarm_IRQHandler
                0x0000000008001508                EXTI2_IRQHandler
                0x0000000008001508                SPI4_IRQHandler
                0x0000000008001508                TIM1_CC_IRQHandler
                0x0000000008001508                DMA2_Stream5_IRQHandler
                0x0000000008001508                PVD_IRQHandler
                0x0000000008001508                SDIO_IRQHandler
                0x0000000008001508                TAMP_STAMP_IRQHandler
                0x0000000008001508                EXTI3_IRQHandler
                0x0000000008001508                EXTI0_IRQHandler
                0x0000000008001508                I2C2_EV_IRQHandler
                0x0000000008001508                FPU_IRQHandler
                0x0000000008001508                DMA2_Stream2_IRQHandler
                0x0000000008001508                SPI1_IRQHandler
                0x0000000008001508                TIM1_BRK_TIM9_IRQHandler
                0x0000000008001508                DMA2_Stream3_IRQHandler
                0x0000000008001508                USART6_IRQHandler
                0x0000000008001508                DMA2_Stream0_IRQHandler
                0x0000000008001508                TIM4_IRQHandler
                0x0000000008001508                DMA1_Stream6_IRQHandler
                0x0000000008001508                TIM3_IRQHandler
                0x0000000008001508                RCC_IRQHandler
                0x0000000008001508                Default_Handler
                0x0000000008001508                EXTI15_10_IRQHandler
                0x0000000008001508                ADC_IRQHandler
                0x0000000008001508                DMA1_Stream7_IRQHandler
                0x0000000008001508                SPI5_IRQHandler
                0x0000000008001508                TIM5_IRQHandler
                0x0000000008001508                DMA2_Stream7_IRQHandler
                0x0000000008001508                RTC_WKUP_IRQHandler
                0x0000000008001508                SPI2_IRQHandler
                0x0000000008001508                EXTI4_IRQHandler
                0x0000000008001508                WWDG_IRQHandler
                0x0000000008001508                TIM2_IRQHandler
                0x0000000008001508                OTG_FS_WKUP_IRQHandler
                0x0000000008001508                TIM1_TRG_COM_TIM11_IRQHandler
                0x0000000008001508                EXTI1_IRQHandler
                0x0000000008001508                USART2_IRQHandler
                0x0000000008001508                I2C2_ER_IRQHandler
                0x0000000008001508                DMA2_Stream1_IRQHandler
                0x0000000008001508                FLASH_IRQHandler
                0x0000000008001508                DMA2_Stream4_IRQHandler
                0x0000000008001508                USART1_IRQHandler
                0x0000000008001508                SPI3_IRQHandler
                0x0000000008001508                DMA1_Stream4_IRQHandler
                0x0000000008001508                DMA2_Stream6_IRQHandler
                0x0000000008001508                DMA1_Stream3_IRQHandler
 *fill*         0x000000000800150a        0x2 
 .text.HAL_Init
                0x000000000800150c       0x34 ./Drivers/STM32F4xx_HAL_Driver/Src/stm32f4xx_hal.o
                0x000000000800150c                HAL_Init
 .text.HAL_IncTick
                0x0000000008001540       0x18 ./Drivers/STM32F4xx_HAL_Driver/Src/stm32f4xx_hal.o
                0x0000000008001540                HAL_IncTick
 .text.HAL_GetTick
                0x0000000008001558        0xc ./Drivers/STM32F4xx_HAL_Driver/Src/stm32f4xx_hal.o
                0x0000000008001558                HAL_GetTick
 .text.HAL_Delay
                0x0000000008001564       0x24 ./Drivers/STM32F4xx_HAL_Driver/Src/stm32f4xx_hal.o
                0x0000000008001564                HAL_Delay
 .text.HAL_NVIC_SetPriorityGrouping
                0x0000000008001588       0x24 ./Drivers/STM32F4xx_HAL_Driver/Src/stm32f4xx_hal_cortex.o
                0x0000000008001588                HAL_NVIC_SetPriorityGrouping
 .text.HAL_NVIC_SetPriority
                0x00000000080015ac       0x7c ./Drivers/STM32F4xx_HAL_Driver/Src/stm32f4xx_hal_cortex.o
                0x00000000080015ac                HAL_NVIC_SetPriority
 .text.HAL_NVIC_EnableIRQ
                0x0000000008001628       0x1c ./Drivers/STM32F4xx_HAL_Driver/Src/stm32f4xx_hal_cortex.o
                0x0000000008001628                HAL_NVIC_EnableIRQ
 .text.HAL_DMA_Init
                0x0000000008001644      0x130 ./Drivers/STM32F4xx_HAL_Driver/Src/stm32f4xx_hal_dma.o
                0x0000000008001644                HAL_DMA_Init
 .text.HAL_DMA_Abort_IT
                0x0000000008001774       0x24 ./Drivers/STM32F4xx_HAL_Driver/Src/stm32f4xx_hal_dma.o
                0x0000000008001774                HAL_DMA_Abort_IT
 .text.HAL_DMA_IRQHandler
                0x0000000008001798      0x1e0 ./Drivers/STM32F4xx_HAL_Driver/Src/stm32f4xx_hal_dma.o
                0x0000000008001798                HAL_DMA_IRQHandler
 .text.HAL_DMA_GetState
                0x0000000008001978        0x8 ./Drivers/STM32F4xx_HAL_Driver/Src/stm32f4xx_hal_dma.o
                0x0000000008001978                HAL_DMA_GetState
 .text.HAL_GPIO_Init
                0x0000000008001980      0x1e4 ./Drivers/STM32F4xx_HAL_Driver/Src/stm32f4xx_hal_gpio.o
                0x0000000008001980                HAL_GPIO_Init
 .text.HAL_GPIO_WritePin
                0x0000000008001b64        0x8 ./Drivers/STM32F4xx_HAL_Driver/Src/stm32f4xx_hal_gpio.o
                0x0000000008001b64                HAL_GPIO_WritePin
 .text.HAL_GPIO_EXTI_Callback
                0x0000000008001b6c        0x4 ./Drivers/STM32F4xx_HAL_Driver/Src/stm32f4xx_hal_gpio.o
                0x0000000008001b6c                HAL_GPIO_EXTI_Callback
 .text.HAL_GPIO_EXTI_IRQHandler
                0x0000000008001b70       0x18 ./Drivers/STM32F4xx_HAL_Driver/Src/stm32f4xx_hal_gpio.o
                0x0000000008001b70                HAL_GPIO_EXTI_IRQHandler
 .text.I2C_RequestMemoryWrite
                0x0000000008001b88      0x1ec ./Drivers/STM32F4xx_HAL_Driver/Src/stm32f4xx_hal_i2c.o
 .text.I2C_RequestMemoryRead
                0x0000000008001d74      0x2a8 ./Drivers/STM32F4xx_HAL_Driver/Src/stm32f4xx_hal_i2c.o
 .text.HAL_I2C_Init
                0x000000000800201c      0x190 ./Drivers/STM32F4xx_HAL_Driver/Src/stm32f4xx_hal_i2c.o
                0x000000000800201c                HAL_I2C_Init
 .text.HAL_I2C_Mem_Write
                0x00000000080021ac      0x1e8 ./Drivers/STM32F4xx_HAL_Driver/Src/stm32f4xx_hal_i2c.o
                0x00000000080021ac                HAL_I2C_Mem_Write
 .text.HAL_I2C_Mem_Read
                0x0000000008002394      0x35c ./Drivers/STM32F4xx_HAL_Driver/Src/stm32f4xx_hal_i2c.o
                0x0000000008002394                HAL_I2C_Mem_Read
 .text.HAL_I2C_MasterTxCpltCallback
                0x00000000080026f0        0x4 ./Drivers/STM32F4xx_HAL_Driver/Src/stm32f4xx_hal_i2c.o
                0x00000000080026f0                HAL_I2C_MasterTxCpltCallback
 .text.HAL_I2C_MasterRxCpltCallback
                0x00000000080026f4        0x4 ./Drivers/STM32F4xx_HAL_Driver/Src/stm32f4xx_hal_i2c.o
                0x00000000080026f4                HAL_I2C_MasterRxCpltCallback
 .text.HAL_I2C_SlaveTxCpltCallback
                0x00000000080026f8        0x4 ./Drivers/STM32F4xx_HAL_Driver/Src/stm32f4xx_hal_i2c.o
                0x00000000080026f8                HAL_I2C_SlaveTxCpltCallback
 .text.HAL_I2C_SlaveRxCpltCallback
                0x00000000080026fc        0x4 ./Drivers/STM32F4xx_HAL_Driver/Src/stm32f4xx_hal_i2c.o
                0x00000000080026fc                HAL_I2C_SlaveRxCpltCallback
 .text.HAL_I2C_AddrCallback
                0x0000000008002700        0x4 ./Drivers/STM32F4xx_HAL_Driver/Src/stm32f4xx_hal_i2c.o
                0x0000000008002700                HAL_I2C_AddrCallback
 .text.HAL_I2C_ListenCpltCallback
                0x0000000008002704        0x4 ./Drivers/STM32F4xx_HAL_Driver/Src/stm32f4xx_hal_i2c.o
                0x0000000008002704                HAL_I2C_ListenCpltCallback
 .text.HAL_I2C_MemTxCpltCallback
                0x0000000008002708        0x4 ./Drivers/STM32F4xx_HAL_Driver/Src/stm32f4xx_hal_i2c.o
                0x0000000008002708                HAL_I2C_MemTxCpltCallback
 .text.I2C_MemoryTransmit_TXE_BTF
                0x000000000800270c       0xbc ./Drivers/STM32F4xx_HAL_Driver/Src/stm32f4xx_hal_i2c.o
 .text.HAL_I2C_MemRxCpltCallback
                0x00000000080027c8        0x4 ./Drivers/STM32F4xx_HAL_Driver/Src/stm32f4xx_hal_i2c.o
                0x00000000080027c8                HAL_I2C_MemRxCpltCallback
 .text.HAL_I2C_ErrorCallback
                0x00000000080027cc        0x4 ./Drivers/STM32F4xx_HAL_Driver/Src/stm32f4xx_hal_i2c.o
                0x00000000080027cc                HAL_I2C_ErrorCallback
 .text.HAL_I2C_AbortCpltCallback
                0x00000000080027d0        0x4 ./Drivers/STM32F4xx_HAL_Driver/Src/stm32f4xx_hal_i2c.o
                0x00000000080027d0                HAL_I2C_AbortCpltCallback
 .text.I2C_DMAAbort
                0x00000000080027d4       0xf4 ./Drivers/STM32F4xx_HAL_Driver/Src/stm32f4xx_hal_i2c.o
 .text.I2C_ITError
                0x00000000080028c8      0x16c ./Drivers/STM32F4xx_HAL_Driver/Src/stm32f4xx_hal_i2c.o
 .text.HAL_I2C_EV_IRQHandler
                0x0000000008002a34      0x96c ./Drivers/STM32F4xx_HAL_Driver/Src/stm32f4xx_hal_i2c.o
                0x0000000008002a34                HAL_I2C_EV_IRQHandler
 .text.HAL_I2C_ER_IRQHandler
                0x00000000080033a0      0x190 ./Drivers/STM32F4xx_HAL_Driver/Src/stm32f4xx_hal_i2c.o
                0x00000000080033a0                HAL_I2C_ER_IRQHandler
 .text.HAL_PCD_Init
                0x0000000008003530      0x11c ./Drivers/STM32F4xx_HAL_Driver/Src/stm32f4xx_hal_pcd.o
                0x0000000008003530                HAL_PCD_Init
 .text.HAL_PCD_Start
                0x000000000800364c       0x40 ./Drivers/STM32F4xx_HAL_Driver/Src/stm32f4xx_hal_pcd.o
                0x000000000800364c                HAL_PCD_Start
 .text.HAL_PCD_IRQHandler
                0x000000000800368c      0xb18 ./Drivers/STM32F4xx_HAL_Driver/Src/stm32f4xx_hal_pcd.o
                0x000000000800368c                HAL_PCD_IRQHandler
 .text.HAL_PCD_SetAddress
                0x00000000080041a4       0x28 ./Drivers/STM32F4xx_HAL_Driver/Src/stm32f4xx_hal_pcd.o
                0x00000000080041a4                HAL_PCD_SetAddress
 .text.HAL_PCD_EP_Open
                0x00000000080041cc       0x7c ./Drivers/STM32F4xx_HAL_Driver/Src/stm32f4xx_hal_pcd.o
                0x00000000080041cc                HAL_PCD_EP_Open
 .text.HAL_PCD_EP_Close
                0x0000000008004248       0x5c ./Drivers/STM32F4xx_HAL_Driver/Src/stm32f4xx_hal_pcd.o
                0x0000000008004248                HAL_PCD_EP_Close
 .text.HAL_PCD_EP_Receive
                0x00000000080042a4       0x50 ./Drivers/STM32F4xx_HAL_Driver/Src/stm32f4xx_hal_pcd.o
                0x00000000080042a4                HAL_PCD_EP_Receive
 .text.HAL_PCD_EP_GetRxCount
                0x00000000080042f4       0x14 ./Drivers/STM32F4xx_HAL_Driver/Src/stm32f4xx_hal_pcd.o
                0x00000000080042f4                HAL_PCD_EP_GetRxCount
 .text.HAL_PCD_EP_Transmit
                0x0000000008004308       0x50 ./Drivers/STM32F4xx_HAL_Driver/Src/stm32f4xx_hal_pcd.o
                0x0000000008004308                HAL_PCD_EP_Transmit
 .text.HAL_PCD_EP_SetStall
                0x0000000008004358       0x88 ./Drivers/STM32F4xx_HAL_Driver/Src/stm32f4xx_hal_pcd.o
                0x0000000008004358                HAL_PCD_EP_SetStall
 .text.HAL_PCD_EP_ClrStall
                0x00000000080043e0       0x70 ./Drivers/STM32F4xx_HAL_Driver/Src/stm32f4xx_hal_pcd.o
                0x00000000080043e0                HAL_PCD_EP_ClrStall
 .text.HAL_PCDEx_SetTxFiFo
                0x0000000008004450       0x54 ./Drivers/STM32F4xx_HAL_Driver/Src/stm32f4xx_hal_pcd_ex.o
                0x0000000008004450                HAL_PCDEx_SetTxFiFo
 .text.HAL_PCDEx_SetRxFiFo
                0x00000000080044a4        0x8 ./Drivers/STM32F4xx_HAL_Driver/Src/stm32f4xx_hal_pcd_ex.o
                0x00000000080044a4                HAL_PCDEx_SetRxFiFo
 .text.HAL_PCDEx_LPM_Callback
                0x00000000080044ac        0x4 ./Drivers/STM32F4xx_HAL_Driver/Src/stm32f4xx_hal_pcd_ex.o
                0x00000000080044ac                HAL_PCDEx_LPM_Callback
 .text.HAL_RCC_OscConfig
                0x00000000080044b0      0x3c8 ./Drivers/STM32F4xx_HAL_Driver/Src/stm32f4xx_hal_rcc.o
                0x00000000080044b0                HAL_RCC_OscConfig
 .text.HAL_RCC_GetSysClockFreq
                0x0000000008004878       0x68 ./Drivers/STM32F4xx_HAL_Driver/Src/stm32f4xx_hal_rcc.o
                0x0000000008004878                HAL_RCC_GetSysClockFreq
 .text.HAL_RCC_ClockConfig
                0x00000000080048e0      0x13c ./Drivers/STM32F4xx_HAL_Driver/Src/stm32f4xx_hal_rcc.o
                0x00000000080048e0                HAL_RCC_ClockConfig
 .text.HAL_RCC_GetHCLKFreq
                0x0000000008004a1c        0xc ./Drivers/STM32F4xx_HAL_Driver/Src/stm32f4xx_hal_rcc.o
                0x0000000008004a1c                HAL_RCC_GetHCLKFreq
 .text.HAL_RCC_GetPCLK1Freq
                0x0000000008004a28       0x20 ./Drivers/STM32F4xx_HAL_Driver/Src/stm32f4xx_hal_rcc.o
                0x0000000008004a28                HAL_RCC_GetPCLK1Freq
 .text.HAL_RCC_GetPCLK2Freq
                0x0000000008004a48       0x20 ./Drivers/STM32F4xx_HAL_Driver/Src/stm32f4xx_hal_rcc.o
                0x0000000008004a48                HAL_RCC_GetPCLK2Freq
 .text.HAL_RCC_GetClockConfig
                0x0000000008004a68       0x44 ./Drivers/STM32F4xx_HAL_Driver/Src/stm32f4xx_hal_rcc.o
                0x0000000008004a68                HAL_RCC_GetClockConfig
 .text.HAL_TIM_Base_MspInit
                0x0000000008004aac        0x4 ./Drivers/STM32F4xx_HAL_Driver/Src/stm32f4xx_hal_tim.o
                0x0000000008004aac                HAL_TIM_Base_MspInit
 .text.HAL_TIM_Base_Init
                0x0000000008004ab0       0xfc ./Drivers/STM32F4xx_HAL_Driver/Src/stm32f4xx_hal_tim.o
                0x0000000008004ab0                HAL_TIM_Base_Init
 .text.HAL_TIM_Base_Start_IT
                0x0000000008004bac       0x68 ./Drivers/STM32F4xx_HAL_Driver/Src/stm32f4xx_hal_tim.o
                0x0000000008004bac                HAL_TIM_Base_Start_IT
 .text.HAL_TIM_PWM_Init
                0x0000000008004c14       0xfc ./Drivers/STM32F4xx_HAL_Driver/Src/stm32f4xx_hal_tim.o
                0x0000000008004c14                HAL_TIM_PWM_Init
 .text.HAL_TIM_PWM_ConfigChannel
                0x0000000008004d10      0x20c ./Drivers/STM32F4xx_HAL_Driver/Src/stm32f4xx_hal_tim.o
                0x0000000008004d10                HAL_TIM_PWM_ConfigChannel
 .text.HAL_TIM_OC_DelayElapsedCallback
                0x0000000008004f1c        0x4 ./Drivers/STM32F4xx_HAL_Driver/Src/stm32f4xx_hal_tim.o
                0x0000000008004f1c                HAL_TIM_OC_DelayElapsedCallback
 .text.HAL_TIM_IC_CaptureCallback
                0x0000000008004f20        0x4 ./Drivers/STM32F4xx_HAL_Driver/Src/stm32f4xx_hal_tim.o
                0x0000000008004f20                HAL_TIM_IC_CaptureCallback
 .text.HAL_TIM_TriggerCallback
                0x0000000008004f24        0x4 ./Drivers/STM32F4xx_HAL_Driver/Src/stm32f4xx_hal_tim.o
                0x0000000008004f24                HAL_TIM_TriggerCallback
 .text.HAL_TIM_IRQHandler
                0x0000000008004f28      0x154 ./Drivers/STM32F4xx_HAL_Driver/Src/stm32f4xx_hal_tim.o
                0x0000000008004f28                HAL_TIM_IRQHandler
 .text.HAL_TIMEx_MasterConfigSynchronization
                0x000000000800507c       0x70 ./Drivers/STM32F4xx_HAL_Driver/Src/stm32f4xx_hal_tim_ex.o
                0x000000000800507c                HAL_TIMEx_MasterConfigSynchronization
 .text.HAL_TIMEx_CommutCallback
                0x00000000080050ec        0x4 ./Drivers/STM32F4xx_HAL_Driver/Src/stm32f4xx_hal_tim_ex.o
                0x00000000080050ec                HAL_TIMEx_CommutCallback
 .text.HAL_TIMEx_BreakCallback
                0x00000000080050f0        0x4 ./Drivers/STM32F4xx_HAL_Driver/Src/stm32f4xx_hal_tim_ex.o
                0x00000000080050f0                HAL_TIMEx_BreakCallback
 .text.USB_CoreInit
                0x00000000080050f4      0x104 ./Drivers/STM32F4xx_HAL_Driver/Src/stm32f4xx_ll_usb.o
                0x00000000080050f4                USB_CoreInit
 .text.USB_SetTurnaroundTime
                0x00000000080051f8       0xf4 ./Drivers/STM32F4xx_HAL_Driver/Src/stm32f4xx_ll_usb.o
                0x00000000080051f8                USB_SetTurnaroundTime
 .text.USB_EnableGlobalInt
                0x00000000080052ec       0x10 ./Drivers/STM32F4xx_HAL_Driver/Src/stm32f4xx_ll_usb.o
                0x00000000080052ec                USB_EnableGlobalInt
 .text.USB_DisableGlobalInt
                0x00000000080052fc       0x10 ./Drivers/STM32F4xx_HAL_Driver/Src/stm32f4xx_ll_usb.o
                0x00000000080052fc                USB_DisableGlobalInt
 .text.USB_SetCurrentMode
                0x000000000800530c       0x70 ./Drivers/STM32F4xx_HAL_Driver/Src/stm32f4xx_ll_usb.o
                0x000000000800530c                USB_SetCurrentMode
 .text.USB_DevInit
                0x000000000800537c      0x234 ./Drivers/STM32F4xx_HAL_Driver/Src/stm32f4xx_ll_usb.o
                0x000000000800537c                USB_DevInit
 .text.USB_FlushTxFifo
                0x00000000080055b0       0x54 ./Drivers/STM32F4xx_HAL_Driver/Src/stm32f4xx_ll_usb.o
                0x00000000080055b0                USB_FlushTxFifo
 .text.USB_GetDevSpeed
                0x0000000008005604       0x18 ./Drivers/STM32F4xx_HAL_Driver/Src/stm32f4xx_ll_usb.o
                0x0000000008005604                USB_GetDevSpeed
 .text.USB_ActivateEndpoint
                0x000000000800561c       0x98 ./Drivers/STM32F4xx_HAL_Driver/Src/stm32f4xx_ll_usb.o
                0x000000000800561c                USB_ActivateEndpoint
 .text.USB_DeactivateEndpoint
                0x00000000080056b4       0xc4 ./Drivers/STM32F4xx_HAL_Driver/Src/stm32f4xx_ll_usb.o
                0x00000000080056b4                USB_DeactivateEndpoint
 .text.USB_EPStartXfer
                0x0000000008005778      0x218 ./Drivers/STM32F4xx_HAL_Driver/Src/stm32f4xx_ll_usb.o
                0x0000000008005778                USB_EPStartXfer
 .text.USB_EP0StartXfer
                0x0000000008005990      0x158 ./Drivers/STM32F4xx_HAL_Driver/Src/stm32f4xx_ll_usb.o
                0x0000000008005990                USB_EP0StartXfer
 .text.USB_EPStopXfer
                0x0000000008005ae8       0x88 ./Drivers/STM32F4xx_HAL_Driver/Src/stm32f4xx_ll_usb.o
                0x0000000008005ae8                USB_EPStopXfer
 .text.USB_WritePacket
                0x0000000008005b70       0x2c ./Drivers/STM32F4xx_HAL_Driver/Src/stm32f4xx_ll_usb.o
                0x0000000008005b70                USB_WritePacket
 .text.USB_ReadPacket
                0x0000000008005b9c       0x50 ./Drivers/STM32F4xx_HAL_Driver/Src/stm32f4xx_ll_usb.o
                0x0000000008005b9c                USB_ReadPacket
 .text.USB_EPSetStall
                0x0000000008005bec       0x5c ./Drivers/STM32F4xx_HAL_Driver/Src/stm32f4xx_ll_usb.o
                0x0000000008005bec                USB_EPSetStall
 .text.USB_EPClearStall
                0x0000000008005c48       0x58 ./Drivers/STM32F4xx_HAL_Driver/Src/stm32f4xx_ll_usb.o
                0x0000000008005c48                USB_EPClearStall
 .text.USB_SetDevAddress
                0x0000000008005ca0       0x20 ./Drivers/STM32F4xx_HAL_Driver/Src/stm32f4xx_ll_usb.o
                0x0000000008005ca0                USB_SetDevAddress
 .text.USB_DevConnect
                0x0000000008005cc0       0x20 ./Drivers/STM32F4xx_HAL_Driver/Src/stm32f4xx_ll_usb.o
                0x0000000008005cc0                USB_DevConnect
 .text.USB_DevDisconnect
                0x0000000008005ce0       0x20 ./Drivers/STM32F4xx_HAL_Driver/Src/stm32f4xx_ll_usb.o
                0x0000000008005ce0                USB_DevDisconnect
 .text.USB_ReadInterrupts
                0x0000000008005d00        0x8 ./Drivers/STM32F4xx_HAL_Driver/Src/stm32f4xx_ll_usb.o
                0x0000000008005d00                USB_ReadInterrupts
 .text.USB_ReadDevAllOutEpInterrupt
                0x0000000008005d08       0x10 ./Drivers/STM32F4xx_HAL_Driver/Src/stm32f4xx_ll_usb.o
                0x0000000008005d08                USB_ReadDevAllOutEpInterrupt
 .text.USB_ReadDevAllInEpInterrupt
                0x0000000008005d18       0x10 ./Drivers/STM32F4xx_HAL_Driver/Src/stm32f4xx_ll_usb.o
                0x0000000008005d18                USB_ReadDevAllInEpInterrupt
 .text.USB_ReadDevOutEPInterrupt
                0x0000000008005d28       0x14 ./Drivers/STM32F4xx_HAL_Driver/Src/stm32f4xx_ll_usb.o
                0x0000000008005d28                USB_ReadDevOutEPInterrupt
 .text.USB_ReadDevInEPInterrupt
                0x0000000008005d3c       0x20 ./Drivers/STM32F4xx_HAL_Driver/Src/stm32f4xx_ll_usb.o
                0x0000000008005d3c                USB_ReadDevInEPInterrupt
 .text.USB_GetMode
                0x0000000008005d5c        0x8 ./Drivers/STM32F4xx_HAL_Driver/Src/stm32f4xx_ll_usb.o
                0x0000000008005d5c                USB_GetMode
 .text.USB_ActivateSetup
                0x0000000008005d64       0x24 ./Drivers/STM32F4xx_HAL_Driver/Src/stm32f4xx_ll_usb.o
                0x0000000008005d64                USB_ActivateSetup
 .text.USB_EP0_OutStart
                0x0000000008005d88       0x58 ./Drivers/STM32F4xx_HAL_Driver/Src/stm32f4xx_ll_usb.o
                0x0000000008005d88                USB_EP0_OutStart
 .text.MX_USB_DEVICE_Init
                0x0000000008005de0       0x78 ./Middlewares/Third_Party/AL94_USB_Composite/COMPOSITE/App/usb_device.o
                0x0000000008005de0                MX_USB_DEVICE_Init
 .text.CDC_DeInit
                0x0000000008005e58        0x4 ./Middlewares/Third_Party/AL94_USB_Composite/COMPOSITE/App/usbd_cdc_acm_if.o
 .text.CDC_TransmitCplt
                0x0000000008005e5c        0x4 ./Middlewares/Third_Party/AL94_USB_Composite/COMPOSITE/App/usbd_cdc_acm_if.o
 .text.CDC_Init
                0x0000000008005e60       0x1c ./Middlewares/Third_Party/AL94_USB_Composite/COMPOSITE/App/usbd_cdc_acm_if.o
 .text.CDC_Receive
                0x0000000008005e7c       0x74 ./Middlewares/Third_Party/AL94_USB_Composite/COMPOSITE/App/usbd_cdc_acm_if.o
 .text.CDC_Control
                0x0000000008005ef0       0x6c ./Middlewares/Third_Party/AL94_USB_Composite/COMPOSITE/App/usbd_cdc_acm_if.o
 .text.CDC_Transmit
                0x0000000008005f5c       0x38 ./Middlewares/Third_Party/AL94_USB_Composite/COMPOSITE/App/usbd_cdc_acm_if.o
                0x0000000008005f5c                CDC_Transmit
 .text.USBD_DeviceDescriptor
                0x0000000008005f94        0xc ./Middlewares/Third_Party/AL94_USB_Composite/COMPOSITE/App/usbd_desc.o
                0x0000000008005f94                USBD_DeviceDescriptor
 .text.USBD_LangIDStrDescriptor
                0x0000000008005fa0        0xc ./Middlewares/Third_Party/AL94_USB_Composite/COMPOSITE/App/usbd_desc.o
                0x0000000008005fa0                USBD_LangIDStrDescriptor
 .text.USBD_ManufacturerStrDescriptor
                0x0000000008005fac       0x1c ./Middlewares/Third_Party/AL94_USB_Composite/COMPOSITE/App/usbd_desc.o
                0x0000000008005fac                USBD_ManufacturerStrDescriptor
 .text.USBD_ProductStrDescriptor
                0x0000000008005fc8       0x1c ./Middlewares/Third_Party/AL94_USB_Composite/COMPOSITE/App/usbd_desc.o
                0x0000000008005fc8                USBD_ProductStrDescriptor
 .text.USBD_ConfigStrDescriptor
                0x0000000008005fe4       0x1c ./Middlewares/Third_Party/AL94_USB_Composite/COMPOSITE/App/usbd_desc.o
                0x0000000008005fe4                USBD_ConfigStrDescriptor
 .text.USBD_InterfaceStrDescriptor
                0x0000000008006000       0x1c ./Middlewares/Third_Party/AL94_USB_Composite/COMPOSITE/App/usbd_desc.o
                0x0000000008006000                USBD_InterfaceStrDescriptor
 .text.USBD_SerialStrDescriptor
                0x000000000800601c      0x120 ./Middlewares/Third_Party/AL94_USB_Composite/COMPOSITE/App/usbd_desc.o
                0x000000000800601c                USBD_SerialStrDescriptor
 .text.USBD_CDC_EP0_RxReady
                0x000000000800613c       0x54 ./Middlewares/Third_Party/AL94_USB_Composite/COMPOSITE/Class/CDC_ACM/Src/usbd_cdc_acm.o
 .text.USBD_CDC_GetFSCfgDesc
                0x0000000008006190        0xc ./Middlewares/Third_Party/AL94_USB_Composite/COMPOSITE/Class/CDC_ACM/Src/usbd_cdc_acm.o
 .text.USBD_CDC_GetHSCfgDesc
                0x000000000800619c        0xc ./Middlewares/Third_Party/AL94_USB_Composite/COMPOSITE/Class/CDC_ACM/Src/usbd_cdc_acm.o
 .text.USBD_CDC_GetDeviceQualifierDescriptor
                0x00000000080061a8        0xc ./Middlewares/Third_Party/AL94_USB_Composite/COMPOSITE/Class/CDC_ACM/Src/usbd_cdc_acm.o
 .text.USBD_CDC_DataOut
                0x00000000080061b4       0x68 ./Middlewares/Third_Party/AL94_USB_Composite/COMPOSITE/Class/CDC_ACM/Src/usbd_cdc_acm.o
 .text.USBD_CDC_DataIn
                0x000000000800621c       0xa8 ./Middlewares/Third_Party/AL94_USB_Composite/COMPOSITE/Class/CDC_ACM/Src/usbd_cdc_acm.o
 .text.USBD_CDC_Setup
                0x00000000080062c4      0x170 ./Middlewares/Third_Party/AL94_USB_Composite/COMPOSITE/Class/CDC_ACM/Src/usbd_cdc_acm.o
 .text.USBD_CDC_DeInit
                0x0000000008006434       0x94 ./Middlewares/Third_Party/AL94_USB_Composite/COMPOSITE/Class/CDC_ACM/Src/usbd_cdc_acm.o
 .text.USBD_CDC_Init
                0x00000000080064c8      0x118 ./Middlewares/Third_Party/AL94_USB_Composite/COMPOSITE/Class/CDC_ACM/Src/usbd_cdc_acm.o
 .text.USBD_CDC_GetOtherSpeedCfgDesc
                0x00000000080065e0        0xc ./Middlewares/Third_Party/AL94_USB_Composite/COMPOSITE/Class/CDC_ACM/Src/usbd_cdc_acm.o
 .text.USBD_CDC_ACM_RegisterInterface
                0x00000000080065ec       0x10 ./Middlewares/Third_Party/AL94_USB_Composite/COMPOSITE/Class/CDC_ACM/Src/usbd_cdc_acm.o
                0x00000000080065ec                USBD_CDC_ACM_RegisterInterface
 .text.USBD_CDC_SetTxBuffer
                0x00000000080065fc       0x1c ./Middlewares/Third_Party/AL94_USB_Composite/COMPOSITE/Class/CDC_ACM/Src/usbd_cdc_acm.o
                0x00000000080065fc                USBD_CDC_SetTxBuffer
 .text.USBD_CDC_SetRxBuffer
                0x0000000008006618       0x18 ./Middlewares/Third_Party/AL94_USB_Composite/COMPOSITE/Class/CDC_ACM/Src/usbd_cdc_acm.o
                0x0000000008006618                USBD_CDC_SetRxBuffer
 .text.USBD_CDC_TransmitPacket
                0x0000000008006630       0x4c ./Middlewares/Third_Party/AL94_USB_Composite/COMPOSITE/Class/CDC_ACM/Src/usbd_cdc_acm.o
                0x0000000008006630                USBD_CDC_TransmitPacket
 .text.USBD_CDC_ReceivePacket
                0x000000000800667c       0x50 ./Middlewares/Third_Party/AL94_USB_Composite/COMPOSITE/Class/CDC_ACM/Src/usbd_cdc_acm.o
                0x000000000800667c                USBD_CDC_ReceivePacket
 .text.USBD_Update_CDC_ACM_DESC
                0x00000000080066cc      0x12c ./Middlewares/Third_Party/AL94_USB_Composite/COMPOSITE/Class/CDC_ACM/Src/usbd_cdc_acm.o
                0x00000000080066cc                USBD_Update_CDC_ACM_DESC
 .text.USBD_COMPOSITE_Init
                0x00000000080067f8       0x10 ./Middlewares/Third_Party/AL94_USB_Composite/COMPOSITE/Class/COMPOSITE/Src/usbd_composite.o
 .text.USBD_COMPOSITE_DeInit
                0x0000000008006808       0x10 ./Middlewares/Third_Party/AL94_USB_Composite/COMPOSITE/Class/COMPOSITE/Src/usbd_composite.o
 .text.USBD_COMPOSITE_EP0_RxReady
                0x0000000008006818       0x10 ./Middlewares/Third_Party/AL94_USB_Composite/COMPOSITE/Class/COMPOSITE/Src/usbd_composite.o
 .text.USBD_COMPOSITE_EP0_TxReady
                0x0000000008006828        0x4 ./Middlewares/Third_Party/AL94_USB_Composite/COMPOSITE/Class/COMPOSITE/Src/usbd_composite.o
 .text.USBD_COMPOSITE_IsoINIncomplete
                0x000000000800682c        0x4 ./Middlewares/Third_Party/AL94_USB_Composite/COMPOSITE/Class/COMPOSITE/Src/usbd_composite.o
 .text.USBD_COMPOSITE_GetHSCfgDesc
                0x0000000008006830        0xc ./Middlewares/Third_Party/AL94_USB_Composite/COMPOSITE/Class/COMPOSITE/Src/usbd_composite.o
 .text.USBD_COMPOSITE_GetFSCfgDesc
                0x000000000800683c        0xc ./Middlewares/Third_Party/AL94_USB_Composite/COMPOSITE/Class/COMPOSITE/Src/usbd_composite.o
 .text.USBD_COMPOSITE_GetDeviceQualifierDesc
                0x0000000008006848        0xc ./Middlewares/Third_Party/AL94_USB_Composite/COMPOSITE/Class/COMPOSITE/Src/usbd_composite.o
 .text.USBD_COMPOSITE_GetUsrStringDesc
                0x0000000008006854       0x98 ./Middlewares/Third_Party/AL94_USB_Composite/COMPOSITE/Class/COMPOSITE/Src/usbd_composite.o
 .text.USBD_COMPOSITE_Setup
                0x00000000080068ec       0x50 ./Middlewares/Third_Party/AL94_USB_Composite/COMPOSITE/Class/COMPOSITE/Src/usbd_composite.o
 .text.USBD_COMPOSITE_DataIn
                0x000000000800693c       0x68 ./Middlewares/Third_Party/AL94_USB_Composite/COMPOSITE/Class/COMPOSITE/Src/usbd_composite.o
 .text.USBD_COMPOSITE_DataOut
                0x00000000080069a4       0x28 ./Middlewares/Third_Party/AL94_USB_Composite/COMPOSITE/Class/COMPOSITE/Src/usbd_composite.o
 .text.USBD_COMPOSITE_IsoOutIncomplete
                0x00000000080069cc        0x4 ./Middlewares/Third_Party/AL94_USB_Composite/COMPOSITE/Class/COMPOSITE/Src/usbd_composite.o
 .text.USBD_COMPOSITE_SOF
                0x00000000080069d0        0x4 ./Middlewares/Third_Party/AL94_USB_Composite/COMPOSITE/Class/COMPOSITE/Src/usbd_composite.o
 .text.USBD_COMPOSITE_GetOtherSpeedCfgDesc
                0x00000000080069d4        0xc ./Middlewares/Third_Party/AL94_USB_Composite/COMPOSITE/Class/COMPOSITE/Src/usbd_composite.o
 .text.USBD_COMPOSITE_Mount_Class
                0x00000000080069e0       0xb8 ./Middlewares/Third_Party/AL94_USB_Composite/COMPOSITE/Class/COMPOSITE/Src/usbd_composite.o
                0x00000000080069e0                USBD_COMPOSITE_Mount_Class
 .text.USBD_Init
                0x0000000008006a98       0x24 ./Middlewares/Third_Party/AL94_USB_Composite/COMPOSITE/Core/Src/usbd_core.o
                0x0000000008006a98                USBD_Init
 .text.USBD_RegisterClass
                0x0000000008006abc       0x4c ./Middlewares/Third_Party/AL94_USB_Composite/COMPOSITE/Core/Src/usbd_core.o
                0x0000000008006abc                USBD_RegisterClass
 .text.USBD_Start
                0x0000000008006b08        0x4 ./Middlewares/Third_Party/AL94_USB_Composite/COMPOSITE/Core/Src/usbd_core.o
                0x0000000008006b08                USBD_Start
 .text.USBD_SetClassConfig
                0x0000000008006b0c       0x10 ./Middlewares/Third_Party/AL94_USB_Composite/COMPOSITE/Core/Src/usbd_core.o
                0x0000000008006b0c                USBD_SetClassConfig
 .text.USBD_ClrClassConfig
                0x0000000008006b1c       0x10 ./Middlewares/Third_Party/AL94_USB_Composite/COMPOSITE/Core/Src/usbd_core.o
                0x0000000008006b1c                USBD_ClrClassConfig
 .text.USBD_LL_SetupStage
                0x0000000008006b2c       0x60 ./Middlewares/Third_Party/AL94_USB_Composite/COMPOSITE/Core/Src/usbd_core.o
                0x0000000008006b2c                USBD_LL_SetupStage
 .text.USBD_LL_DataOutStage
                0x0000000008006b8c       0x68 ./Middlewares/Third_Party/AL94_USB_Composite/COMPOSITE/Core/Src/usbd_core.o
                0x0000000008006b8c                USBD_LL_DataOutStage
 .text.USBD_LL_DataInStage
                0x0000000008006bf4       0xac ./Middlewares/Third_Party/AL94_USB_Composite/COMPOSITE/Core/Src/usbd_core.o
                0x0000000008006bf4                USBD_LL_DataInStage
 .text.USBD_LL_Reset
                0x0000000008006ca0       0x54 ./Middlewares/Third_Party/AL94_USB_Composite/COMPOSITE/Core/Src/usbd_core.o
                0x0000000008006ca0                USBD_LL_Reset
 .text.USBD_LL_SetSpeed
                0x0000000008006cf4        0x8 ./Middlewares/Third_Party/AL94_USB_Composite/COMPOSITE/Core/Src/usbd_core.o
                0x0000000008006cf4                USBD_LL_SetSpeed
 .text.USBD_LL_Suspend
                0x0000000008006cfc       0x18 ./Middlewares/Third_Party/AL94_USB_Composite/COMPOSITE/Core/Src/usbd_core.o
                0x0000000008006cfc                USBD_LL_Suspend
 .text.USBD_LL_Resume
                0x0000000008006d14       0x18 ./Middlewares/Third_Party/AL94_USB_Composite/COMPOSITE/Core/Src/usbd_core.o
                0x0000000008006d14                USBD_LL_Resume
 .text.USBD_LL_SOF
                0x0000000008006d2c       0x28 ./Middlewares/Third_Party/AL94_USB_Composite/COMPOSITE/Core/Src/usbd_core.o
                0x0000000008006d2c                USBD_LL_SOF
 .text.USBD_LL_IsoINIncomplete
                0x0000000008006d54       0x28 ./Middlewares/Third_Party/AL94_USB_Composite/COMPOSITE/Core/Src/usbd_core.o
                0x0000000008006d54                USBD_LL_IsoINIncomplete
 .text.USBD_LL_IsoOUTIncomplete
                0x0000000008006d7c       0x28 ./Middlewares/Third_Party/AL94_USB_Composite/COMPOSITE/Core/Src/usbd_core.o
                0x0000000008006d7c                USBD_LL_IsoOUTIncomplete
 .text.USBD_LL_DevConnected
                0x0000000008006da4        0x4 ./Middlewares/Third_Party/AL94_USB_Composite/COMPOSITE/Core/Src/usbd_core.o
                0x0000000008006da4                USBD_LL_DevConnected
 .text.USBD_LL_DevDisconnected
                0x0000000008006da8       0x1c ./Middlewares/Third_Party/AL94_USB_Composite/COMPOSITE/Core/Src/usbd_core.o
                0x0000000008006da8                USBD_LL_DevDisconnected
 .text.USBD_StdDevReq
                0x0000000008006dc4      0x354 ./Middlewares/Third_Party/AL94_USB_Composite/COMPOSITE/Core/Src/usbd_ctlreq.o
                0x0000000008006dc4                USBD_StdDevReq
 .text.USBD_StdItfReq
                0x0000000008007118       0x60 ./Middlewares/Third_Party/AL94_USB_Composite/COMPOSITE/Core/Src/usbd_ctlreq.o
                0x0000000008007118                USBD_StdItfReq
 .text.USBD_StdEPReq
                0x0000000008007178      0x134 ./Middlewares/Third_Party/AL94_USB_Composite/COMPOSITE/Core/Src/usbd_ctlreq.o
                0x0000000008007178                USBD_StdEPReq
 .text.USBD_ParseSetupRequest
                0x00000000080072ac       0x18 ./Middlewares/Third_Party/AL94_USB_Composite/COMPOSITE/Core/Src/usbd_ctlreq.o
                0x00000000080072ac                USBD_ParseSetupRequest
 .text.USBD_CtlError
                0x00000000080072c4       0x18 ./Middlewares/Third_Party/AL94_USB_Composite/COMPOSITE/Core/Src/usbd_ctlreq.o
                0x00000000080072c4                USBD_CtlError
 .text.USBD_GetString
                0x00000000080072dc       0x54 ./Middlewares/Third_Party/AL94_USB_Composite/COMPOSITE/Core/Src/usbd_ctlreq.o
                0x00000000080072dc                USBD_GetString
 .text.USBD_CtlSendData
                0x0000000008007330       0x1c ./Middlewares/Third_Party/AL94_USB_Composite/COMPOSITE/Core/Src/usbd_ioreq.o
                0x0000000008007330                USBD_CtlSendData
 .text.USBD_CtlContinueSendData
                0x000000000800734c       0x10 ./Middlewares/Third_Party/AL94_USB_Composite/COMPOSITE/Core/Src/usbd_ioreq.o
                0x000000000800734c                USBD_CtlContinueSendData
 .text.USBD_CtlPrepareRx
                0x000000000800735c       0x1c ./Middlewares/Third_Party/AL94_USB_Composite/COMPOSITE/Core/Src/usbd_ioreq.o
                0x000000000800735c                USBD_CtlPrepareRx
 .text.USBD_CtlContinueRx
                0x0000000008007378       0x10 ./Middlewares/Third_Party/AL94_USB_Composite/COMPOSITE/Core/Src/usbd_ioreq.o
                0x0000000008007378                USBD_CtlContinueRx
 .text.USBD_CtlSendStatus
                0x0000000008007388       0x18 ./Middlewares/Third_Party/AL94_USB_Composite/COMPOSITE/Core/Src/usbd_ioreq.o
                0x0000000008007388                USBD_CtlSendStatus
 .text.USBD_CtlReceiveStatus
                0x00000000080073a0       0x18 ./Middlewares/Third_Party/AL94_USB_Composite/COMPOSITE/Core/Src/usbd_ioreq.o
                0x00000000080073a0                USBD_CtlReceiveStatus
 .text.HAL_PCD_SetupStageCallback
                0x00000000080073b8        0xc ./Middlewares/Third_Party/AL94_USB_Composite/COMPOSITE/Target/usbd_conf.o
                0x00000000080073b8                HAL_PCD_SetupStageCallback
 .text.HAL_PCD_DataOutStageCallback
                0x00000000080073c4       0x14 ./Middlewares/Third_Party/AL94_USB_Composite/COMPOSITE/Target/usbd_conf.o
                0x00000000080073c4                HAL_PCD_DataOutStageCallback
 .text.HAL_PCD_DataInStageCallback
                0x00000000080073d8       0x14 ./Middlewares/Third_Party/AL94_USB_Composite/COMPOSITE/Target/usbd_conf.o
                0x00000000080073d8                HAL_PCD_DataInStageCallback
 .text.HAL_PCD_SOFCallback
                0x00000000080073ec        0x8 ./Middlewares/Third_Party/AL94_USB_Composite/COMPOSITE/Target/usbd_conf.o
                0x00000000080073ec                HAL_PCD_SOFCallback
 .text.HAL_PCD_ResetCallback
                0x00000000080073f4       0x2c ./Middlewares/Third_Party/AL94_USB_Composite/COMPOSITE/Target/usbd_conf.o
                0x00000000080073f4                HAL_PCD_ResetCallback
 .text.HAL_PCD_SuspendCallback
                0x0000000008007420       0x30 ./Middlewares/Third_Party/AL94_USB_Composite/COMPOSITE/Target/usbd_conf.o
                0x0000000008007420                HAL_PCD_SuspendCallback
 .text.HAL_PCD_ResumeCallback
                0x0000000008007450        0x8 ./Middlewares/Third_Party/AL94_USB_Composite/COMPOSITE/Target/usbd_conf.o
                0x0000000008007450                HAL_PCD_ResumeCallback
 .text.HAL_PCD_ISOOUTIncompleteCallback
                0x0000000008007458        0x8 ./Middlewares/Third_Party/AL94_USB_Composite/COMPOSITE/Target/usbd_conf.o
                0x0000000008007458                HAL_PCD_ISOOUTIncompleteCallback
 .text.HAL_PCD_ISOINIncompleteCallback
                0x0000000008007460        0x8 ./Middlewares/Third_Party/AL94_USB_Composite/COMPOSITE/Target/usbd_conf.o
                0x0000000008007460                HAL_PCD_ISOINIncompleteCallback
 .text.HAL_PCD_ConnectCallback
                0x0000000008007468        0x8 ./Middlewares/Third_Party/AL94_USB_Composite/COMPOSITE/Target/usbd_conf.o
                0x0000000008007468                HAL_PCD_ConnectCallback
 .text.HAL_PCD_DisconnectCallback
                0x0000000008007470        0x8 ./Middlewares/Third_Party/AL94_USB_Composite/COMPOSITE/Target/usbd_conf.o
                0x0000000008007470                HAL_PCD_DisconnectCallback
 .text.USBD_LL_Init
                0x0000000008007478       0x68 ./Middlewares/Third_Party/AL94_USB_Composite/COMPOSITE/Target/usbd_conf.o
                0x0000000008007478                USBD_LL_Init
 .text.USBD_LL_Start
                0x00000000080074e0       0x1c ./Middlewares/Third_Party/AL94_USB_Composite/COMPOSITE/Target/usbd_conf.o
                0x00000000080074e0                USBD_LL_Start
 .text.USBD_LL_OpenEP
                0x00000000080074fc       0x20 ./Middlewares/Third_Party/AL94_USB_Composite/COMPOSITE/Target/usbd_conf.o
                0x00000000080074fc                USBD_LL_OpenEP
 .text.USBD_LL_CloseEP
                0x000000000800751c       0x1c ./Middlewares/Third_Party/AL94_USB_Composite/COMPOSITE/Target/usbd_conf.o
                0x000000000800751c                USBD_LL_CloseEP
 .text.USBD_LL_StallEP
                0x0000000008007538       0x1c ./Middlewares/Third_Party/AL94_USB_Composite/COMPOSITE/Target/usbd_conf.o
                0x0000000008007538                USBD_LL_StallEP
 .text.USBD_LL_ClearStallEP
                0x0000000008007554       0x1c ./Middlewares/Third_Party/AL94_USB_Composite/COMPOSITE/Target/usbd_conf.o
                0x0000000008007554                USBD_LL_ClearStallEP
 .text.USBD_LL_IsStallEP
                0x0000000008007570       0x28 ./Middlewares/Third_Party/AL94_USB_Composite/COMPOSITE/Target/usbd_conf.o
                0x0000000008007570                USBD_LL_IsStallEP
 .text.USBD_LL_SetUSBAddress
                0x0000000008007598       0x1c ./Middlewares/Third_Party/AL94_USB_Composite/COMPOSITE/Target/usbd_conf.o
                0x0000000008007598                USBD_LL_SetUSBAddress
 .text.USBD_LL_Transmit
                0x00000000080075b4       0x1c ./Middlewares/Third_Party/AL94_USB_Composite/COMPOSITE/Target/usbd_conf.o
                0x00000000080075b4                USBD_LL_Transmit
 .text.USBD_LL_PrepareReceive
                0x00000000080075d0       0x1c ./Middlewares/Third_Party/AL94_USB_Composite/COMPOSITE/Target/usbd_conf.o
                0x00000000080075d0                USBD_LL_PrepareReceive
 .text.USBD_LL_GetRxDataSize
                0x00000000080075ec        0x8 ./Middlewares/Third_Party/AL94_USB_Composite/COMPOSITE/Target/usbd_conf.o
                0x00000000080075ec                USBD_LL_GetRxDataSize
 .text.SysTick_Handler
                0x00000000080075f4       0x1c ./Middlewares/Third_Party/FreeRTOS/Source/CMSIS_RTOS_V2/cmsis_os2.o
                0x00000000080075f4                SysTick_Handler
 .text.osKernelInitialize
                0x0000000008007610       0x24 ./Middlewares/Third_Party/FreeRTOS/Source/CMSIS_RTOS_V2/cmsis_os2.o
                0x0000000008007610                osKernelInitialize
 .text.osKernelStart
                0x0000000008007634       0x34 ./Middlewares/Third_Party/FreeRTOS/Source/CMSIS_RTOS_V2/cmsis_os2.o
                0x0000000008007634                osKernelStart
 .text.osThreadNew
                0x0000000008007668       0x98 ./Middlewares/Third_Party/FreeRTOS/Source/CMSIS_RTOS_V2/cmsis_os2.o
                0x0000000008007668                osThreadNew
 .text.osDelay  0x0000000008007700       0x1c ./Middlewares/Third_Party/FreeRTOS/Source/CMSIS_RTOS_V2/cmsis_os2.o
                0x0000000008007700                osDelay
 .text.vApplicationGetIdleTaskMemory
                0x000000000800771c       0x1c ./Middlewares/Third_Party/FreeRTOS/Source/CMSIS_RTOS_V2/cmsis_os2.o
                0x000000000800771c                vApplicationGetIdleTaskMemory
 .text.vApplicationGetTimerTaskMemory
                0x0000000008007738       0x20 ./Middlewares/Third_Party/FreeRTOS/Source/CMSIS_RTOS_V2/cmsis_os2.o
                0x0000000008007738                vApplicationGetTimerTaskMemory
 .text.vListInitialise
                0x0000000008007758       0x18 ./Middlewares/Third_Party/FreeRTOS/Source/list.o
                0x0000000008007758                vListInitialise
 .text.vListInitialiseItem
                0x0000000008007770        0x8 ./Middlewares/Third_Party/FreeRTOS/Source/list.o
                0x0000000008007770                vListInitialiseItem
 .text.vListInsertEnd
                0x0000000008007778       0x20 ./Middlewares/Third_Party/FreeRTOS/Source/list.o
                0x0000000008007778                vListInsertEnd
 .text.vListInsert
                0x0000000008007798       0x30 ./Middlewares/Third_Party/FreeRTOS/Source/list.o
                0x0000000008007798                vListInsert
 .text.uxListRemove
                0x00000000080077c8       0x28 ./Middlewares/Third_Party/FreeRTOS/Source/list.o
                0x00000000080077c8                uxListRemove
 .text.prvCopyDataToQueue
                0x00000000080077f0       0x78 ./Middlewares/Third_Party/FreeRTOS/Source/queue.o
 .text.xQueueGenericCreateStatic
                0x0000000008007868       0xe8 ./Middlewares/Third_Party/FreeRTOS/Source/queue.o
                0x0000000008007868                xQueueGenericCreateStatic
 .text.xQueueGenericSend
                0x0000000008007950      0x2fc ./Middlewares/Third_Party/FreeRTOS/Source/queue.o
                0x0000000008007950                xQueueGenericSend
 .text.xQueueReceive
                0x0000000008007c4c      0x304 ./Middlewares/Third_Party/FreeRTOS/Source/queue.o
                0x0000000008007c4c                xQueueReceive
 .text.vQueueAddToRegistry
                0x0000000008007f50       0x50 ./Middlewares/Third_Party/FreeRTOS/Source/queue.o
                0x0000000008007f50                vQueueAddToRegistry
 .text.vQueueWaitForMessageRestricted
                0x0000000008007fa0       0xc8 ./Middlewares/Third_Party/FreeRTOS/Source/queue.o
                0x0000000008007fa0                vQueueWaitForMessageRestricted
 .text.prvAddNewTaskToReadyList
                0x0000000008008068      0x110 ./Middlewares/Third_Party/FreeRTOS/Source/tasks.o
 .text.prvInitialiseNewTask.constprop.0
                0x0000000008008178      0x130 ./Middlewares/Third_Party/FreeRTOS/Source/tasks.o
 .text.prvIdleTask
                0x00000000080082a8       0x98 ./Middlewares/Third_Party/FreeRTOS/Source/tasks.o
 .text.xTaskIncrementTick.part.0
                0x0000000008008340      0x148 ./Middlewares/Third_Party/FreeRTOS/Source/tasks.o
 .text.xTaskResumeAll.part.0
                0x0000000008008488      0x134 ./Middlewares/Third_Party/FreeRTOS/Source/tasks.o
 .text.xTaskCreateStatic
                0x00000000080085bc       0x74 ./Middlewares/Third_Party/FreeRTOS/Source/tasks.o
                0x00000000080085bc                xTaskCreateStatic
 .text.xTaskCreate
                0x0000000008008630       0x64 ./Middlewares/Third_Party/FreeRTOS/Source/tasks.o
                0x0000000008008630                xTaskCreate
 .text.vTaskDelay
                0x0000000008008694       0xac ./Middlewares/Third_Party/FreeRTOS/Source/tasks.o
                0x0000000008008694                vTaskDelay
 .text.vTaskStartScheduler
                0x0000000008008740      0x11c ./Middlewares/Third_Party/FreeRTOS/Source/tasks.o
                0x0000000008008740                vTaskStartScheduler
 .text.vTaskSuspendAll
                0x000000000800885c       0x10 ./Middlewares/Third_Party/FreeRTOS/Source/tasks.o
                0x000000000800885c                vTaskSuspendAll
 .text.xTaskResumeAll
                0x000000000800886c       0x20 ./Middlewares/Third_Party/FreeRTOS/Source/tasks.o
                0x000000000800886c                xTaskResumeAll
 .text.xTaskGetTickCount
                0x000000000800888c        0xc ./Middlewares/Third_Party/FreeRTOS/Source/tasks.o
                0x000000000800888c                xTaskGetTickCount
 .text.xTaskIncrementTick
                0x0000000008008898       0x20 ./Middlewares/Third_Party/FreeRTOS/Source/tasks.o
                0x0000000008008898                xTaskIncrementTick
 .text.vTaskSwitchContext
                0x00000000080088b8       0x88 ./Middlewares/Third_Party/FreeRTOS/Source/tasks.o
                0x00000000080088b8                vTaskSwitchContext
 .text.vTaskPlaceOnEventList
                0x0000000008008940       0x88 ./Middlewares/Third_Party/FreeRTOS/Source/tasks.o
                0x0000000008008940                vTaskPlaceOnEventList
 .text.vTaskPlaceOnEventListRestricted
                0x00000000080089c8       0x94 ./Middlewares/Third_Party/FreeRTOS/Source/tasks.o
                0x00000000080089c8                vTaskPlaceOnEventListRestricted
 .text.xTaskRemoveFromEventList
                0x0000000008008a5c       0x90 ./Middlewares/Third_Party/FreeRTOS/Source/tasks.o
                0x0000000008008a5c                xTaskRemoveFromEventList
 .text.vTaskInternalSetTimeOutState
                0x0000000008008aec       0x18 ./Middlewares/Third_Party/FreeRTOS/Source/tasks.o
                0x0000000008008aec                vTaskInternalSetTimeOutState
 .text.xTaskCheckForTimeOut
                0x0000000008008b04       0x90 ./Middlewares/Third_Party/FreeRTOS/Source/tasks.o
                0x0000000008008b04                xTaskCheckForTimeOut
 .text.vTaskMissedYield
                0x0000000008008b94        0xc ./Middlewares/Third_Party/FreeRTOS/Source/tasks.o
                0x0000000008008b94                vTaskMissedYield
 .text.xTaskGetSchedulerState
                0x0000000008008ba0       0x20 ./Middlewares/Third_Party/FreeRTOS/Source/tasks.o
                0x0000000008008ba0                xTaskGetSchedulerState
 .text.xTaskPriorityDisinherit
                0x0000000008008bc0       0x8c ./Middlewares/Third_Party/FreeRTOS/Source/tasks.o
                0x0000000008008bc0                xTaskPriorityDisinherit
 .text.prvSwitchTimerLists
                0x0000000008008c4c       0x9c ./Middlewares/Third_Party/FreeRTOS/Source/timers.o
 .text.prvTimerTask
                0x0000000008008ce8      0x284 ./Middlewares/Third_Party/FreeRTOS/Source/timers.o
 .text.xTimerCreateTimerTask
                0x0000000008008f6c       0xbc ./Middlewares/Third_Party/FreeRTOS/Source/timers.o
                0x0000000008008f6c                xTimerCreateTimerTask
 .text.prvPortStartFirstTask
                0x0000000008009028       0x28 ./Middlewares/Third_Party/FreeRTOS/Source/portable/GCC/ARM_CM4F/port.o
 .text.vPortEnableVFP
                0x0000000008009050       0x14 ./Middlewares/Third_Party/FreeRTOS/Source/portable/GCC/ARM_CM4F/port.o
 .text.prvTaskExitError
                0x0000000008009064       0x40 ./Middlewares/Third_Party/FreeRTOS/Source/portable/GCC/ARM_CM4F/port.o
 .text.pxPortInitialiseStack
                0x00000000080090a4       0x28 ./Middlewares/Third_Party/FreeRTOS/Source/portable/GCC/ARM_CM4F/port.o
                0x00000000080090a4                pxPortInitialiseStack
 *fill*         0x00000000080090cc        0x4 
 .text.SVC_Handler
                0x00000000080090d0       0x24 ./Middlewares/Third_Party/FreeRTOS/Source/portable/GCC/ARM_CM4F/port.o
                0x00000000080090d0                SVC_Handler
 .text.vPortEnterCritical
                0x00000000080090f4       0x44 ./Middlewares/Third_Party/FreeRTOS/Source/portable/GCC/ARM_CM4F/port.o
                0x00000000080090f4                vPortEnterCritical
 .text.vPortExitCritical
                0x0000000008009138       0x28 ./Middlewares/Third_Party/FreeRTOS/Source/portable/GCC/ARM_CM4F/port.o
                0x0000000008009138                vPortExitCritical
 .text.PendSV_Handler
                0x0000000008009160       0x64 ./Middlewares/Third_Party/FreeRTOS/Source/portable/GCC/ARM_CM4F/port.o
                0x0000000008009160                PendSV_Handler
 .text.xPortSysTickHandler
                0x00000000080091c4       0x2c ./Middlewares/Third_Party/FreeRTOS/Source/portable/GCC/ARM_CM4F/port.o
                0x00000000080091c4                xPortSysTickHandler
 .text.vPortSetupTimerInterrupt
                0x00000000080091f0       0x28 ./Middlewares/Third_Party/FreeRTOS/Source/portable/GCC/ARM_CM4F/port.o
                0x00000000080091f0                vPortSetupTimerInterrupt
 .text.xPortStartScheduler
                0x0000000008009218      0x140 ./Middlewares/Third_Party/FreeRTOS/Source/portable/GCC/ARM_CM4F/port.o
                0x0000000008009218                xPortStartScheduler
 .text.pvPortMalloc
                0x0000000008009358      0x170 ./Middlewares/Third_Party/FreeRTOS/Source/portable/MemMang/heap_4.o
                0x0000000008009358                pvPortMalloc
 .text.vPortFree
                0x00000000080094c8       0xc4 ./Middlewares/Third_Party/FreeRTOS/Source/portable/MemMang/heap_4.o
                0x00000000080094c8                vPortFree
 .text.__errno  0x000000000800958c        0xc c:/st/stm32cubeide_1.12.1/stm32cubeide/plugins/com.st.stm32cube.ide.mcu.externaltools.gnu-tools-for-stm32.10.3-2021.10.win32_1.0.200.202301161003/tools/bin/../lib/gcc/arm-none-eabi/10.3.1/../../../../arm-none-eabi/lib/thumb/v7e-m+fp/hard\libc_nano.a(lib_a-errno.o)
                0x000000000800958c                __errno
 .text.__libc_init_array
                0x0000000008009598       0x48 c:/st/stm32cubeide_1.12.1/stm32cubeide/plugins/com.st.stm32cube.ide.mcu.externaltools.gnu-tools-for-stm32.10.3-2021.10.win32_1.0.200.202301161003/tools/bin/../lib/gcc/arm-none-eabi/10.3.1/../../../../arm-none-eabi/lib/thumb/v7e-m+fp/hard\libc_nano.a(lib_a-init.o)
                0x0000000008009598                __libc_init_array
 .text.memcpy   0x00000000080095e0       0x1c c:/st/stm32cubeide_1.12.1/stm32cubeide/plugins/com.st.stm32cube.ide.mcu.externaltools.gnu-tools-for-stm32.10.3-2021.10.win32_1.0.200.202301161003/tools/bin/../lib/gcc/arm-none-eabi/10.3.1/../../../../arm-none-eabi/lib/thumb/v7e-m+fp/hard\libc_nano.a(lib_a-memcpy-stub.o)
                0x00000000080095e0                memcpy
 .text.memset   0x00000000080095fc       0x10 c:/st/stm32cubeide_1.12.1/stm32cubeide/plugins/com.st.stm32cube.ide.mcu.externaltools.gnu-tools-for-stm32.10.3-2021.10.win32_1.0.200.202301161003/tools/bin/../lib/gcc/arm-none-eabi/10.3.1/../../../../arm-none-eabi/lib/thumb/v7e-m+fp/hard\libc_nano.a(lib_a-memset.o)
                0x00000000080095fc                memset
 .text.snprintf
                0x000000000800960c       0x68 c:/st/stm32cubeide_1.12.1/stm32cubeide/plugins/com.st.stm32cube.ide.mcu.externaltools.gnu-tools-for-stm32.10.3-2021.10.win32_1.0.200.202301161003/tools/bin/../lib/gcc/arm-none-eabi/10.3.1/../../../../arm-none-eabi/lib/thumb/v7e-m+fp/hard\libc_nano.a(lib_a-snprintf.o)
                0x000000000800960c                sniprintf
                0x000000000800960c                snprintf
 .text.__ssputs_r
                0x0000000008009674       0xb6 c:/st/stm32cubeide_1.12.1/stm32cubeide/plugins/com.st.stm32cube.ide.mcu.externaltools.gnu-tools-for-stm32.10.3-2021.10.win32_1.0.200.202301161003/tools/bin/../lib/gcc/arm-none-eabi/10.3.1/../../../../arm-none-eabi/lib/thumb/v7e-m+fp/hard\libc_nano.a(lib_a-nano-svfprintf.o)
                0x0000000008009674                __ssputs_r
 *fill*         0x000000000800972a        0x2 
 .text._svfprintf_r
                0x000000000800972c      0x200 c:/st/stm32cubeide_1.12.1/stm32cubeide/plugins/com.st.stm32cube.ide.mcu.externaltools.gnu-tools-for-stm32.10.3-2021.10.win32_1.0.200.202301161003/tools/bin/../lib/gcc/arm-none-eabi/10.3.1/../../../../arm-none-eabi/lib/thumb/v7e-m+fp/hard\libc_nano.a(lib_a-nano-svfprintf.o)
                0x000000000800972c                _svfiprintf_r
                0x000000000800972c                _svfprintf_r
 .text._printf_common
                0x000000000800992c       0xda c:/st/stm32cubeide_1.12.1/stm32cubeide/plugins/com.st.stm32cube.ide.mcu.externaltools.gnu-tools-for-stm32.10.3-2021.10.win32_1.0.200.202301161003/tools/bin/../lib/gcc/arm-none-eabi/10.3.1/../../../../arm-none-eabi/lib/thumb/v7e-m+fp/hard\libc_nano.a(lib_a-nano-vfprintf_i.o)
                0x000000000800992c                _printf_common
 *fill*         0x0000000008009a06        0x2 
 .text._printf_i
                0x0000000008009a08      0x24c c:/st/stm32cubeide_1.12.1/stm32cubeide/plugins/com.st.stm32cube.ide.mcu.externaltools.gnu-tools-for-stm32.10.3-2021.10.win32_1.0.200.202301161003/tools/bin/../lib/gcc/arm-none-eabi/10.3.1/../../../../arm-none-eabi/lib/thumb/v7e-m+fp/hard\libc_nano.a(lib_a-nano-vfprintf_i.o)
                0x0000000008009a08                _printf_i
 .text.memmove  0x0000000008009c54       0x34 c:/st/stm32cubeide_1.12.1/stm32cubeide/plugins/com.st.stm32cube.ide.mcu.externaltools.gnu-tools-for-stm32.10.3-2021.10.win32_1.0.200.202301161003/tools/bin/../lib/gcc/arm-none-eabi/10.3.1/../../../../arm-none-eabi/lib/thumb/v7e-m+fp/hard\libc_nano.a(lib_a-memmove.o)
                0x0000000008009c54                memmove
 .text._free_r  0x0000000008009c88       0x98 c:/st/stm32cubeide_1.12.1/stm32cubeide/plugins/com.st.stm32cube.ide.mcu.externaltools.gnu-tools-for-stm32.10.3-2021.10.win32_1.0.200.202301161003/tools/bin/../lib/gcc/arm-none-eabi/10.3.1/../../../../arm-none-eabi/lib/thumb/v7e-m+fp/hard\libc_nano.a(lib_a-nano-freer.o)
                0x0000000008009c88                _free_r
 .text.sbrk_aligned
                0x0000000008009d20       0x40 c:/st/stm32cubeide_1.12.1/stm32cubeide/plugins/com.st.stm32cube.ide.mcu.externaltools.gnu-tools-for-stm32.10.3-2021.10.win32_1.0.200.202301161003/tools/bin/../lib/gcc/arm-none-eabi/10.3.1/../../../../arm-none-eabi/lib/thumb/v7e-m+fp/hard\libc_nano.a(lib_a-nano-mallocr.o)
 .text._malloc_r
                0x0000000008009d60       0xe8 c:/st/stm32cubeide_1.12.1/stm32cubeide/plugins/com.st.stm32cube.ide.mcu.externaltools.gnu-tools-for-stm32.10.3-2021.10.win32_1.0.200.202301161003/tools/bin/../lib/gcc/arm-none-eabi/10.3.1/../../../../arm-none-eabi/lib/thumb/v7e-m+fp/hard\libc_nano.a(lib_a-nano-mallocr.o)
                0x0000000008009d60                _malloc_r
 .text._realloc_r
                0x0000000008009e48       0x5e c:/st/stm32cubeide_1.12.1/stm32cubeide/plugins/com.st.stm32cube.ide.mcu.externaltools.gnu-tools-for-stm32.10.3-2021.10.win32_1.0.200.202301161003/tools/bin/../lib/gcc/arm-none-eabi/10.3.1/../../../../arm-none-eabi/lib/thumb/v7e-m+fp/hard\libc_nano.a(lib_a-nano-reallocr.o)
                0x0000000008009e48                _realloc_r
 *fill*         0x0000000008009ea6        0x2 
 .text._sbrk_r  0x0000000008009ea8       0x20 c:/st/stm32cubeide_1.12.1/stm32cubeide/plugins/com.st.stm32cube.ide.mcu.externaltools.gnu-tools-for-stm32.10.3-2021.10.win32_1.0.200.202301161003/tools/bin/../lib/gcc/arm-none-eabi/10.3.1/../../../../arm-none-eabi/lib/thumb/v7e-m+fp/hard\libc_nano.a(lib_a-sbrkr.o)
                0x0000000008009ea8                _sbrk_r
 .text.__malloc_lock
                0x0000000008009ec8        0xc c:/st/stm32cubeide_1.12.1/stm32cubeide/plugins/com.st.stm32cube.ide.mcu.externaltools.gnu-tools-for-stm32.10.3-2021.10.win32_1.0.200.202301161003/tools/bin/../lib/gcc/arm-none-eabi/10.3.1/../../../../arm-none-eabi/lib/thumb/v7e-m+fp/hard\libc_nano.a(lib_a-mlock.o)
                0x0000000008009ec8                __malloc_lock
 .text.__malloc_unlock
                0x0000000008009ed4        0xc c:/st/stm32cubeide_1.12.1/stm32cubeide/plugins/com.st.stm32cube.ide.mcu.externaltools.gnu-tools-for-stm32.10.3-2021.10.win32_1.0.200.202301161003/tools/bin/../lib/gcc/arm-none-eabi/10.3.1/../../../../arm-none-eabi/lib/thumb/v7e-m+fp/hard\libc_nano.a(lib_a-mlock.o)
                0x0000000008009ed4                __malloc_unlock
 .text._malloc_usable_size_r
                0x0000000008009ee0       0x10 c:/st/stm32cubeide_1.12.1/stm32cubeide/plugins/com.st.stm32cube.ide.mcu.externaltools.gnu-tools-for-stm32.10.3-2021.10.win32_1.0.200.202301161003/tools/bin/../lib/gcc/arm-none-eabi/10.3.1/../../../../arm-none-eabi/lib/thumb/v7e-m+fp/hard\libc_nano.a(lib_a-nano-msizer.o)
                0x0000000008009ee0                _malloc_usable_size_r
 .text.__retarget_lock_acquire_recursive
                0x0000000008009ef0        0x2 c:/st/stm32cubeide_1.12.1/stm32cubeide/plugins/com.st.stm32cube.ide.mcu.externaltools.gnu-tools-for-stm32.10.3-2021.10.win32_1.0.200.202301161003/tools/bin/../lib/gcc/arm-none-eabi/10.3.1/../../../../arm-none-eabi/lib/thumb/v7e-m+fp/hard\libc_nano.a(lib_a-lock.o)
                0x0000000008009ef0                __retarget_lock_acquire_recursive
 .text.__retarget_lock_release_recursive
                0x0000000008009ef2        0x2 c:/st/stm32cubeide_1.12.1/stm32cubeide/plugins/com.st.stm32cube.ide.mcu.externaltools.gnu-tools-for-stm32.10.3-2021.10.win32_1.0.200.202301161003/tools/bin/../lib/gcc/arm-none-eabi/10.3.1/../../../../arm-none-eabi/lib/thumb/v7e-m+fp/hard\libc_nano.a(lib_a-lock.o)
                0x0000000008009ef2                __retarget_lock_release_recursive
 *(.glue_7)
 .glue_7        0x0000000008009ef4        0x0 linker stubs
 *(.glue_7t)
 .glue_7t       0x0000000008009ef4        0x0 linker stubs
 *(.eh_frame)
 .eh_frame      0x0000000008009ef4        0x0 c:/st/stm32cubeide_1.12.1/stm32cubeide/plugins/com.st.stm32cube.ide.mcu.externaltools.gnu-tools-for-stm32.10.3-2021.10.win32_1.0.200.202301161003/tools/bin/../lib/gcc/arm-none-eabi/10.3.1/thumb/v7e-m+fp/hard/crtbegin.o
 *(.init)
 .init          0x0000000008009ef4        0x4 c:/st/stm32cubeide_1.12.1/stm32cubeide/plugins/com.st.stm32cube.ide.mcu.externaltools.gnu-tools-for-stm32.10.3-2021.10.win32_1.0.200.202301161003/tools/bin/../lib/gcc/arm-none-eabi/10.3.1/thumb/v7e-m+fp/hard/crti.o
                0x0000000008009ef4                _init
 .init          0x0000000008009ef8        0x8 c:/st/stm32cubeide_1.12.1/stm32cubeide/plugins/com.st.stm32cube.ide.mcu.externaltools.gnu-tools-for-stm32.10.3-2021.10.win32_1.0.200.202301161003/tools/bin/../lib/gcc/arm-none-eabi/10.3.1/thumb/v7e-m+fp/hard/crtn.o
 *(.fini)
 .fini          0x0000000008009f00        0x4 c:/st/stm32cubeide_1.12.1/stm32cubeide/plugins/com.st.stm32cube.ide.mcu.externaltools.gnu-tools-for-stm32.10.3-2021.10.win32_1.0.200.202301161003/tools/bin/../lib/gcc/arm-none-eabi/10.3.1/thumb/v7e-m+fp/hard/crti.o
                0x0000000008009f00                _fini
 .fini          0x0000000008009f04        0x8 c:/st/stm32cubeide_1.12.1/stm32cubeide/plugins/com.st.stm32cube.ide.mcu.externaltools.gnu-tools-for-stm32.10.3-2021.10.win32_1.0.200.202301161003/tools/bin/../lib/gcc/arm-none-eabi/10.3.1/thumb/v7e-m+fp/hard/crtn.o
                0x0000000008009f0c                . = ALIGN (0x4)
                0x0000000008009f0c                _etext = .

.vfp11_veneer   0x0000000008009f0c        0x0
 .vfp11_veneer  0x0000000008009f0c        0x0 linker stubs

.v4_bx          0x0000000008009f0c        0x0
 .v4_bx         0x0000000008009f0c        0x0 linker stubs

.iplt           0x0000000008009f0c        0x0
 .iplt          0x0000000008009f0c        0x0 c:/st/stm32cubeide_1.12.1/stm32cubeide/plugins/com.st.stm32cube.ide.mcu.externaltools.gnu-tools-for-stm32.10.3-2021.10.win32_1.0.200.202301161003/tools/bin/../lib/gcc/arm-none-eabi/10.3.1/thumb/v7e-m+fp/hard/crtbegin.o

.rodata         0x0000000008009f0c      0x188
                0x0000000008009f0c                . = ALIGN (0x4)
 *(.rodata)
 *(.rodata*)
 .rodata.StartDefaultTask.str1.4
                0x0000000008009f0c        0xa ./Core/Src/freertos.o
 *fill*         0x0000000008009f16        0x2 
 .rodata.StartTask03.str1.4
                0x0000000008009f18        0x7 ./Core/Src/freertos.o
 *fill*         0x0000000008009f1f        0x1 
 .rodata.str1.4
                0x0000000008009f20       0x24 ./Core/Src/freertos.o
 .rodata.Task02_attributes
                0x0000000008009f44       0x24 ./Core/Src/freertos.o
                0x0000000008009f44                Task02_attributes
 .rodata.Task03_attributes
                0x0000000008009f68       0x24 ./Core/Src/freertos.o
                0x0000000008009f68                Task03_attributes
 .rodata.Task04_attributes
                0x0000000008009f8c       0x24 ./Core/Src/freertos.o
                0x0000000008009f8c                Task04_attributes
 .rodata.defaultTask_attributes
                0x0000000008009fb0       0x24 ./Core/Src/freertos.o
                0x0000000008009fb0                defaultTask_attributes
 .rodata.AHBPrescTable
                0x0000000008009fd4       0x10 ./Core/Src/system_stm32f4xx.o
                0x0000000008009fd4                AHBPrescTable
 .rodata.APBPrescTable
                0x0000000008009fe4        0x8 ./Core/Src/system_stm32f4xx.o
                0x0000000008009fe4                APBPrescTable
 .rodata.flagBitshiftOffset.0
                0x0000000008009fec        0x8 ./Drivers/STM32F4xx_HAL_Driver/Src/stm32f4xx_hal_dma.o
 .rodata.USBD_ManufacturerStrDescriptor.str1.4
                0x0000000008009ff4        0xa ./Middlewares/Third_Party/AL94_USB_Composite/COMPOSITE/App/usbd_desc.o
 *fill*         0x0000000008009ffe        0x2 
 .rodata.USBD_ProductStrDescriptor.str1.4
                0x000000000800a000       0x17 ./Middlewares/Third_Party/AL94_USB_Composite/COMPOSITE/App/usbd_desc.o
 *fill*         0x000000000800a017        0x1 
 .rodata.USBD_ConfigStrDescriptor.str1.4
                0x000000000800a018       0x10 ./Middlewares/Third_Party/AL94_USB_Composite/COMPOSITE/App/usbd_desc.o
 .rodata.USBD_InterfaceStrDescriptor.str1.4
                0x000000000800a028       0x14 ./Middlewares/Third_Party/AL94_USB_Composite/COMPOSITE/App/usbd_desc.o
 .rodata.USBD_COMPOSITE_GetUsrStringDesc.str1.4
                0x000000000800a03c       0x10 ./Middlewares/Third_Party/AL94_USB_Composite/COMPOSITE/Class/COMPOSITE/Src/usbd_composite.o
 .rodata.CSWTCH.28
                0x000000000800a04c        0x4 ./Middlewares/Third_Party/AL94_USB_Composite/COMPOSITE/Target/usbd_conf.o
 .rodata.xTimerCreateTimerTask.str1.4
                0x000000000800a050       0x10 ./Middlewares/Third_Party/FreeRTOS/Source/timers.o
 .rodata._svfprintf_r.str1.1
                0x000000000800a060       0x11 c:/st/stm32cubeide_1.12.1/stm32cubeide/plugins/com.st.stm32cube.ide.mcu.externaltools.gnu-tools-for-stm32.10.3-2021.10.win32_1.0.200.202301161003/tools/bin/../lib/gcc/arm-none-eabi/10.3.1/../../../../arm-none-eabi/lib/thumb/v7e-m+fp/hard\libc_nano.a(lib_a-nano-svfprintf.o)
 .rodata._printf_i.str1.1
                0x000000000800a071       0x22 c:/st/stm32cubeide_1.12.1/stm32cubeide/plugins/com.st.stm32cube.ide.mcu.externaltools.gnu-tools-for-stm32.10.3-2021.10.win32_1.0.200.202301161003/tools/bin/../lib/gcc/arm-none-eabi/10.3.1/../../../../arm-none-eabi/lib/thumb/v7e-m+fp/hard\libc_nano.a(lib_a-nano-vfprintf_i.o)
                0x000000000800a094                . = ALIGN (0x4)
 *fill*         0x000000000800a093        0x1 

.ARM.extab      0x000000000800a094        0x0
                0x000000000800a094                . = ALIGN (0x4)
 *(.ARM.extab* .gnu.linkonce.armextab.*)
                0x000000000800a094                . = ALIGN (0x4)

.ARM            0x000000000800a094        0x8
                0x000000000800a094                . = ALIGN (0x4)
                0x000000000800a094                __exidx_start = .
 *(.ARM.exidx*)
 .ARM.exidx     0x000000000800a094        0x8 c:/st/stm32cubeide_1.12.1/stm32cubeide/plugins/com.st.stm32cube.ide.mcu.externaltools.gnu-tools-for-stm32.10.3-2021.10.win32_1.0.200.202301161003/tools/bin/../lib/gcc/arm-none-eabi/10.3.1/thumb/v7e-m+fp/hard\libgcc.a(_udivmoddi4.o)
                0x000000000800a09c                __exidx_end = .
                0x000000000800a09c                . = ALIGN (0x4)

.rel.dyn        0x000000000800a09c        0x0
 .rel.iplt      0x000000000800a09c        0x0 c:/st/stm32cubeide_1.12.1/stm32cubeide/plugins/com.st.stm32cube.ide.mcu.externaltools.gnu-tools-for-stm32.10.3-2021.10.win32_1.0.200.202301161003/tools/bin/../lib/gcc/arm-none-eabi/10.3.1/thumb/v7e-m+fp/hard/crtbegin.o

.preinit_array  0x000000000800a09c        0x0
                0x000000000800a09c                . = ALIGN (0x4)
                0x000000000800a09c                PROVIDE (__preinit_array_start = .)
 *(.preinit_array*)
                0x000000000800a09c                PROVIDE (__preinit_array_end = .)
                0x000000000800a09c                . = ALIGN (0x4)

.init_array     0x000000000800a09c        0x4
                0x000000000800a09c                . = ALIGN (0x4)
                0x000000000800a09c                PROVIDE (__init_array_start = .)
 *(SORT_BY_NAME(.init_array.*))
 *(.init_array*)
 .init_array    0x000000000800a09c        0x4 c:/st/stm32cubeide_1.12.1/stm32cubeide/plugins/com.st.stm32cube.ide.mcu.externaltools.gnu-tools-for-stm32.10.3-2021.10.win32_1.0.200.202301161003/tools/bin/../lib/gcc/arm-none-eabi/10.3.1/thumb/v7e-m+fp/hard/crtbegin.o
                0x000000000800a0a0                PROVIDE (__init_array_end = .)
                0x000000000800a0a0                . = ALIGN (0x4)

.fini_array     0x000000000800a0a0        0x4
                0x000000000800a0a0                . = ALIGN (0x4)
                [!provide]                        PROVIDE (__fini_array_start = .)
 *(SORT_BY_NAME(.fini_array.*))
 *(.fini_array*)
 .fini_array    0x000000000800a0a0        0x4 c:/st/stm32cubeide_1.12.1/stm32cubeide/plugins/com.st.stm32cube.ide.mcu.externaltools.gnu-tools-for-stm32.10.3-2021.10.win32_1.0.200.202301161003/tools/bin/../lib/gcc/arm-none-eabi/10.3.1/thumb/v7e-m+fp/hard/crtbegin.o
                [!provide]                        PROVIDE (__fini_array_end = .)
                0x000000000800a0a4                . = ALIGN (0x4)
                0x000000000800a0a4                _sidata = LOADADDR (.data)

.data           0x0000000020000000      0x3c0 load address 0x000000000800a0a4
                0x0000000020000000                . = ALIGN (0x4)
                0x0000000020000000                _sdata = .
 *(.data)
 *(.data*)
 .data.CRC_data
                0x0000000020000000        0x2 ./Core/Src/cy8cmbr3116.o
                0x0000000020000000                CRC_data
 *fill*         0x0000000020000002        0x2 
 .data.CY8CMBR3116_configuration
                0x0000000020000004       0x80 ./Core/Src/cy8cmbr3116.o
                0x0000000020000004                CY8CMBR3116_configuration
 .data.KEY_ADDR
                0x0000000020000084       0x10 ./Core/Src/cy8cmbr3116.o
                0x0000000020000084                KEY_ADDR
 .data.key_sheet
                0x0000000020000094       0x23 ./Core/Src/cy8cmbr3116.o
                0x0000000020000094                key_sheet
 .data.key_threshold
                0x00000000200000b7        0x1 ./Core/Src/cy8cmbr3116.o
                0x00000000200000b7                key_threshold
 .data.SystemCoreClock
                0x00000000200000b8        0x4 ./Core/Src/system_stm32f4xx.o
                0x00000000200000b8                SystemCoreClock
 .data.uwTickFreq
                0x00000000200000bc        0x1 ./Drivers/STM32F4xx_HAL_Driver/Src/stm32f4xx_hal.o
                0x00000000200000bc                uwTickFreq
 *fill*         0x00000000200000bd        0x3 
 .data.uwTickPrio
                0x00000000200000c0        0x4 ./Drivers/STM32F4xx_HAL_Driver/Src/stm32f4xx_hal.o
                0x00000000200000c0                uwTickPrio
 .data.USBD_CDC_ACM_fops
                0x00000000200000c4       0x14 ./Middlewares/Third_Party/AL94_USB_Composite/COMPOSITE/App/usbd_cdc_acm_if.o
                0x00000000200000c4                USBD_CDC_ACM_fops
 .data.USBD_Desc
                0x00000000200000d8       0x1c ./Middlewares/Third_Party/AL94_USB_Composite/COMPOSITE/App/usbd_desc.o
                0x00000000200000d8                USBD_Desc
 .data.USBD_DeviceDesc
                0x00000000200000f4       0x12 ./Middlewares/Third_Party/AL94_USB_Composite/COMPOSITE/App/usbd_desc.o
                0x00000000200000f4                USBD_DeviceDesc
 *fill*         0x0000000020000106        0x2 
 .data.USBD_LangIDDesc
                0x0000000020000108        0x4 ./Middlewares/Third_Party/AL94_USB_Composite/COMPOSITE/App/usbd_desc.o
                0x0000000020000108                USBD_LangIDDesc
 .data.USBD_StringSerial
                0x000000002000010c       0x1a ./Middlewares/Third_Party/AL94_USB_Composite/COMPOSITE/App/usbd_desc.o
                0x000000002000010c                USBD_StringSerial
 *fill*         0x0000000020000126        0x2 
 .data.USBD_CDC_ACM
                0x0000000020000128       0x3c ./Middlewares/Third_Party/AL94_USB_Composite/COMPOSITE/Class/CDC_ACM/Src/usbd_cdc_acm.o
                0x0000000020000128                USBD_CDC_ACM
 .data.USBD_CDC_CfgFSDesc
                0x0000000020000164       0xcf ./Middlewares/Third_Party/AL94_USB_Composite/COMPOSITE/Class/CDC_ACM/Src/usbd_cdc_acm.o
 *fill*         0x0000000020000233        0x1 
 .data.USBD_CDC_CfgHSDesc
                0x0000000020000234       0xcf ./Middlewares/Third_Party/AL94_USB_Composite/COMPOSITE/Class/CDC_ACM/Src/usbd_cdc_acm.o
 *fill*         0x0000000020000303        0x1 
 .data.USBD_CDC_DeviceQualifierDesc
                0x0000000020000304        0xa ./Middlewares/Third_Party/AL94_USB_Composite/COMPOSITE/Class/CDC_ACM/Src/usbd_cdc_acm.o
 *fill*         0x000000002000030e        0x2 
 .data.USBD_COMPOSITE
                0x0000000020000310       0x3c ./Middlewares/Third_Party/AL94_USB_Composite/COMPOSITE/Class/COMPOSITE/Src/usbd_composite.o
                0x0000000020000310                USBD_COMPOSITE
 .data.USBD_COMPOSITE_DeviceQualifierDesc
                0x000000002000034c        0xa ./Middlewares/Third_Party/AL94_USB_Composite/COMPOSITE/Class/COMPOSITE/Src/usbd_composite.o
 .data.USBD_Track_String_Index
                0x0000000020000356        0x1 ./Middlewares/Third_Party/AL94_USB_Composite/COMPOSITE/Class/COMPOSITE/Src/usbd_composite.o
                0x0000000020000356                USBD_Track_String_Index
 *fill*         0x0000000020000357        0x1 
 .data.uxCriticalNesting
                0x0000000020000358        0x4 ./Middlewares/Third_Party/FreeRTOS/Source/portable/GCC/ARM_CM4F/port.o
 .data._impure_ptr
                0x000000002000035c        0x4 c:/st/stm32cubeide_1.12.1/stm32cubeide/plugins/com.st.stm32cube.ide.mcu.externaltools.gnu-tools-for-stm32.10.3-2021.10.win32_1.0.200.202301161003/tools/bin/../lib/gcc/arm-none-eabi/10.3.1/../../../../arm-none-eabi/lib/thumb/v7e-m+fp/hard\libc_nano.a(lib_a-impure.o)
                0x000000002000035c                _impure_ptr
 .data.impure_data
                0x0000000020000360       0x60 c:/st/stm32cubeide_1.12.1/stm32cubeide/plugins/com.st.stm32cube.ide.mcu.externaltools.gnu-tools-for-stm32.10.3-2021.10.win32_1.0.200.202301161003/tools/bin/../lib/gcc/arm-none-eabi/10.3.1/../../../../arm-none-eabi/lib/thumb/v7e-m+fp/hard\libc_nano.a(lib_a-impure.o)
 *(.RamFunc)
 *(.RamFunc*)
                0x00000000200003c0                . = ALIGN (0x4)
                0x00000000200003c0                _edata = .

.igot.plt       0x00000000200003c0        0x0 load address 0x000000000800a464
 .igot.plt      0x00000000200003c0        0x0 c:/st/stm32cubeide_1.12.1/stm32cubeide/plugins/com.st.stm32cube.ide.mcu.externaltools.gnu-tools-for-stm32.10.3-2021.10.win32_1.0.200.202301161003/tools/bin/../lib/gcc/arm-none-eabi/10.3.1/thumb/v7e-m+fp/hard/crtbegin.o
                0x00000000200003c0                . = ALIGN (0x4)

.bss            0x00000000200003c0     0x6e58 load address 0x000000000800a464
                0x00000000200003c0                _sbss = .
                0x00000000200003c0                __bss_start__ = _sbss
 *(.bss)
 .bss           0x00000000200003c0       0x1c c:/st/stm32cubeide_1.12.1/stm32cubeide/plugins/com.st.stm32cube.ide.mcu.externaltools.gnu-tools-for-stm32.10.3-2021.10.win32_1.0.200.202301161003/tools/bin/../lib/gcc/arm-none-eabi/10.3.1/thumb/v7e-m+fp/hard/crtbegin.o
 *(.bss*)
 .bss.key_status
                0x00000000200003dc       0x30 ./Core/Src/cy8cmbr3116.o
                0x00000000200003dc                key_status
 .bss.mem_temp  0x000000002000040c        0x1 ./Core/Src/cy8cmbr3116.o
                0x000000002000040c                mem_temp
 *fill*         0x000000002000040d        0x3 
 .bss.hdma_memtomem_dma2_stream0
                0x0000000020000410       0x60 ./Core/Src/dma.o
                0x0000000020000410                hdma_memtomem_dma2_stream0
 .bss.Task02Handle
                0x0000000020000470        0x4 ./Core/Src/freertos.o
                0x0000000020000470                Task02Handle
 .bss.Task03Handle
                0x0000000020000474        0x4 ./Core/Src/freertos.o
                0x0000000020000474                Task03Handle
 .bss.Task04Handle
                0x0000000020000478        0x4 ./Core/Src/freertos.o
                0x0000000020000478                Task04Handle
 .bss.defaultTaskHandle
                0x000000002000047c        0x4 ./Core/Src/freertos.o
                0x000000002000047c                defaultTaskHandle
 .bss.touch_scan_flag
                0x0000000020000480        0x1 ./Core/Src/freertos.o
                0x0000000020000480                touch_scan_flag
 *fill*         0x0000000020000481        0x3 
 .bss.hdma_i2c1_rx
                0x0000000020000484       0x60 ./Core/Src/i2c.o
                0x0000000020000484                hdma_i2c1_rx
 .bss.hdma_i2c3_rx
                0x00000000200004e4       0x60 ./Core/Src/i2c.o
                0x00000000200004e4                hdma_i2c3_rx
 .bss.hi2c1     0x0000000020000544       0x54 ./Core/Src/i2c.o
                0x0000000020000544                hi2c1
 .bss.hi2c2     0x0000000020000598       0x54 ./Core/Src/i2c.o
                0x0000000020000598                hi2c2
 .bss.hi2c3     0x00000000200005ec       0x54 ./Core/Src/i2c.o
                0x00000000200005ec                hi2c3
 .bss.rxBuffer0
                0x0000000020000640       0x40 ./Core/Src/serial.o
                0x0000000020000640                rxBuffer0
 .bss.rxBuffer1
                0x0000000020000680       0x40 ./Core/Src/serial.o
                0x0000000020000680                rxBuffer1
 .bss.rxBuffer2
                0x00000000200006c0       0x40 ./Core/Src/serial.o
                0x00000000200006c0                rxBuffer2
 .bss.rxLen0    0x0000000020000700        0x1 ./Core/Src/serial.o
                0x0000000020000700                rxLen0
 .bss.rxLen1    0x0000000020000701        0x1 ./Core/Src/serial.o
                0x0000000020000701                rxLen1
 .bss.rxLen2    0x0000000020000702        0x1 ./Core/Src/serial.o
                0x0000000020000702                rxLen2